12-04 12:06:28.314  1465  2603 D PackageManager: setEnabledSetting : userId = 0 packageName = com.samsung.android.hmt.vrsvc cmp = com.samsung.android.hmt.vrsvc.receiver.DeviceEventReceiver newState = 1 callingPackage = 1000
12-04 12:06:28.314   980  1511 V audio_hw_primary: out_get_latency: Latency 80
12-04 12:06:28.324   980  1513 V audio_hw_primary: out_get_latency: Latency 8
12-04 12:06:28.324   904   968 V VRSVC   : (UserDockEvent.java:63) AmLH [isSetupWizardComplete=1 mOOBERunning=false]
12-04 12:06:28.324   904   968 V VRSVC   : (UserDockEvent.java:64) AmLH [mTopActivityWhenDock=ComponentInfo{com.samsung.android.hmt.vrsvc/com.samsung.android.hmt.vrsvc.WaitActivity} hybrid2DActivity=true]
12-04 12:06:28.324   904   967 V VRSVC   : (WakeLockControlEvent.java:32) tWfk [acquire vr dock wakelock]
12-04 12:06:28.324   904   904 D ViewRootImpl: #1 mView = android.widget.FrameLayout{a3e46cd V.E...... ......ID 0,0-0,0 #7f0b0031 app:id/mono_layout}
12-04 12:06:28.324   904   989 W AudioTrack: AUDIO_OUTPUT_FLAG_FAST denied by client; transfer 4, track 44100 Hz, output 48000 Hz
12-04 12:06:28.324   904   967 V VRSVC   : (ScreenEvent.java:94) AmLH [send lcd off message... by onDock timeout=10000]
12-04 12:06:28.324   980 17268 W AudioPolicyIntefaceImpl: Skipped to add effects on session 2033
12-04 12:06:28.324   980 17268 I APM::AudioPolicyManager: startOutput() output 4, stream 5, session 2033
12-04 12:06:28.334   980  1513 D audio_hw_primary: out_set_parameters: enter: usecase(1: low-latency-playback) kvpairs: routing=2
12-04 12:06:28.334   980  1513 V audio_hw_primary: out_set_parameters: exit: code(0)
12-04 12:06:28.334   980  1513 D AudioFlinger: setCurDevice() 0x2
12-04 12:06:28.334  1465  2682 D ISSUE_DEBUG: InputChannelName : 6351586 Mono foreground window
12-04 12:06:28.334   904   904 D VRSVC   : (MonoScreenEvent.java:88) yTqX [showMonoBackground]
12-04 12:06:28.344   904   904 D ViewRootImpl: #1 mView = android.widget.FrameLayout{5b87293 V.E...... ......ID 0,0-0,0 #7f0b0031 app:id/mono_layout}
12-04 12:06:28.344   980  1513 I AudioMixer: create resampler src 44100, 2, dst 48000, 2
12-04 12:06:28.344   980  1513 D SoundAliveResampler: [SoundAliveResampler] Init+++
12-04 12:06:28.344   980  1513 D audio_hw_primary: start_output_stream: enter: stream(0xef82a700)usecase(1: low-latency-playback) devices(0x2)
12-04 12:06:28.344   980  1513 V audio_hw_primary: select_devices: usecase(normal)
12-04 12:06:28.344   980  1513 V audio_hw_primary: select_devices: usecase(PCM_PLAYBACK)
12-04 12:06:28.344   980  1513 V msm8974_platform: platform_get_output_snd_device: enter: output devices(0x2)
12-04 12:06:28.344   980  1513 V msm8974_platform: platform_get_output_snd_device: exit: snd_device(speaker)
12-04 12:06:28.344   980  1513 V audio_hw_primary: select_devices: seamless disabled
12-04 12:06:28.344   980  1513 D audio_hw_primary: select_devices: out_snd_device(2: speaker)
12-04 12:06:28.344   980  1513 D audio_hw_primary: select_devices: in_snd_device(0: )
12-04 12:06:28.344   980  1513 V msm8974_platform: platform_check_and_set_codec_backend_cfg: usecase = 1
12-04 12:06:28.344   980  1513 V msm8974_platform: platform_get_backend_index: backend port - 0
12-04 12:06:28.344   980  1513 I msm8974_platform: platform_check_and_set_codec_backend_cfg: Usecase bitwidth 16, samplerate 48000, backend_idx 0
12-04 12:06:28.344   980  1513 V msm8974_platform: platform_get_backend_index: backend port - 0
12-04 12:06:28.344   980  1513 I msm8974_platform: platform_check_codec_backend_cfg: Codec selected backend: 0 current bit width: 16 and sample rate: 48000
12-04 12:06:28.344   980  1513 D msm8974_platform: platform_check_codec_backend_cfg: resetting sample_rate back to default, backend_idx: 0
12-04 12:06:28.344   980  1513 I msm8974_platform: platform_check_codec_backend_cfg Codec selected backend: 0 updated bit width: 16 and sample rate: 48000
12-04 12:06:28.344   980  1513 V msm8974_platform: platform_get_backend_index: backend port - 0
12-04 12:06:28.344   980  1513 D hardware_info: hw_info_append_hw_type : device_name = speaker
12-04 12:06:28.344   980  1513 D audio_hw_primary: enable_snd_device: snd_device(2: speaker)
12-04 12:06:28.344   980  1513 I audio_hw_primary: select_devices Selected apptype: 69937
12-04 12:06:28.344   980  1513 V audio_hw_primary: enable_audio_route: enter: usecase(1)
12-04 12:06:28.344   980  1513 I audio_hw_utils: audio_extn_utils_send_app_type_cfg PLAYBACK app_type 69937, acdb_dev_id 15, sample_rate 48000
12-04 12:06:28.344  1465  2697 D ISSUE_DEBUG: InputChannelName : 9608674 Mono background window
12-04 12:06:28.344   980  1513 V msm8974_platform: platform_send_audio_calibration: sending audio calibration for snd_device(2) acdb_id(15)
12-04 12:06:28.344   980  1513 D ACDB-LOADER: ACDB -> send_audio_cal, acdb_id = 15, path = 0, app id = 0x11131, sample rate = 48000
12-04 12:06:28.344   980  1513 D ACDB-LOADER: ACDB -> send_asm_topology
12-04 12:06:28.344   980  1513 D ACDB-LOADER: ACDB -> ACDB_CMD_GET_AUDPROC_STREAM_TOPOLOGY_ID
12-04 12:06:28.344   980  1513 D ACDB-LOADER: ACDB -> send_adm_topology
12-04 12:06:28.344   980  1513 D ACDB-LOADER: ACDB -> ACDB_CMD_GET_AUDPROC_COMMON_TOPOLOGY_ID
12-04 12:06:28.344   980  1513 D ACDB-LOADER: ACDB -> send_audtable
12-04 12:06:28.344   980  1513 D ACDB-LOADER: ACDB -> ACDB_CMD_GET_AUDPROC_COMMON_TABLE_SIZE
12-04 12:06:28.344   980  1513 D         : ACDBFILE_MGR:Read the devices count as zero, please check the acdb file
12-04 12:06:28.344   980  1513 D         : ACDBFILE_MGR:Read the devices count as zero, please check the acdb file
12-04 12:06:28.344   980  1513 D ACDB-LOADER: ACDB -> ACDB_CMD_GET_AUDPROC_COMMON_TABLE
12-04 12:06:28.344   980  1513 D         : ACDBFILE_MGR:Read the devices count as zero, please check the acdb file
12-04 12:06:28.344   980  1513 D         : ACDBFILE_MGR:Read the devices count as zero, please check the acdb file
12-04 12:06:28.344   980  1513 D ACDB-LOADER: ACDB -> AUDIO_SET_AUDPROC_CAL
12-04 12:06:28.344   980  1513 D ACDB-LOADER: ACDB -> send_audvoltable
12-04 12:06:28.344   980  1513 D ACDB-LOADER: ACDB -> ACDB_CMD_GET_AUDPROC_GAIN_DEP_STEP_TABLE, vol index 0
12-04 12:06:28.344   980  1513 D         : ACDBFILE_MGR:Read the devices count as zero, please check the acdb file
12-04 12:06:28.344   980  1513 D         : ACDBFILE_MGR:Read the devices count as zero, please check the acdb file
12-04 12:06:28.344   980  1513 D ACDB-LOADER: ACDB -> AUDIO_SET_VOL_CAL cal type = 12
12-04 12:06:28.344   980  1513 D ACDB-LOADER: ACDB -> send_audstrmtable
12-04 12:06:28.344   980  1513 D ACDB-LOADER: ACDB -> ACDB_CMD_GET_AUDPROC_STREAM_TABLE_V2
12-04 12:06:28.344   980  1513 D ACDB-LOADER: ACDB -> audstrm_cal->cal_type.cal_data.cal_size = 4160
12-04 12:06:28.344   980  1513 D ACDB-LOADER: ACDB -> send_afe_topology
12-04 12:06:28.344   980  1513 D ACDB-LOADER: ACDB -> ACDB_CMD_GET_AFE_TOPOLOGY_ID
12-04 12:06:28.344   980  1513 D ACDB-LOADER: ACDB -> GET_AFE_TOPOLOGY_ID for adcd_id 15, Topology Id 10001061
12-04 12:06:28.344   980  1513 D ACDB-LOADER: ACDB -> send_afe_cal
12-04 12:06:28.344   980  1513 D ACDB-LOADER: ACDB -> ACDB_CMD_GET_AFE_COMMON_TABLE
12-04 12:06:28.344   980  1513 D         : ACDBFILE_MGR:Read the devices count as zero, please check the acdb file
12-04 12:06:28.344   980  1513 D         : ACDBFILE_MGR:Read the devices count as zero, please check the acdb file
12-04 12:06:28.344   980  1513 D ACDB-LOADER: ACDB -> AUDIO_SET_AFE_CAL
12-04 12:06:28.344   980  1513 D ACDB-LOADER: ACDB -> send_hw_delay : acdb_id = 15 path = 0
12-04 12:06:28.344   980  1513 D ACDB-LOADER: ACDB -> ACDB_AVSYNC_INFO: ACDB_CMD_GET_DEVICE_PROPERTY
12-04 12:06:28.344   980  1513 D audio_hw_primary: enable_audio_route: apply mixer and update path: low-latency-playback speaker
12-04 12:06:28.344   980  1513 D audio_route: Setting mixer control: PRI_MI2S_RX Audio Mixer MultiMedia5, value: 1
12-04 12:06:28.344   980  1513 V audio_hw_primary: enable_audio_route: exit
12-04 12:06:28.344   980  1513 V audio_hw_primary: [MAXIM] dsm_spkr_prot_control_tx_topology() enable:1, dsm_is_enabled:0
12-04 12:06:28.344   980  1513 D hardware_info: hw_info_append_hw_type : device_name = vi-feedback
12-04 12:06:28.344   980  1513 D audio_hw_primary: enable_snd_device: snd_device(445: vi-feedback)
12-04 12:06:28.344   980  1513 V audio_hw_primary: enable_audio_route: enter: usecase(42)
12-04 12:06:28.344   980  1513 I audio_hw_utils: audio_extn_utils_send_app_type_cfg CAPTURE app_type 69936, acdb_dev_id 102, sample_rate 48000
12-04 12:06:28.344   980  1513 V msm8974_platform: platform_send_audio_calibration: sending audio calibration for snd_device(445) acdb_id(102)
12-04 12:06:28.344   980  1513 D ACDB-LOADER: ACDB -> send_audio_cal, acdb_id = 102, path = 1, app id = 0x11130, sample rate = 48000
12-04 12:06:28.344   980  1513 D ACDB-LOADER: ACDB -> send_asm_topology
12-04 12:06:28.344   980  1513 D ACDB-LOADER: ACDB -> ACDB_CMD_GET_AUDPROC_STREAM_TOPOLOGY_ID
12-04 12:06:28.344   980  1513 D ACDB-LOADER: ACDB -> send_adm_topology
12-04 12:06:28.344   980  1513 D ACDB-LOADER: ACDB -> ACDB_CMD_GET_AUDPROC_COMMON_TOPOLOGY_ID
12-04 12:06:28.344   980  1513 D ACDB-LOADER: ACDB -> send_audtable
12-04 12:06:28.344   980  1513 D ACDB-LOADER: ACDB -> ACDB_CMD_GET_AUDPROC_COMMON_TABLE_SIZE
12-04 12:06:28.344   980  1513 D         : ACDBFILE_MGR:Read the devices count as zero, please check the acdb file
12-04 12:06:28.344   980  1513 D         : ACDBFILE_MGR:Read the devices count as zero, please check the acdb file
12-04 12:06:28.344   980  1513 D ACDB-LOADER: ACDB -> ACDB_CMD_GET_AUDPROC_COMMON_TABLE
12-04 12:06:28.344   980  1513 D         : ACDBFILE_MGR:Read the devices count as zero, please check the acdb file
12-04 12:06:28.344   980  1513 D         : ACDBFILE_MGR:Read the devices count as zero, please check the acdb file
12-04 12:06:28.344   980  1513 D ACDB-LOADER: ACDB -> AUDIO_SET_AUDPROC_CAL
12-04 12:06:28.344   980  1513 D ACDB-LOADER: ACDB -> send_audvoltable
12-04 12:06:28.344   980  1513 D ACDB-LOADER: ACDB -> ACDB_CMD_GET_AUDPROC_GAIN_DEP_STEP_TABLE, vol index 0
12-04 12:06:28.344   980  1513 D         : ACDBFILE_MGR:Read the devices count as zero, please check the acdb file
12-04 12:06:28.344   980  1513 D         : ACDBFILE_MGR:Read the devices count as zero, please check the acdb file
12-04 12:06:28.344   980  1513 D         : Failed to fetch the lookup information of the device 00000066 
12-04 12:06:28.344   980  1513 E ACDB-LOADER: Error: ACDB AudProc vol returned = -19
12-04 12:06:28.344   980  1513 D ACDB-LOADER: ACDB -> AUDIO_SET_VOL_CAL cal type = 12
12-04 12:06:28.344   980  1513 D ACDB-LOADER: ACDB -> send_audstrmtable
12-04 12:06:28.344   980  1513 D ACDB-LOADER: ACDB -> ACDB_CMD_GET_AUDPROC_STREAM_TABLE_V2
12-04 12:06:28.344   980  1513 D ACDB-LOADER: ACDB -> audstrm_cal->cal_type.cal_data.cal_size = 4160
12-04 12:06:28.344   980  1513 D ACDB-LOADER: ACDB -> send_afe_topology
12-04 12:06:28.344   980  1513 D ACDB-LOADER: ACDB -> ACDB_CMD_GET_AFE_TOPOLOGY_ID
12-04 12:06:28.344   980  1513 D ACDB-LOADER: ACDB -> GET_AFE_TOPOLOGY_ID for adcd_id 102, Topology Id 10001060
12-04 12:06:28.344   980  1513 D ACDB-LOADER: ACDB -> send_afe_cal
12-04 12:06:28.344   980  1513 D ACDB-LOADER: ACDB -> ACDB_CMD_GET_AFE_COMMON_TABLE
12-04 12:06:28.344   980  1513 D         : ACDBFILE_MGR:Read the devices count as zero, please check the acdb file
12-04 12:06:28.344   980  1513 D         : ACDBFILE_MGR:Read the devices count as zero, please check the acdb file
12-04 12:06:28.344   980  1513 D ACDB-LOADER: ACDB -> AUDIO_SET_AFE_CAL
12-04 12:06:28.344   980  1513 D ACDB-LOADER: ACDB -> send_hw_delay : acdb_id = 102 path = 1
12-04 12:06:28.344   980  1513 D ACDB-LOADER: ACDB -> ACDB_AVSYNC_INFO: ACDB_CMD_GET_DEVICE_PROPERTY
12-04 12:06:28.344   980  1513 D audio_hw_primary: enable_audio_route: apply mixer and update path: spkr-vi-feedback
12-04 12:06:28.344   980  1513 D audio_route: Setting mixer control: MultiMedia2 Mixer PRI_MI2S_TX, value: 1
12-04 12:06:28.354   980  1513 V audio_hw_primary: enable_audio_route: exit
12-04 12:06:28.354   639   639 I SurfaceFlinger: id=4206 createSurf (1440x2560),1 flag=404, Nono foregr
12-04 12:06:28.384   980  1513 V audio_hw_primary: [MAXIM] dsm_spkr_prot_control_tx_topology() dsm enabled (c:0 d:1 m:0)
12-04 12:06:28.384   980  1513 D audio_hw_primary: select_devices: done
12-04 12:06:28.384   980  1513 V audio_hw_primary: start_output_stream: Opening PCM device card_id(0) device_id(15) format(0)
12-04 12:06:28.384   980  1513 V msm8974_platform: platform_set_channel_map channel_count:2
12-04 12:06:28.384   980  1513 D msm8974_platform: platform_set_channel_map mixer_ctl_name:Playback Channel Map15
12-04 12:06:28.384   980  1513 D msm8974_platform: platform_set_channel_map: set mapping(1 2 0 0 0 0 0 0) for channel:2
12-04 12:06:28.384   980  1513 V audio_hw_primary: start_output_stream: pcm_prepare
12-04 12:06:28.394   639   639 I SurfaceFlinger: id=4207 createSurf (1440x2560),1 flag=404, Nono backgr
12-04 12:06:28.414   980  1513 D audio_hw_primary: start_output_stream: exit
12-04 12:06:28.444   904   966 D VRSVC   : (LogEvent.java:48) AmLH [OnDeviceEvent onDock topActivity=com.samsung.android.hmt.vrsvc/.WaitActivity hmtConnected=true]
12-04 12:06:28.444   904   966 V VRSVC   : (VRModeEvent.java:21) yTqX [setVRMode enable=true]
12-04 12:06:28.444   904   965 D VRSVC   : (KillBackgroundProcessEvent.java:25) yTqX [killBackgroundProcesses]
12-04 12:06:28.444   904   965 D VRSVC   : (Util.java:326) yTqX [killBackgroundProcess ignored. packageName=com.samsung.android.hmt.vrsvc isVRApplication=true]
12-04 12:06:28.454   904   965 D VRSVC   : (Util.java:321) yTqX [killBackgroundProcess request. packageName=com.android.settings isVRApplication=false]
12-04 12:06:28.454 29845 30043 V VRManagerServer: (VRManagerService.java:1529) wtkw [hmt_on=0 hmt_bright=180]
12-04 12:06:28.454 29845 30043 V VRManagerServer: (VRManagerService.java:913) wtkw [setCoreMinlock :  (0)]
12-04 12:06:28.454 29845 30043 V VRManagerServer: (VRManagerService.java:1553) wtkw [setVRMode enable=true]
12-04 12:06:28.454 29845 29845 V VRManagerServer: (VRManagerService.java:323) handleMessage [handleMessage() what=1]
12-04 12:06:28.454 29845 29845 V VRManagerServer: (VRManagerService.java:1559) vqCz [handleVRMode enable=true]
12-04 12:06:28.454   904   968 I VRSVC   : (UserDockEvent.java:106) AmLH [start MonoActivity ignored!. vrActivityMode=none]
12-04 12:06:28.454   904   968 V VRSVC   : (Util.java:1697) wtkw [updateSurfaceComposer value=1]
12-04 12:06:28.454   904   967 V VRSVC   : (SFinderDisableEvent.java:48) BRMq [SFinderPackageRecoverableItem getValue=2]
12-04 12:06:28.454   904   967 D VRSVC   : (SFinderDisableEvent.java:21) yTqX [startVR ignored! (sfinder_package) unchanged. (value=2 prevValue=1,currentValue=2 type=sfinderdisable)]
12-04 12:06:28.454   904   904 D ViewRootImpl: MSG_RESIZED_REPORT: ci=Rect(0, 0 - 0, 0) vi=Rect(0, 0 - 0, 0) or=1
12-04 12:06:28.464 29845 29856 V VRManagerServer: (VRManagerService.java:1301) wtkw [setSystemOption option=inflight value=2]
12-04 12:06:28.464 29845 29856 W VRManagerServer: (VRManagerService.java:1315) wtkw [set inflight ignored. hardware=qcom]
12-04 12:06:28.464   904   965 D VRSVC   : (Util.java:321) yTqX [killBackgroundProcess request. packageName=com.samsung.android.email.provider isVRApplication=false]
12-04 12:06:28.464   904   967 V VRSVC   : (Util.java:963) Qxpw [updateAdrenoConfig data=InitialNumBinsPerSubmit=0]
12-04 12:06:28.464   904   967 V VRSVC   : (Util.java:963) Qxpw [0x3045d4c0=FALSE]
12-04 12:06:28.474   904   967 W VRSVC   : (Util.java:977) Qxpw [configDir created!]
12-04 12:06:28.474   904   967 V VRSVC   : (Util.java:988) Qxpw [configFile updated! InitialNumBinsPerSubmit=0]
12-04 12:06:28.474   904   967 V VRSVC   : (Util.java:988) Qxpw [0x3045d4c0=FALSE]
12-04 12:06:28.484   639   639 D libEGL  : eglInitialize EGLDisplay = 0x7fe54c6008
12-04 12:06:28.484  1465  2603 V WindowStateAnimator: Finishing drawing window Window{6351586 u0 d0 Mono foreground window}: mDrawState=DRAW_PENDING
12-04 12:06:28.484   904   966 D VRSVC   : (SystemQuickLaunchControlEvent.java:24) yTqX [startVR ignored! (double_tab_launch) unchanged. (value=0 prevValue=1,currentValue=0 type=Settings.System)]
12-04 12:06:28.484   904   966 V VRSVC   : (KeyguardControlEvent.java:91) yTqX [isSecureKeyGuardLocked isKeyguardSecure=true isKeyguardLocked=false]
12-04 12:06:28.494   904   966 V VRSVC   : (KeyguardControlEvent.java:91) wtkw [isNormalKeyGuardLocked isKeyguardSecure=true isKeyguardLocked=false]
12-04 12:06:28.494   904   968 D VRSVC   : (MotionOverTurnEvent.java:26) yTqX [startVR ignored! (motion_overturn) unchanged. (value=0 prevValue=1,currentValue=0 type=Settings.System)]
12-04 12:06:28.494   904   966 V VRSVC   : (KeyguardControlEvent.java:91) AmLH [isSecureKeyguardLocked=false isNormalKeyguardLocked=false]
12-04 12:06:28.494  1465  2549 V WindowStateAnimator: Finishing drawing window Window{9608674 u0 d0 Mono background window}: mDrawState=DRAW_PENDING
12-04 12:06:28.494   904   904 D ViewRootImpl: MSG_RESIZED_REPORT: ci=Rect(0, 0 - 0, 0) vi=Rect(0, 0 - 0, 0) or=1
12-04 12:06:28.494 29845 29845 V VRManagerServer: (VRManagerService.java:1694) ZzLN [updateComfortableView enable=false]
12-04 12:06:28.494   639   639 D libEGL  : eglInitialize EGLDisplay = 0x7fe54c6008
12-04 12:06:28.504   904   968 V VRSVC   : (HmtSensorEvent.java:249) yTqX [requestInit()]
12-04 12:06:28.504   904   968 V VRSVC   : (HmtSensorEvent.java:280) wtkw [mSensorHandler=null ignored.]
12-04 12:06:28.504  2279  2375 D vol.VolumeDialogControl: onReceive ACTION_CLOSE_SYSTEM_DIALOGS
12-04 12:06:28.504   904   968 V VRSVC   : (HmtSensorEvent.java:288) wtkw [mSensorLooper=null ignored.]
12-04 12:06:28.504   904   965 D VRSVC   : (Util.java:321) yTqX [killBackgroundProcess request. packageName=com.potente.apk.installer isVRApplication=false]
12-04 12:06:28.504   904   967 V VRSVC   : (BootReceverControlEvent.java:35) AmLH [boot receiver enabled!]
12-04 12:06:28.504  1465  2321 D PackageManager: setEnabledSetting : userId = 0 packageName = com.samsung.android.hmt.vrsvc cmp = com.samsung.android.hmt.vrsvc.receiver.BootReceiver newState = 1 callingPackage = 1000
12-04 12:06:28.504 29845 29845 V VRManagerServer: (VRManagerService.java:1645) snDW [updateColorTemperature value=4]
12-04 12:06:28.514  1465  2697 V WindowStateAnimator: Finishing drawing window Window{9608674 u0 d0 Mono background window}: mDrawState=HAS_DRAWN
12-04 12:06:28.514   904   965 D VRSVC   : (Util.java:321) yTqX [killBackgroundProcess request. packageName=com.android.chrome isVRApplication=false]
12-04 12:06:28.514 29845 29845 V VRManagerServer: (VRManagerService.java:1727) IOpR [updateLowPersistence enable=true]
12-04 12:06:28.514 29845 29845 W VRManagerServer: (VRManagerService.java:1737) IOpR [/sys/class/lcd/panel/hmt_low_persistence doesn't exist. updateLowPersistence ignored]
12-04 12:06:28.514 29845 29845 V VRManagerServer: (VRManagerService.java:1611) vqCz [updateBright value=180]
12-04 12:06:28.524   904   968 V VRSVC   : (SensorModule.java:42) yTqX [SensorModule initialize SensorModule ver=2 ABI=arm64-v8a]
12-04 12:06:28.524  1465  1772 D PackageManager: [MSG] WRITE_PACKAGE_RESTRICTIONS
12-04 12:06:28.544  1465  1772 W System.err: remove failed: ENOENT (No such file or directory) : /data/system/users/0/package-restrictions.xml.bak
12-04 12:06:28.544   904   965 D VRSVC   : (Util.java:321) yTqX [killBackgroundProcess request. packageName=com.android.contacts isVRApplication=false]
12-04 12:06:28.554  1465  1718 W CAE     : setCAProperty(ContextAwareService.java:578) - [setProperty 01] Mutex is locked for AUTO_BRIGHTNESS
12-04 12:06:28.564  1465  1718 I CAE     : setPropertyValue(AutoBrightnessRunner.java:129) - Mode = 2
12-04 12:06:28.564  1465  1718 I CAE     : sendCmdToSensorHub(SensorHubCommManager.java:162) - -63, 23, 48, 1, 2,
12-04 12:06:28.564  1465  1718 D SensorHubManager: SendSensorHubData: send data = -63, 23, 48, 1, 2
12-04 12:06:28.564   992 21687 E qti_sensorhub_hal: TEST SS_AUTO_BRIGHTNESS 5 c1
12-04 12:06:28.564   992 21687 I qti_sensorhub_hal: AutoBrightness sendUserData: svc_num: 70, msg_id:20, msg_size: 488, txn_id: 0
12-04 12:06:28.564   904   968 D VRSVC   : (AccessibilityEvent.java:47) yTqX [startVR (enabled_accessibility_services) changed. [null->null] (value=null prevValue=null currentValue=null type=Settings.Secure)]
12-04 12:06:28.564   992  1213 I qti_sensorhub_hal: SS_AUTO_BRIGHTNESS_UPDATE_RESP_V01
12-04 12:06:28.574   904   965 D VRSVC   : (Util.java:321) yTqX [killBackgroundProcess request. packageName=com.android.vending isVRApplication=false]
12-04 12:06:28.574   992 21687 I qti_sensorhub_hal: sendUserData: Received response: 0
12-04 12:06:28.574   992  1213 I qti_sensorhub_hal: processInd: SNS_SS_AUTO_BRIGHTNESS_REPORT_IND_V01 40 0 1685210911
12-04 12:06:28.574   639   672 D libEGL  : eglTerminate EGLDisplay = 0x7f7cdc0ea8
12-04 12:06:28.574   639   672 D libEGL  : eglTerminate EGLDisplay = 0x7f7cdc0ea8
12-04 12:06:28.574  1465  2124 D SensorHubManager: onGetSensorHubDataLocked: library(11) = 1, 1, 48, 0, 0, 0, 40, 0, 0, 0, 0
12-04 12:06:28.574  1465  2123 D CAE     : onGetSensorHubData(SensorHubParserProvider.java:92) - onGetSensorHubData Event [event buffer len :11], AP_WAKEUP
12-04 12:06:28.574  1465  2123 I CAE     : parse(SensorHubParserProvider.java:188) - buffer size = 11
12-04 12:06:28.574  1465  2123 I CAE     : parse(SensorHubParserProvider.java:199) - 1, 1, 48, 0, 0, 0, 40, 0, 0, 0, 0,
12-04 12:06:28.574  1465  2123 D CAE     : display(ContextProvider.java:375) - ================= AUTO_BRIGHTNESS =================
12-04 12:06:28.574  1465  2123 I CAE     : display(ContextProvider.java:391) - Candela=[40], AmbientLux=[0]
12-04 12:06:28.574  1465  2126 D SContextService: updateSContext() : event = Auto Brightness
12-04 12:06:28.574  2361  2361 D ViewRootImpl: #3 mView = null
12-04 12:06:28.574  1465  1718 I CAE     : setCAProperty(ContextAwareService.java:583) - result : true
12-04 12:06:28.574  1465  1718 W CAE     : setCAProperty(ContextAwareService.java:584) - [setProperty 02] Mutex is unlocked for AUTO_BRIGHTNESS
12-04 12:06:28.574  1465  1718 D SContext.CaeProvider: setAttribute() : 2
12-04 12:06:28.574   639  2750 I SurfaceFlinger: id=4187 Removed DenterBar 0 (6/16)
12-04 12:06:28.574   639  2750 I SurfaceFlinger: id=4187 Removed DenterBar 0 (-2/16)
12-04 12:06:28.574   904   965 D VRSVC   : (Util.java:321) yTqX [killBackgroundProcess request. packageName=com.audible.application isVRApplication=false]
12-04 12:06:28.584  1465  2245 D SContextService: unregisterCallback() : Listener = android.hardware.scontext.SContextService$Listener@8bc5546, Service = Auto Brightness, used = 0
12-04 12:06:28.584  1465  2245 W CAE     : unregisterCallback(ContextAwareService.java:206) - [unregi 01] Mutex is locked for AUTO_BRIGHTNESS
12-04 12:06:28.584  1465  2245 V CAE     : stop(ContextProvider.java:155)
12-04 12:06:28.584  1465  2245 V CAE     : clear(AutoBrightnessRunner.java:297)
12-04 12:06:28.584  1465  2245 V CAE     : disable(AutoBrightnessRunner.java:286)
12-04 12:06:28.584  1465  2245 I CAE     : sendCmdToSensorHub(SensorHubCommManager.java:162) - -78, 48, 0, 0,
12-04 12:06:28.584  1465  2245 D SensorHubManager: SendSensorHubData: send data = -78, 48, 0, 0
12-04 12:06:28.584   639   639 D libEGL  : eglTerminate EGLDisplay = 0x7fe54c6108
12-04 12:06:28.584  2361  2361 D ViewRootImpl: #3 mView = null
12-04 12:06:28.584   992 27735 E qti_sensorhub_hal: TEST SS_AUTO_BRIGHTNESS 4 b2
12-04 12:06:28.584   992 27735 I qti_sensorhub_hal: enable: handle=12
12-04 12:06:28.584   992 27735 E qti_sensorhub_hal: enable: Disabling sensor handle=12
12-04 12:06:28.584   904   967 D VRSVC   : (BrightControlEvent.java:20) yTqX [startVR (screen_brightness_mode) changed. [1->0] (value=0 prevValue=1 currentValue=1 type=Settings.System)]
12-04 12:06:28.594   904   965 D VRSVC   : (Util.java:321) yTqX [killBackgroundProcess request. packageName=com.kpicture.ppv isVRApplication=false]
12-04 12:06:28.594  2361  2361 I Sally Service: onDestroy() : com.android.systemui.multiwindow.centerbarwindow.CenterBarWindowService@4f14672
12-04 12:06:28.594   992  1213 I qti_sensorhub_hal: SS_AUTO_BRIGHTNESS_CANCEL_RESP
12-04 12:06:28.594   904   968 D VRSVC   : (AccessibilityEvent.java:48) yTqX [startVR ignored! (accessibility_enabled) unchanged. (value=0 prevValue=0,currentValue=0 type=Settings.Secure)]
12-04 12:06:28.594   904   968 V VRSVC   : (NotificationControlEvent.java:43) AmLH [enable notification listener]
12-04 12:06:28.594  2279  2279 D vol.SecVolumeDialog: dismissH reason: 2
12-04 12:06:28.594  2279  2279 D vol.SecVolumeDialog: dismissH : false
12-04 12:06:28.594  2279  2279 D LocationTile: onReceive : android.intent.action.CLOSE_SYSTEM_DIALOGS
12-04 12:06:28.594  2279  2279 D AirplaneModeTile: onReceive : android.intent.action.CLOSE_SYSTEM_DIALOGS
12-04 12:06:28.594  2279  2279 D AodTile : onReceive : android.intent.action.CLOSE_SYSTEM_DIALOGS
12-04 12:06:28.594  2279  2279 D PhoneStatusBar: animateCollapsePanels, state: 0, QSexpanded: false, QSdetailsShowing: false
12-04 12:06:28.594  2279  2279 D PhoneStatusBar: animateCollapse(): mExpandedVisible=false flags=0
12-04 12:06:28.594  2279  2279 D StatusBar-Window: fnf=true sanc=false, kni=false, sbf=false
12-04 12:06:28.594  2279  2279 D CoverUI : applyFocusableFlag() : Remove SAMSUNG_FLAG_SVIEW_COVER
12-04 12:06:28.594  2279  2279 D StatusBarWindowManager: forceCollapsed : false isKeyguardShowingAndNotOccluded() : false panelVisible : false keyguardFadingAway : false bouncerShowing : false headsUpShowing : false
12-04 12:06:28.594  2279  2279 D CoverUI : applyHeight h = 96, oc = false, fa = false, ac = false, sc = false
12-04 12:06:28.594   904   968 V VRSVC   : (NotificationControlEvent.java:45) yTqX [enableNotificationListener getComponentEnabledSetting=2]
12-04 12:06:28.594   904   965 D VRSVC   : (Util.java:321) yTqX [killBackgroundProcess request. packageName=com.leapmotion.leapdaemon isVRApplication=false]
12-04 12:06:28.594  1465  2549 D PackageManager: setEnabledSetting : userId = 0 packageName = com.samsung.android.hmt.vrsvc cmp = com.samsung.android.hmt.vrsvc.service.NotificationListener newState = 1 callingPackage = 1000
12-04 12:06:28.594  2279  2279 D PanelView: updateQsState
12-04 12:06:28.594   904   966 D VRSVC   : (KeyguardControlEvent.java:112) yTqX [startVR (lock_screen_lock_after_timeout) changed. [60000->86400000] (value=86400000 prevValue=0 currentValue=60000 type=Settings.Secure)]
12-04 12:06:28.594  2279  2279 D KeyguardSwipeHelper: reset()
12-04 12:06:28.594  2279  2279 D KeyguardUnlockEventHandler: reset()
12-04 12:06:28.594  2279  2279 D KeyguardSwipeHelper: resetChildViewVI()
12-04 12:06:28.594  1465  2246 D lights  : lcd : 92 +
12-04 12:06:28.594  1465  2246 D lights  : lcd : 92 -
12-04 12:06:28.604   904   968 V VRSVC   : (MousePointEvent.java:24) AmLH [OPTION_MOUSE_CONTROL_TYPE=2]
12-04 12:06:28.604  1465  2213 D MediaFocusControl: onReevaluateRemoteControlDisplays()
12-04 12:06:28.604  1465  2245 D CAE     : getFaultDetectionResult(AutoBrightnessRunner.java:311) - true
12-04 12:06:28.604  1465  2245 I CAE     : notifyCmdProcessResultObserver(ContextProvider.java:627) - CheckResult = 0, Cause = Success
12-04 12:06:28.604   904   965 D VRSVC   : (Util.java:321) yTqX [killBackgroundProcess request. packageName=com.google.android.youtube isVRApplication=false]
12-04 12:06:28.604  1465  2134 I InputReader: Reconfiguring input devices.  changes=0x01000000
12-04 12:06:28.614   904   967 V VRSVC   : (BluetoothControlEvent.java:272) QdBd [setBluetoothBVRAAllow=0]
12-04 12:06:28.614   904   965 D VRSVC   : (Util.java:321) yTqX [killBackgroundProcess request. packageName=com.google.android.talk isVRApplication=false]
12-04 12:06:28.614   904   966 D VRSVC   : (KeyguardControlEvent.java:113) yTqX [startVR ignored! (power_button_instantly_locks) unchanged. (value=true prevValue=true,currentValue=true type=lockPatternUtil)]
12-04 12:06:28.614   904   966 V VRSVC   : (KeyguardControlEvent.java:117) AmLH [send disable keyguard 5000ms..]
12-04 12:06:28.614  1465  2245 D CAE     : doCommendProcess(ContextAwareService.java:433) - complete notify the operation result.
12-04 12:06:28.614  1465  2245 I CAE     : displayUsedCountForService(ContextAwareService.java:525) - totalCnt = 0, serviceCount = 0, subCollectionCount = 0
12-04 12:06:28.614  1465  2245 D CAE     : showListenerList(ContextAwareService.java:366) - ===== Context Aware Service List =====
12-04 12:06:28.614  1465  2245 I CAE     : showListenerList(ContextAwareService.java:375) - Listener : com.samsung.android.contextaware.manager.ContextAwareService$Listener@59502b6, Service : ACTIVITY_TRACKER_CURRENT_INFO(1)
12-04 12:06:28.614  1465  2245 I CAE     : showListenerList(ContextAwareService.java:375) - Listener : com.samsung.android.contextaware.manager.ContextAwareService$Listener@59502b6, Service : ACTIVITY_TRACKER(1)
12-04 12:06:28.614  1465  2245 I CAE     : showListenerList(ContextAwareService.java:375) - Listener : com.samsung.android.contextaware.manager.ContextAwareService$Listener@de6f6bf, Service : ANY_MOTION_DETECTOR_RUNNER(1)
12-04 12:06:28.614  1465  2245 I CAE     : showListenerList(ContextAwareService.java:375) - Listener : com.samsung.android.contextaware.manager.ContextAwareService$Listener@a9da7d6, Service : AUTO_ROTATION(1)
12-04 12:06:28.614  1465  2245 W CAE     : unregisterCallback(ContextAwareService.java:241) - [unregi 02] Mutex is unlocked for AUTO_BRIGHTNESS
12-04 12:06:28.614  1465  2245 D SContextService: 	.unregisterCallback : 4, client=
12-04 12:06:28.614  1465  2245 D SContextService: ===== SContext Service List =====
12-04 12:06:28.614  1465  2245 D SContextService: Listener : android.hardware.scontext.SContextService$Listener@13f718c, Service : Any Motion Detector
12-04 12:06:28.614  1465  2245 D SContextService: Listener : android.hardware.scontext.SContextService$Listener@3c7da57, Service : Auto Rotation
12-04 12:06:28.614  1465  2245 D SContextService: Listener : android.hardware.scontext.SContextService$Listener@7b7106a, Service : Activity Tracker
12-04 12:06:28.614  1465  2246 D lights  : lcd : 58 +
12-04 12:06:28.614  1465  2246 D lights  : lcd : 58 -
12-04 12:06:28.614  1465  2245 D SContextManager:   .unregisterListener : listener = com.android.server.display.AutomaticBrightnessController$6@85cf1c0, service=Auto Brightness
12-04 12:06:28.614   904   967 D BluetoothHeadset: getFeatureSettings(400) called by PID : 904 @ com.samsung.android.hmt.vrsvc
12-04 12:06:28.624   904   965 D VRSVC   : (Util.java:321) yTqX [killBackgroundProcess request. packageName=com.oculus.horizon isVRApplication=false]
12-04 12:06:28.634   904   968 W         : Unable to open '/system/framework/dpmapi.jar': No such file or directory
12-04 12:06:28.634   904   968 W art     : Failed to open zip archive '/system/framework/dpmapi.jar': I/O Error
12-04 12:06:28.634  1465  2246 D lights  : lcd : 25 +
12-04 12:06:28.634  1465  2246 D lights  : lcd : 25 -
12-04 12:06:28.634   904   904 V VRSVC   : (NotificationListener.java:17) onCreate [onCreate()]
12-04 12:06:28.644  2279  2574 D AodTile : aod_mode changed : 0
12-04 12:06:28.644  2279  2574 D AodTile :  ExclusiveFeature getCount = 0
12-04 12:06:28.654  1465  2246 D lights  : lcd : 0 +
12-04 12:06:28.654  1465  2246 D lights  : lcd : 0 -
12-04 12:06:28.654   904   968 W         : Unable to open '/system/framework/dpmapi.jar': No such file or directory
12-04 12:06:28.654   904   968 W art     : Failed to open zip archive '/system/framework/dpmapi.jar': I/O Error
12-04 12:06:28.654   904   904 V VRSVC   : (SystemVolumeControlEvent.java:128) onChange [onChange uri=content://settings/system/aod_mode selfChange=false pathSegments=[system, aod_mode]]
12-04 12:06:28.654   904   965 D VRSVC   : (Util.java:326) yTqX [killBackgroundProcess ignored. packageName=com.samsung.android.app.vrsetupwizard isVRApplication=true]
12-04 12:06:28.654   904   965 D VRSVC   : (Util.java:321) yTqX [killBackgroundProcess request. packageName=com.skype.raider isVRApplication=false]
12-04 12:06:28.654   904   966 D VRSVC   : (TouchControlEvent.java:44) yTqX [startVR (aod_mode) changed. [1->0] (value=0 prevValue=1 currentValue=1 type=Settings.System)]
12-04 12:06:28.654   904   965 D VRSVC   : (Util.java:321) yTqX [killBackgroundProcess request. packageName=com.android.mms isVRApplication=false]
12-04 12:06:28.654  2279  2279 V StatusBar.BrightnessController: BRIGHTNESS_MODE_URI changed
12-04 12:06:28.664  2279  2279 V ToggleSlider: ToggleSlider onCheckedChanged=  falsetoggleandroid.widget.CheckBox{7368481 VFED..C.. ......ID 0,0-128,128 #7f0e02c9 app:id/toggle}
12-04 12:06:28.664  2279  2279 V ToggleSlider: ToggleSlider onCheckedChanged=  falsetoggleandroid.widget.CheckBox{f88c1e8 VFED..... ......ID 0,0-128,128 #7f0e02c9 app:id/toggle}
12-04 12:06:28.664  2279  2279 V StatusBar.BrightnessController: updateMode  autobrightness is  false
12-04 12:06:28.664  2279  2279 V StatusBar.BrightnessController: updateSlider = 0
12-04 12:06:28.664 26621 26660 I DynRingVolController: reverting to original ringer.
12-04 12:06:28.674   904   965 V VRSVC   : (Util.java:330) yTqX [killBackgroundProcesses elapsedTime=228]
12-04 12:06:28.684   904   904 D VRSVC   : (SamsungDiagnosticEvent.java:294) onReceive [intent action=android.intent.action.BATTERY_CHANGED isInitialStickyBroadcast=true]
12-04 12:06:28.684   904   966 D VRSVC   : (TouchControlEvent.java:45) yTqX [startVR ignored! (aod_night_mode) unchanged. (value=0 prevValue=0,currentValue=0 type=Settings.System)]
12-04 12:06:28.694 17516 17528 D HeadsetProvider: Created cursor android.database.sqlite.SQLiteCursor@7094364
12-04 12:06:28.694 17516 17528 I HeadsetProvider: getHeadsetDB - 94:76:B7:27:69:XX, 400, 1
12-04 12:06:28.694   904   967 V VRSVC   : (BluetoothControlEvent.java:279) QdBd [currentAllowedBVRA=1]
12-04 12:06:28.694   904   967 D BluetoothHeadset: setFeatureSettings(400,0) called by PID : 904 @ com.samsung.android.hmt.vrsvc
12-04 12:06:28.704 17516 17626 D HeadsetProvider: Created cursor android.database.sqlite.SQLiteCursor@4d259cd
12-04 12:06:28.704 17516 17626 D HeadsetProvider: setHeadsetDB - already set, update
12-04 12:06:28.704   904   996 I System.out: (HTTPLog)-Static: isSBSettingEnabled false
12-04 12:06:28.704   904   996 I System.out: (HTTPLog)-Static: isSBSettingEnabled false
12-04 12:06:28.704   974  1755 D EnterpriseController: netId is 0
12-04 12:06:28.704   974  1755 D Netd    : getNetworkForDns: using netid 565 for uid 1000
12-04 12:06:28.704 17516 17626 I HeadsetProvider: setHeadsetDB - 94:76:B7:27:69:XX, 400, 0, true
12-04 12:06:28.704   904   967 V VRSVC   : (BluetoothControlEvent.java:281) QdBd [setFeatureSettings result=true]
12-04 12:06:28.714   904   904 V VRSVC   : (BluetoothControlEvent.java:290) tWfk [requestGamepadBatteryLevel]
12-04 12:06:28.714   904   968 W VRSVC   : (SetupWizardUpdateEvent.java:46) AmLH [update check ignored! lastUpdateCheck=42 minutes ago(1480879430413) currentTime=1480881988626]
12-04 12:06:28.724   904   994 D VRSVC_log: open(GetFeatureReport) device = -1, errno = 2 errnoStr = No such file or directory
12-04 12:06:28.724   904   994 W VRSVC   : (HmtSensorEvent.java:144) bcjL [handleMessageGetModel() failed=0]
12-04 12:06:28.724   904   962 V VRSVC   : (HmtDeviceEventManager.java:101) wtkw [OnDeviceEvent onDock finished. elapsedTime=414]
12-04 12:06:28.724   904   962 V VRSVC   : (HmtDeviceEventManager.java:109) wtkw [OnDeviceEvent onPostDock start.]
12-04 12:06:28.724   904   966 D VRSVC   : (LogEvent.java:53) vqCz [OnDeviceEvent onPostDock]
12-04 12:06:28.724   904   967 V VRSVC   : (HmtDockEvent.java:46) yTqX [sendBroadcast action=ACTION_HMT_CONNECTED]
12-04 12:06:28.724   904   966 V VRSVC   : (TouchControlEvent.java:81) wtkw [setTouchControl value=0]
12-04 12:06:28.734  1465  1465 I AudioService: HMT Docked
12-04 12:06:28.744   904   962 V VRSVC   : (HmtDeviceEventManager.java:101) wtkw [OnDeviceEvent onPostDock finished. elapsedTime=12]
12-04 12:06:28.744   904   904 V VRSVC   : (WaitActivity.java:46) onReceive [onReceive action=com.samsung.intent.action.HMT_CONNECTED]
12-04 12:06:28.744   904   904 I VRSVC   : (WaitActivity.java:56) onReceive [start MonoActivity!]
12-04 12:06:28.744   904   904 I Timeline: Timeline: Activity_launch_request id:com.samsung.android.hmt.vrsvc time:168771766
12-04 12:06:28.754   639  3217 E         : BitTube(): close sendFd (70)
12-04 12:06:28.754   639  3217 E         : BitTube(): close sendFd (56)
12-04 12:06:28.754  1465  2324 D GraphicsStats: Buffer count: 11
12-04 12:06:28.754  1465  2489 D VirtualScreenPolicy: applyVirtualScreenAttrs attrs=VirtualScreenAttrs{mDisplayId=0, mBaseDisplayId=0, mBaseActivity=false}
12-04 12:06:28.774   639   639 I SurfaceFlinger: id=4208 createSurf (16x16),-1 flag=20004, EimLayer(Di
12-04 12:06:28.774  2279  2574 D AodTile : handleUpdateState :  MultiState[visible=true,icon=ResourceIcon[resId=0x7f020364],label=Always On
12-04 12:06:28.774  2279  2574 D AodTile : Display,contentDescription=Always On Display Button Off.,dualLabelContentDescription=null,autoMirrorDrawable=false,secondaryLabel=null,textTruncate=false,value=2,bgValue=0] arg : 2
12-04 12:06:28.774   639   639 I SurfaceFlinger: id=4209 createSurf (16x16),-1 flag=20004, EimLayer(An
12-04 12:06:28.774  2279  2317 D WallpaperService: resized:[frame]Rect(0, 0 - 2240, 2560) [newConfig] is null
12-04 12:06:28.784  2279  2279 D WallpaperService: MSG_WINDOW_RESIZED
12-04 12:06:28.784  2279  2279 D WallpaperService: updateSurface:[forceRelayout]true[redrawNeeded]false
12-04 12:06:28.784  2279  2279 V WallpaperService: Changes: creating=false format=false size=false
12-04 12:06:28.784  2279  2279 V WallpaperService: currentWidth:2240 currentHeight:2560 requestedWidth:2240 requestedWidth:2560
12-04 12:06:28.784  2279  2279 D WallpaperService: relayout
12-04 12:06:28.784  1465  1465 D ViewRootImpl: MSG_RESIZED: ci=Rect(0, 0 - 0, 0) vi=Rect(0, 0 - 0, 0) or=1
12-04 12:06:28.784  2279  2279 V WallpaperService: relayout result: Surface(name=null)/@0xf1ee6ca, frame=Rect(0, 0 - 2240, 2560),relayoutResult:1, mConfiguration{0 1.0 themeSeq = 0 showBtnBg = -1 ?mcc?mnc en_US ?layoutDir ?swdp ?wdp ?hdp ?density ?lsize ?long ?orien ?uimode ?night ?touch ?keyb/?/? ?nav/? mkbd/?}
12-04 12:06:28.784  2279  2279 V WallpaperService: Wallpaper size has changed: (2240, 2560)
12-04 12:06:28.804  1465  1772 D PackageManager: [MSG] WRITE_PACKAGE_RESTRICTIONS
12-04 12:06:28.804  1465  2489 D InputDispatcher: Focused application set to: xxxx
12-04 12:06:28.804  1465  2489 D InputDispatcher: Focus left window: 904
12-04 12:06:28.804   904   904 V VRSVC   : (WaitActivity.java:66) onReceive [finish()]
12-04 12:06:28.804   904   904 V VRSVC   : (WaitActivity.java:296) onPause [onPause() isDestroyed=false isFinishing=true]
12-04 12:06:28.814  1465  1772 W System.err: remove failed: ENOENT (No such file or directory) : /data/system/users/0/package-restrictions.xml.bak
12-04 12:06:28.814  1465  1487 D InputDispatcher: setInputDispatchMode: enabled=1, frozen=1
12-04 12:06:28.814  1465  1707 D ViewRootImpl: #1 mView = com.android.internal.policy.PhoneWindow$DecorView{aadcee6 V.E...... R.....ID 0,0-0,0}
12-04 12:06:28.814   639   639 I SurfaceFlinger: id=4210 createSurf (1440x2560),2 flag=4, TcreenshotS
12-04 12:06:28.814   639  5164 E         : BitTube(): close sendFd (61)
12-04 12:06:28.814   639  5164 E         : BitTube(): close sendFd (65)
12-04 12:06:28.814  1465  1489 D GraphicsStats: Buffer count: 10
12-04 12:06:28.834   639   639 D libEGL  : eglInitialize EGLDisplay = 0x7fe54c6008
12-04 12:06:28.854   639   639 I SurfaceFlinger: Disp[0] Orientation 0=>1
12-04 12:06:28.854  1465  1707 D ISSUE_DEBUG: InputChannelName : e26587d Starting com.samsung.android.hmt.vrsvc
12-04 12:06:28.854  1465  1707 D PointerIcon: setMouseIconStyle1 pointerType: 1001 iconType:101 flag:0 pid:1465 uid:1000
12-04 12:06:28.854  1465  1707 D PointerIcon: setMouseCustomIcon IconType is same.101
12-04 12:06:28.854  1465  1465 D ViewRootImpl: MSG_RESIZED: ci=Rect(0, 0 - 0, 0) vi=Rect(0, 0 - 0, 0) or=2
12-04 12:06:28.854  1465  1487 D VirtualScreen: computeScreenConfiguration(): change rect to Rect(-2560, 0 - 0, 1440)
12-04 12:06:28.924   904   994 D VRSVC_log: open(GetFeatureReport) device = -1, errno = 2 errnoStr = No such file or directory
12-04 12:06:28.924   904   994 W VRSVC   : (HmtSensorEvent.java:144) bcjL [handleMessageGetModel() failed=1]
12-04 12:06:28.934  4260  4260 V SamsungIME: onConfigurationChanged
12-04 12:06:28.934  4260  4260 D SamsungIME: onConfigurationChanged- Configuration.MOBILEKEYBOARD_COVERED_NO 
12-04 12:06:28.934 32008 32008 D [WeatherWidget(1219)]  WeatherService: {[EC3334F14841398C8B464A72D0E61AB75A2C9E686EE4C30FC0E6E9AAFD6B54E55F2DC3F5615E24DC31E03282A7779D49]}
12-04 12:06:28.934 32008 32008 D [WeatherWidget(1219)]  WeatherAppWidget2x1: {[9C41A2EAFAAB2EF4F8363256C22FE8AD3F10E2B9059D1657061C7E0A24688243EE5B2F906EE123AC074FA20A694A33F5]}
12-04 12:06:28.934 32008 32008 D [WeatherWidget(1219)]  : {[60E0DA3EB75B6AC8E852DC6D590E8782BC8A388398CF80A085FDDBC5F835D3B9]}
12-04 12:06:28.934  1465  2134 I InputReader: Reconfiguring input devices.  changes=0x00000004
12-04 12:06:28.934  1465  2134 I InputReader: Device reconfigured: id=6, name='sec_touchscreen', size 1440x2560, orientation 1, mode 1, display id 0
12-04 12:06:28.934  1465  2134 D InputReader: Wrote command set_rotation_status,1
12-04 12:06:28.944 32008 32008 D [WeatherWidget(1219)]  : {[79F20C3F50391A44F9DF82E8568310884AED2E4B3EDF06FE0EE72EE65A0EAEF5454F614B9A3BF06B8EA0D40C788EFC54686F42A8696B81CA1764648D9E53C322BA80A62BD5F840759A86BD49216D9356]}
12-04 12:06:28.944 32008 32008 D [WeatherWidget(1219)]  : {[185538CE860A994767B8938C2EF910A87CD82F00857C245FD3EBC5B0616A18B157EA1A1308278B4C9594EFB9F360C2F36C42E8A56ABB981240472CFBA943753C]}
12-04 12:06:28.944   639   639 I SurfaceFlinger: id=4211 createSurf (2560x1440),1 flag=404, wrsvc
12-04 12:06:28.944 32008 32008 D [WeatherWidget(1219)]  : {[35E00D709686C37B173CD52DD7FBA186C6971B90A1D5354FEABC75A9274D74203AD6E0C796F664D6829AD934F399F7DAB9233226290757BF7A74E3770D9CA1995968AEDA11EFB3264D0964E406A0A5CCC815D02B83BAA0898F0DA785F753EEE1771271DA7F4B36B530C86608B664E955C67C277FA5A93CB04544AA1717A91F6719E61619EB3FA0D5AA0D0C1728CA234183CCAB9F925030F384A43D02CCB317D768C0496CFB8340A205F330C390E3A23FDBA280A158880BD2F919E6714FCF1077D8DA4DA26D206EDA1CC56574745275448FA7974665D75AAB4DBE3932A0B4E4169914F1849DC486FFCBCD913E7C9BDC15]}
12-04 12:06:28.944 32008 32008 D [WeatherWidget(1219)]  : {[4180A95A75A09820FFDBE1A520FF8AF0D4288FAE4AB1C3637309E81193AB8C8C8858F30DE486A99543D7B6BF097E8F03EC424A394B4CEB52D96CBDF3108E6CD4CFB7FB1C9A47CAA5BAFA3FA50FC518B6]}
12-04 12:06:28.944 32008 32008 D [WeatherWidget(1219)]  : {[8691A6C7C0DDB92A77C1D33E1D53A85A7F001C142CB7E75A95359BD8351A6F39D9E8F64193618E808378E71EEFBC377B]}
12-04 12:06:28.944  1465  1707 D ViewRootImpl: MSG_RESIZED_REPORT: ci=Rect(0, 0 - 0, 0) vi=Rect(0, 0 - 0, 0) or=2
12-04 12:06:28.944 32008 32008 D [WeatherWidget(1219)]  : {[4180A95A75A09820FFDBE1A520FF8AF0D4288FAE4AB1C3637309E81193AB8C8C8858F30DE486A99543D7B6BF097E8F03EC424A394B4CEB52D96CBDF3108E6CD4CFB7FB1C9A47CAA5BAFA3FA50FC518B6]}
12-04 12:06:28.954 32008 32008 D [WeatherWidget(1219)]  : {[FE5942E858467AADD32F8905795B261DA30C467171B130B147FE5BEFA1286CC2910EC155E94F2D3FA021CE7D02CB2989DB251C73E685B68814316D4EF261C30A]}
12-04 12:06:28.954  4260  4260 I SamsungIME: [Before] hardKeyboardHidden(2) keyboardType(1)
12-04 12:06:28.954  4260  4260 I SamsungIME:          mHwKeyboardShown [isHWKeyboardOpen()] = false --> false
12-04 12:06:28.954  4260  4260 E SamsungIME:          isHWKeyboardConnected() = false --> false
12-04 12:06:28.954  4260  4260 I SamsungIME: [hasToCallSuper] true
12-04 12:06:28.954   904   904 V VRSVC   : (HmtDeviceEventManager.java:109) wtkw [OnDeviceEvent onScreenOrientation start.]
12-04 12:06:28.954  2279  2375 D vol.VolumeDialogControl: onReceive ACTION_CONFIGURATION_CHANGED
12-04 12:06:28.954  4260  4260 D SamsungIME: onStartInput: No inputType, No imeOption, isInputViewShown = false, isExtractViewShown = false, isShowInputRequested = false, isConfigChanged = false
12-04 12:06:28.964  4260  4260 D SamsungIME: Dismiss ExpandCandiate
12-04 12:06:28.964   904   968 D VRSVC   : (LogEvent.java:115) yTqX [OnDeviceEvent onScreenOrientation orientation=2 hmtConnected=true]
12-04 12:06:28.964   904   904 V VRSVC   : (HmtDeviceEventManager.java:101) wtkw [OnDeviceEvent onScreenOrientation finished. elapsedTime=6]
12-04 12:06:28.964   904   904 D VRSVC   : (PopupManager.java:301) yTqX [updateStereoViewWindowOrientation() already StereoView detached]
12-04 12:06:28.964 32008 32008 D [WeatherWidget(1219)]  : {[7E49FF3321088531596C9B7C60C6CB13F2F64C9F1E3D137D4745E449E85B3DA726071F716F8FE3D1AC7A2029E5B7D6F2]}
12-04 12:06:28.964 32008 32008 D [WeatherWidget(1219)]  : {[66C1DE0223254B8DF3A1E33DC453898C312D484E2CFAA0C92E9B9E0B662FF4C98822A004B64E42A811CBE0ADD51DA107FF9A4837657A7DE6F3FA6B150CFE9FBA]}
12-04 12:06:28.964 32008 32008 D [WeatherWidget(1219)]  : {[936BFAA81B13AA616A637F2A5C150F2B2387245ABB544E021B60CFE3B885690EE833E801D1090EDF87F192C2531A51BB]}
12-04 12:06:28.964 32008 32008 D [WeatherWidget(1219)]  : {[E22DC61125A23EEE7F94D18B14CD51E3A2B19E7E58058E1AB3FE72DAF61C316575D2C85B2779B47379139E9BA92C1D4D]}
12-04 12:06:28.964 32008 32008 D [WeatherWidget(1219)]  : {[1AD659ADBAEC1AF91F60415A36FAB1C9097C4D77D83D0CB0367D0A96B6AD96E04A4E830CF6CCFEAEAACD60CDC93DD37F]}
12-04 12:06:28.964   904   904 D ViewRootImpl: MSG_RESIZED_REPORT: ci=Rect(0, 0 - 0, 0) vi=Rect(0, 0 - 0, 0) or=2
12-04 12:06:28.964   904   904 D ViewRootImpl: MSG_RESIZED_REPORT: ci=Rect(0, 0 - 0, 0) vi=Rect(0, 0 - 0, 0) or=2
12-04 12:06:28.964   904   904 D ViewRootImpl: MSG_RESIZED_REPORT: ci=Rect(0, 0 - 0, 0) vi=Rect(0, 0 - 0, 0) or=2
12-04 12:06:28.964 32008 32008 D [WeatherWidget(1219)]  : {[D00E10C2CECF092D4729C464111FCD9D51C99BCDF04EB83AF36736C3D29AA5F0C5631D7DD7AB89735CD66CCD98324A31]}
12-04 12:06:28.964 32008 32008 D [WeatherWidget(1219)]  : {[AA5E0A3FA1E684067C96494A181F8B0ACA90EFEB99289FBC956760496DB5ADE5B970CD5F13B89EAAE79B138DD5FF94EB]}
12-04 12:06:28.964   904   904 D RelationGraph: garbageCollect()
12-04 12:06:28.964 32008 32008 D [WeatherWidget(1219)]  : {[AA5E0A3FA1E684067C96494A181F8B0A5BC4576395D2766E47AECD7C5C625A8959956EC862D7EF47438A9043F8C24BC9]}
12-04 12:06:28.964 32008 32008 D [WeatherWidget(1219)]  : {[7DD438ECA632CF31E04B2E9255BB2554686B05837426CE7025EDF7B06C61E7D76D816F668F762E05CB2479451382D191]}
12-04 12:06:28.964 32008 32008 D [WeatherWidget(1219)]  : {[A6976EC9C6D9709E6A27735591D07EED1DFBE52F3E001BCB2840EF27EA47784759E7B2CB96ACC5D4BA9D03FB4DFF92F2]}
12-04 12:06:28.974  2649 17345 D TelephonyProvider: query: url=content://telephony/carriers, projectionIn=null, selection=numeric = '310410'selectionArgs=null, sort=null
12-04 12:06:28.974  2649 17345 D TelephonyProvider: query: match = 1
12-04 12:06:28.974  2649 17345 D TelephonyProvider: query: selection modified to numeric = '310410' and edited!=2 and edited!=3 and edited!=5 and edited!=6
12-04 12:06:28.974 32008 32008 D [WeatherWidget(1219)]  : {[30F5C96D1F0F92262BA89B224E6050B29C46F57C8B1766A88F66E0F5352187D1840539E4ED36B8AD3C81703573EF0C90]}
12-04 12:06:28.974 32008 32008 D [WeatherWidget(1219)]  : {[318630AD95BF27A3641918F599D8A36565E5791D604C86137B0EE9787A49DA4B3C4417E888F8EA2565005C7ABEA1938A]}
12-04 12:06:28.974  2279  2574 D WifiCallingTile: getMode : false
12-04 12:06:28.974   904   904 V VRSVC   : (MonoActivity.java:156) onCreate [onCreate()]
12-04 12:06:28.974  1465  1707 V WindowStateAnimator: Finishing drawing window Window{e26587d u0 d0 Starting com.samsung.android.hmt.vrsvc}: mDrawState=DRAW_PENDING
12-04 12:06:28.984  2279  2279 D NotificationStackScrollLayout:  scroll range should be extended : 1600
12-04 12:06:28.984 32008 32008 D [WeatherWidget(1219)]  : {[988CBB4E2BBD50964736CC493CF19C3C607AD3A8F9C154E84FF0E6BA5A9A84BA]}
12-04 12:06:28.984  2279  2279 D ImageWallpaper: mNewKeyboard : 0 mLastKeyboard : 0
12-04 12:06:28.984  2279  2279 D ImageWallpaper: engine visible:false
12-04 12:06:28.984  2279  2279 D ImageWallpaper: onConfigurationChanged:2
12-04 12:06:28.984   639   639 D libEGL  : eglInitialize EGLDisplay = 0x7fe54c6008
12-04 12:06:28.984  2279  2279 D WallpaperService: getDisplayId:0
12-04 12:06:28.984  2279  2279 D ImageWallpaper: surfaceWidth:2560 surfaceHeight:2240 getDisplayID:0
12-04 12:06:28.984  2279  2279 D ImageWallpaper: updateSurfaceSize Width : 2560 Height: 2240
12-04 12:06:28.984  2279  2279 D WallpaperService: BaseSurfaceHolder:setFixedSize[width]2560 [height]2240
12-04 12:06:28.984  2279  2279 D WallpaperService: BaseSurfaceHolder:onRelayoutContainer
12-04 12:06:28.984  4260  4260 E SamsungIME: resetNeedToLoadHwrLibrary : 0
12-04 12:06:28.984   904   904 V VRSVC   : (MonoActivity.java:186) onCreate [pending_intent intent=Intent { act=android.intent.action.MAIN cat=[android.intent.category.LAUNCHER] flg=0x10200000 cmp=com.kpicture.pp/com.unity3d.player.UnityPlayerNativeActivity VirtualScreenParam=Params{mDisplayId=-1, null, mFlags=0x00000000)} (has extras) } pendingIntents=[PendingIntent{f093c3a: android.os.BinderProxy@555a36c}]]
12-04 12:06:28.984   904   904 V VRSVC   : (MonoActivity.java:195) onCreate [top_activity=ComponentInfo{com.sec.android.app.launcher/com.sec.android.app.launcher.activities.LauncherActivity}]
