12-04 12:06:20.024   904   904 V VRSVC   : (SoundUtil.java:77) onLoadComplete [onLoadComplete sampleId=1 status=0]
12-04 12:06:20.024  1465  2698 D InputDispatcher: Focused application set to: xxxx
12-04 12:06:20.024   904   904 V VRSVC   : (SoundUtil.java:77) onLoadComplete [onLoadComplete sampleId=1 status=0]
12-04 12:06:20.034  1465  2698 D InputDispatcher: Focus left window: 2860
12-04 12:06:20.034   904   916 V VRSVC   : (HmtDeviceEventManager.java:101) wtkw [OnDeviceEvent onLaunchCancelled finished. elapsedTime=36]
12-04 12:06:20.044   904   904 V VRSVC   : (BluetoothControlEvent.java:109) onServiceConnected [onServiceConnected profile=1]
12-04 12:06:20.044   904   904 D RelationGraph: garbageCollect()
12-04 12:06:20.054  2361  2361 V CenterBarWindowService: noteResumeComponent  /arrangeState : 0
12-04 12:06:20.054   639  5164 I SurfaceFlinger: Modify Choreographer's phase offset to 0
12-04 12:06:20.054   639  2750 I SurfaceFlinger: Modify SurfaceFlinger's phase offset to 0
12-04 12:06:20.074   904   904 V VRSVC   : (WaitActivity.java:82) onCreate [onCreate()]
12-04 12:06:20.084  1465  1707 D ViewRootImpl: #1 mView = com.android.internal.policy.PhoneWindow$DecorView{c9de51 V.E...... R.....ID 0,0-0,0}
12-04 12:06:20.084  1465  1707 D ISSUE_DEBUG: InputChannelName : 7a6ffb7 Starting com.samsung.android.hmt.vrsvc
12-04 12:06:20.084  1465  1707 D PointerIcon: setMouseIconStyle1 pointerType: 1001 iconType:101 flag:0 pid:1465 uid:1000
12-04 12:06:20.084  1465  1707 D PointerIcon: setMouseCustomIcon IconType is same.101
12-04 12:06:20.094   639   639 I SurfaceFlinger: id=4204 createSurf (1x1),1 flag=404, wrsvc
12-04 12:06:20.104  2279  2317 D WallpaperService: resized:[frame]Rect(0, 0 - 2240, 2560) [newConfig] is null
12-04 12:06:20.104  2279  2279 D WallpaperService: MSG_WINDOW_RESIZED
12-04 12:06:20.114  2279  2279 D WallpaperService: updateSurface:[forceRelayout]true[redrawNeeded]false
12-04 12:06:20.114  2279  2279 V WallpaperService: Changes: creating=false format=false size=false
12-04 12:06:20.114  2279  2279 V WallpaperService: currentWidth:2240 currentHeight:2560 requestedWidth:2240 requestedWidth:2560
12-04 12:06:20.114  2279  2279 D WallpaperService: relayout
12-04 12:06:20.114  2279  2279 V WallpaperService: relayout result: Surface(name=null)/@0xf1ee6ca, frame=Rect(0, 0 - 2240, 2560),relayoutResult:1, mConfiguration{0 1.0 themeSeq = 0 showBtnBg = -1 ?mcc?mnc en_US ?layoutDir ?swdp ?wdp ?hdp ?density ?lsize ?long ?orien ?uimode ?night ?touch ?keyb/?/? ?nav/? mkbd/?}
12-04 12:06:20.114  2279  2279 V WallpaperService: Wallpaper size has changed: (2240, 2560)
12-04 12:06:20.144  1465  1707 V WindowStateAnimator: Finishing drawing window Window{7a6ffb7 u0 d0 Starting com.samsung.android.hmt.vrsvc}: mDrawState=DRAW_PENDING
12-04 12:06:20.144  1465  1707 D ViewRootImpl: MSG_RESIZED_REPORT: ci=Rect(0, 0 - 0, 0) vi=Rect(0, 0 - 0, 0) or=1
12-04 12:06:20.154  1465  1707 V WindowStateAnimator: Finishing drawing window Window{7a6ffb7 u0 d0 Starting com.samsung.android.hmt.vrsvc}: mDrawState=COMMIT_DRAW_PENDING
12-04 12:06:20.154   639   639 D libEGL  : eglInitialize EGLDisplay = 0x7fe54c6008
12-04 12:06:20.164   639   672 D libEGL  : eglTerminate EGLDisplay = 0x7f7cdc0ea8
12-04 12:06:20.164   639   672 D libEGL  : eglTerminate EGLDisplay = 0x7f7cdc0ea8
12-04 12:06:20.174  2279  2279 D PhoneStatusBar: setSystemUiVisibility vis=8000 mask=ffffffff oldVal=8600 newVal=8000 diff=600
12-04 12:06:20.174  2279  2279 D PanelView: updateQsState
12-04 12:06:20.174  2279  2279 D KeyguardSwipeHelper: reset()
12-04 12:06:20.174  2279  2279 D KeyguardUnlockEventHandler: reset()
12-04 12:06:20.174  2279  2279 D KeyguardSwipeHelper: resetChildViewVI()
12-04 12:06:20.194  1465  3620 D LocationManagerService: request ec5eea8 network Request[POWER_LOW network requested=0 fastest=0 num=1] from com.ulmon.android.playtokyoofflinemap(10249)
12-04 12:06:20.204  1465  3620 D LocationManagerService: provider request: network ProviderRequest[ON interval=0]
12-04 12:06:20.204  1465  3620 I AppOps  : sendInfoToFLP, code=41 , uid=10249 , packageName=com.ulmon.android.playtokyoofflinemap , type=startOp
12-04 12:06:20.204  1465  2935 D IzatProviderEngine_jni: onAddRequest called by network
12-04 12:06:20.204  1465  2935 D IzatProviderEngine_jni: Provider Type: 2
12-04 12:06:20.204  1465  2935 D IzatProviderEngine_jni: Num Updates : 1
12-04 12:06:20.204  1465  2935 D IzatProviderEngine_jni: Interval : 0
12-04 12:06:20.204  1465  2935 D IzatProviderEngine_jni: Displacement : 0.000000
12-04 12:06:20.204  1465  2935 D IzatProviderEngine_jni: Accuracy : 1
12-04 12:06:20.204  1465  2935 E IzatSvc_IzatManager: I/LocTech-Label :: IZATMANAGER :: Add Request In
12-04 12:06:20.204  1465  2935 E IzatSvc_IzatManager: I/LocTech-Value :: Provider: 2, Num Updates: 1, TTFF: 0, Interval: 0, Displacement: 0.000000, Horizontal Accuracy: 33330161966722469345799349552007130704133141933478187597775765504.000000, Altitude Accuracy: 1, Bearing Accuracy: 2
12-04 12:06:20.204  1465  2955 E LocSvc_libulp: I/int ulp_brain_process_criteria_update() index at 0, isNew = 0, mask 0x1a77, provider source = 4,accuracy = 2, recurrence = 0, tbf = 86400000
12-04 12:06:20.204  1465  2955 E LocSvc_libulp: I/int ulp_brain_process_criteria_update() index at 1, isNew = 1, mask 0x1a77, provider source = 4,accuracy = 2, recurrence = 1, tbf = 0
12-04 12:06:20.204  2555  2555 D FusedRequestManager: manageLocationRequest, new network request from com.ulmon.android.playtokyoofflinemap with ec5eea8 , interval = 0 through LocationManagerService
12-04 12:06:20.204  1465  2578 V OSNPGlue_jni: Entering  : void onSetRequestJNI(izat_manager::IzatRequest*)
12-04 12:06:20.204  1465  2940 V GNPProxy: handleMessage what - 3
12-04 12:06:20.204   904   904 V VRSVC   : (WaitActivity.java:92) onCreate [pending_intent intent=Intent { act=android.intent.action.MAIN cat=[android.intent.category.LAUNCHER] flg=0x10200000 cmp=com.kpicture.pp/com.unity3d.player.UnityPlayerNativeActivity VirtualScreenParam=Params{mDisplayId=-1, null, mFlags=0x00000000)} (has extras) } pendingIntents=[PendingIntent{551441f: android.os.BinderProxy@555a36c}]]
12-04 12:06:20.204   904   904 V VRSVC   : (WaitActivity.java:101) onCreate [topActivity=ComponentInfo{com.sec.android.app.launcher/com.sec.android.app.launcher.activities.LauncherActivity}]
12-04 12:06:20.214   904   904 D Activity: performCreate Call Injection manager
12-04 12:06:20.214   904   904 I InjectionManager: dispatchOnViewCreated > Target : com.samsung.android.hmt.vrsvc.WaitActivity isFragment :false
12-04 12:06:20.214   904   904 V VRSVC   : (WaitActivity.java:248) onResume [onResume() isDestroyed=false isFinishing=false]
12-04 12:06:20.224  2555  2555 D FusedRequestManager: com.ulmon.android.playtokyoofflinemap with network is detected by CountBase Logic
12-04 12:06:20.274   904   904 D ViewRootImpl: #1 mView = com.android.internal.policy.PhoneWindow$DecorView{9af8a58 I.E...... R.....ID 0,0-0,0}
12-04 12:06:20.274  1465  1475 I art     : Background partial concurrent mark sweep GC freed 81776(4MB) AllocSpace objects, 3(208KB) LOS objects, 17% free, 73MB/89MB, paused 2.064ms total 221.087ms
12-04 12:06:20.274 17516 17516 D BtGatt.ScanManager: awakened up at time 182499765
12-04 12:06:20.274 17516 17587 D BtGatt.ScanManager: flushPendingBatchResults - clientIf = 7
12-04 12:06:20.284 17516 17575 D BtGatt.GattService: onBatchScanReports() - clientIf=7, status=0, reportType=2, numRecords=0
12-04 12:06:20.284 17516 17575 D BtGatt.ScanManager: callback done for clientIf - 7 status - 0
12-04 12:06:20.284   904   936 D OpenGLRenderer: Use EGL_SWAP_BEHAVIOR_PRESERVED: true
12-04 12:06:20.294  1465  2178 D WifiController: ApOrStaEnabledState  msg.what= 155654
12-04 12:06:20.294  1465  2175 W CAE     : setCAProperty(ContextAwareService.java:578) - [setProperty 01] Mutex is locked for ANY_MOTION_DETECTOR_RUNNER
12-04 12:06:20.294  1465  2175 I CAE     : sendCmdToSensorHub(SensorHubCommManager.java:162) - -72, 58, 1, 0,
12-04 12:06:20.294  1465  2175 D SensorHubManager: SendSensorHubData: send data = -72, 58, 1, 0
12-04 12:06:20.304   992   992 I qti_sensorhub_hal: AutoBrightness reqReport: svc_num: 76, msg_id:4, msg_size: 1, txn_id: 0
12-04 12:06:20.304   992  1219 I qti_sensorhub_hal: SNS_SS_AMD_GET_REPORT_RESP_V01 1 1684933548
12-04 12:06:20.304  1465  2124 D SensorHubManager: onGetSensorHubDataLocked: library(4) = 1, 1, 58, 1
12-04 12:06:20.304   992   992 I qti_sensorhub_hal: reqReport: Received response: 0
12-04 12:06:20.304  1465  2123 D CAE     : onGetSensorHubData(SensorHubParserProvider.java:92) - onGetSensorHubData Event [event buffer len :4], AP_WAKEUP
12-04 12:06:20.304  1465  2123 I CAE     : parse(SensorHubParserProvider.java:188) - buffer size = 4
12-04 12:06:20.304  1465  2123 I CAE     : parse(SensorHubParserProvider.java:199) - 1, 1, 58, 1,
12-04 12:06:20.304  1465  2123 D CAE     : display(ContextProvider.java:375) - ================= ANY_MOTION_DETECTOR_RUNNER =================
12-04 12:06:20.304  1465  2123 I CAE     : display(ContextProvider.java:391) - Action=[1]
12-04 12:06:20.304  1465  2126 D SContextService: updateSContext() : event = Any Motion Detector
12-04 12:06:20.304  1465  2175 I CAE     : setCAProperty(ContextAwareService.java:583) - result : true
12-04 12:06:20.304  1465  1487 D ISSUE_DEBUG: InputChannelName : 3228725 com.samsung.android.hmt.vrsvc/com.samsung.android.hmt.vrsvc.WaitActivity
12-04 12:06:20.304  1465  2175 W CAE     : setCAProperty(ContextAwareService.java:584) - [setProperty 02] Mutex is unlocked for ANY_MOTION_DETECTOR_RUNNER
12-04 12:06:20.304  1465  2175 D SContextService: requestToUpdate() : service = Any Motion Detector
12-04 12:06:20.304  1465  2175 D SContextManager:   .requestToUpdate : listener = com.samsung.android.server.wifi.WifiScanController$2@a81eacc, service=Any Motion Detector
12-04 12:06:20.314  1465  2697 D ActivityManager: post active user change for 0 fullscreen true isFloatingActivity() false isHomeActivity() false
12-04 12:06:20.314  1465  2697 D KnoxTimeoutHandler: postActiveUserChange [MsgParam] userId: 0 fullscreen is true showWhenlocked is false
12-04 12:06:20.314  1465  1465 D KnoxTimeoutHandler: handleActiveUserChange [MsgParam] userId: 0 fullscreen is true showWhenlocked is false
12-04 12:06:20.314   904   904 V VRSVC   : (HmtService.java:88) onDestroy [onDestroy]
12-04 12:06:20.314   904   904 D VRSVC   : (HmtService.java:89) ZzLN [closeWindow]
12-04 12:06:20.314   904   904 V VRSVC   : (HmtDeviceEventManager.java:109) wtkw [OnDeviceEvent onDestroy start.]
12-04 12:06:20.314   904   919 V VRSVC   : (SoundUtil.java:56) QdBd [release()]
12-04 12:06:20.314   904   918 V VRSVC   : (WakeLockControlEvent.java:44) wtkw [release vr service wakelock]
12-04 12:06:20.314  1465  1465 I KnoxTimeoutHandler: Shared devices show user statefalse
12-04 12:06:20.324   904   921 D VRSVC   : (LogEvent.java:152) fFHb [OnDeviceEvent onDestroy topActivity=com.samsung.android.hmt.vrsvc/.WaitActivity hmtConnected=false versionCode=256000000 versionName=2.5.60 hashCode=139336298 VRAPI=11 currentUser=0]
12-04 12:06:20.324   904   904 V VRSVC   : (HmtDeviceEventManager.java:101) wtkw [OnDeviceEvent onDestroy finished. elapsedTime=8]
12-04 12:06:20.334  1465  2324 I AppOps  : sendInfoToFLP, code=12 , uid=10023 , packageName=com.google.android.gms , type=noteOp
12-04 12:06:20.344   639   639 I SurfaceFlinger: id=4205 createSurf (1x1),1 flag=404, XaitActivit
12-04 12:06:20.354  1465  2896 D InputDispatcher: Focus entered window: 904
12-04 12:06:20.364   904   936 I Adreno  : QUALCOMM build                   : 0039a8c, I5bc0f577f9
12-04 12:06:20.364   904   936 I Adreno  : Build Date                       : 08/03/16
12-04 12:06:20.364   904   936 I Adreno  : OpenGL ES Shader Compiler Version: XE031.08.00.02
12-04 12:06:20.364   904   936 I Adreno  : Local Branch                     : 
12-04 12:06:20.364   904   936 I Adreno  : Remote Branch                    : refs/tags/AU_LINUX_ANDROID_LA.HB.1.1.1.C1.06.00.00.165.223
12-04 12:06:20.364   904   936 I Adreno  : Remote Branch                    : NONE
12-04 12:06:20.364   904   936 I Adreno  : Reconstruct Branch               : NOTHING
12-04 12:06:20.364  1465  1707 D PointerIcon: setMouseIconStyle1 pointerType: 1001 iconType:101 flag:0 pid:1465 uid:1000
12-04 12:06:20.364  1465  1707 D PointerIcon: setMouseCustomIcon IconType is same.101
12-04 12:06:20.364   904   936 D libEGL  : eglInitialize EGLDisplay = 0x7f7e13f188
12-04 12:06:20.364   904   936 I OpenGLRenderer: Initialized EGL, version 1.4
12-04 12:06:20.384   904   904 D VRSVC   : (PopupManager.java:277) BRMq [removeStereoViewWindow() already StereoView detached]
12-04 12:06:20.384   904   904 D VRSVC   : (MonoScreenEvent.java:67) wtkw [dismissMonoForeground]
12-04 12:06:20.384   904   904 I VRSVC   : (MonoManager.java:174) wtkw [foreground not exist!]
12-04 12:06:20.384   904   904 D VRSVC   : (MonoScreenEvent.java:71) QdBd [dismissMonoBackground]
12-04 12:06:20.384   904   904 I VRSVC   : (MonoManager.java:185) QdBd [background not exist!]
12-04 12:06:20.384   904   904 D VRSVC   : (PhoneStateEvent.java:71) wtkw [unregisterPhoneListener]
12-04 12:06:20.384   904   936 D libGLESv1: DTS_GLAPI : DTS is not allowed for Package : com.samsung.android.hmt.vrsvc
12-04 12:06:20.404  1465  2175 D WifiStateMachine: CMD_START_SCAN : scanLog.mLast - 1480881980309, scanLog.mStartTimeForBigdata - 1480881769765
12-04 12:06:20.414  2818  2818 I wpa_supplicant: wlan0: Setting scan request: 0 sec 0 usec
12-04 12:06:20.424  2818  2818 I wpa_supplicant: P2P: Current p2p state = IDLE
12-04 12:06:20.444  2818  2818 I wpa_supplicant: Scan requested (ret=0) - scan timeout 30 seconds
12-04 12:06:20.444  1465  2896 V WindowStateAnimator: Finishing drawing window Window{3228725 u0 d0 com.samsung.android.hmt.vrsvc/com.samsung.android.hmt.vrsvc.WaitActivity}: mDrawState=DRAW_PENDING
12-04 12:06:20.444   904   904 D ViewRootImpl: MSG_RESIZED_REPORT: ci=Rect(0, 0 - 0, 0) vi=Rect(0, 0 - 0, 0) or=1
12-04 12:06:20.444  1465  2321 D InputMethodManagerService: windowGainedFocus mCurrentFocusedUserId - 0 and mSecureKeypadEnabled-false
12-04 12:06:20.444  1465  1707 D KnoxTimeoutHandler: notifyActivityDrawn [MsgParam] userId: 0 fullscreen is true showWhenlocked is false
12-04 12:06:20.444  1465  1707 I ActivityManager: Displayed com.samsung.android.hmt.vrsvc/.WaitActivity: +414ms
12-04 12:06:20.444  1465  1465 D KnoxTimeoutHandler: activityDrawn [MsgParam] userId: 0 fullscreen is true showWhenlocked is false
12-04 12:06:20.444  1465  1707 D ViewRootImpl: #3 mView = null
12-04 12:06:20.454  1465  1465 I KnoxTimeoutHandler: SD activityfalse
12-04 12:06:20.454  4260  4260 D SamsungIME: IMPL finishInput
12-04 12:06:20.454  4260  4260 D SamsungIME: SwiftKeyWrapper writeDBdataToFileOnFinishInput
12-04 12:06:20.454  4260  4260 D SamsungIME: saveAndClear +
12-04 12:06:20.454  4260  4260 D SamsungIME: saveAndClear -
12-04 12:06:20.454  4260  4260 D SamsungIME: onStartInput: No inputType, No imeOption, isInputViewShown = false, isExtractViewShown = false, isShowInputRequested = false, isConfigChanged = false
12-04 12:06:20.454   639   639 D libEGL  : eglInitialize EGLDisplay = 0x7fe54c6008
12-04 12:06:20.464  1465  1707 I Timeline: Timeline: Activity_windows_visible id: ActivityRecord{511a519 u0 com.samsung.android.hmt.vrsvc/.WaitActivity t6315} time:168763483
12-04 12:06:20.464  1465  3619 V WindowStateAnimator: Finishing drawing window Window{3228725 u0 d0 com.samsung.android.hmt.vrsvc/com.samsung.android.hmt.vrsvc.WaitActivity}: mDrawState=HAS_DRAWN
12-04 12:06:20.464  1465  1707 D KnoxTimeoutHandler: notifyActivityDrawn [MsgParam] userId: 0 fullscreen is true showWhenlocked is false
12-04 12:06:20.464  1465  1465 D KnoxTimeoutHandler: activityDrawn [MsgParam] userId: 0 fullscreen is true showWhenlocked is false
12-04 12:06:20.464   904   904 I Timeline: Timeline: Activity_idle id: android.os.BinderProxy@ec9ad35 time:168763487
12-04 12:06:20.464  1465  1465 I KnoxTimeoutHandler: SD activityfalse
12-04 12:06:20.464  2860  2860 D Launcher.HomeView: onStop
12-04 12:06:20.464  2860  2860 D capture : ----destroy
12-04 12:06:20.474   639   639 D libEGL  : eglInitialize EGLDisplay = 0x7fe54c6008
12-04 12:06:20.474  2860  2860 D Launcher: onTrimMemory. Level: 20
12-04 12:06:20.524   639  5164 I SurfaceFlinger: id=4203 Removed MauncherAct (7/16)
12-04 12:06:20.524   639   672 I SurfaceFlinger: id=4203 Removed MauncherAct (-2/16)
12-04 12:06:20.544   639   639 D libEGL  : eglTerminate EGLDisplay = 0x7fe54c6108
12-04 12:06:20.644   639  2750 I SurfaceFlinger: id=4204 Removed wrsvc (9/15)
12-04 12:06:20.644   639   674 I SurfaceFlinger: id=4204 Removed wrsvc (-2/15)
12-04 12:06:20.644  2279  2279 D ImageWallpaper: onVisibilityChanged:false
12-04 12:06:20.644  2279  2279 D ImageWallpaper: drawFrame
12-04 12:06:20.644  2279  2279 D ImageWallpaper: drawFrame:false rotation:0 mLastRotation:0
12-04 12:06:20.644  2279  2279 D ImageWallpaper: drawFrame:[frame.width()]2240[frame.height()]2560
12-04 12:06:20.644  2279  2279 D ImageWallpaper: Suppressed drawFrame since redraw is not needed and offsets have not changed.
12-04 12:06:20.664   639   639 D libEGL  : eglTerminate EGLDisplay = 0x7fe54c6108
12-04 12:06:21.294  1184  1916 I QC-NETMGR-LIB: Received nl msg, recvmsg returned 64
12-04 12:06:21.294  1184  1916 I QC-NETMGR-LIB: Received command: ID=NETMGR_KIF_MSG_CMD, link=0
12-04 12:06:21.294  2818  2818 I wpa_supplicant: nl80211: Received scan results (8 BSSes)
12-04 12:06:21.294   974  1750 D Netd    : Iface wlan0 link up
12-04 12:06:21.294  1184  1912 I QC-NETMGR-LIB: Process command: ID=NETMGR_KIF_MSG_CMD, link=0, state=1
12-04 12:06:21.294  1184  1912 I QC-NETMGR-LIB: Processing RTM_NEWLINK
12-04 12:06:21.294  1184  1912 I QC-NETMGR-LIB: Metainfo:  Index=6 Family=0 Type=0x1 Change=[0x0] Flags=[0x11043]UP BROADCAST RUNNING MULTICAST LOWER_UP 
12-04 12:06:21.294  1184  1912 I QC-NETMGR-LIB: Rcvd Netlink msg type [16]
12-04 12:06:21.294  1184  1912 I QC-NETMGR-LIB: Received RTM_NEWLINK
12-04 12:06:21.294  1184  1912 E QC-NETMGR-LIB: unrecognized ifindex 6, disable link
12-04 12:06:21.294  1465  1634 D Tethering: interfaceLinkStateChanged wlan0, true
12-04 12:06:21.294  1465  1634 D Tethering: interfaceStatusChanged wlan0, true
12-04 12:06:21.294  1465  1634 D EPDG -- [NETMGMT]: Interface wlan0 link up
12-04 12:06:21.304  1465  2206 D EPDG -- [EPDGService]: Interface wlan0 link up
12-04 12:06:21.304  1465  2206 D EPDG -- [EPDGService]: mobileIntfPrefix is rmnet_data
12-04 12:06:21.304  1465  2206 D EPDG -- [EPDGService]: Not Mobile Interface. Ignoring Interface State Change Event
12-04 12:06:21.394  1465  1606 D LocationManagerService: Sending location for screening
12-04 12:06:21.394  1465  2940 V GNPProxy: handleMessage what - 4
12-04 12:06:21.394  1465  2940 V OSNPGlue_jni: Entering  : void onJavaLocationChanged(JNIEnv*, jobject, jboolean, jlong, jboolean, jlong, jboolean, jdouble, jboolean, jdouble, jboolean, jfloat, jboolean, jdouble, jboolean, jfloat, jboolean, jfloat)
12-04 12:06:21.394  1465  2955 E LocSvc_libulp: I/int ulp_brain_process_gnp_position_report(UlpLocation*), first_fix_pending 1, request active = 0,gnss running 0, gnss state 0 quipc running 0 quipc state 0
12-04 12:06:21.394  1465  2955 E LocSvc_libulp: I/int ulp_brain_process_gnp_position_report(UlpLocation*), report GNP position to hybrid fix requests = 0
12-04 12:06:21.394  1465  2955 E LocSvc_libulp: E/int ulp_brain_transition_all_providers(), no QUIPC/GNSS transition logic run due to both engines are OFF 
12-04 12:06:21.394  3312 22357 W ctxmgr  : [ContextSpecificAclFactory]LocationConsent failed, ULR opt-in status is: false, account#-559158337#
12-04 12:06:21.394  3312 22357 W ctxmgr  : [AclManager]No 2 for (accnt=account#-559158337#, com.google.android.gms(10023):UserLocationProducer, vrsn=10084000, 0, 3pPkg = null ,  3pMdlId = null). Was: 2 for 1, account#-559158337#
12-04 12:06:21.394  1465  2178 D WifiController: ApOrStaEnabledState  msg.what= 155654
12-04 12:06:21.394  3312 22357 W ctxmgr  : [ContextSpecificAclFactory]LocationConsent failed, ULR opt-in status is: false, account#1895128056#
12-04 12:06:21.394  3312 22357 W ctxmgr  : [AclManager]No 2 for (accnt=account#1895128056#, com.google.android.gms(10023):UserLocationProducer, vrsn=10084000, 0, 3pPkg = null ,  3pMdlId = null). Was: 2 for 1, account#1895128056#
12-04 12:06:21.394  3312 22357 W ctxmgr  : [ContextSpecificAclFactory]LocationConsent failed, ULR opt-in status is: false, account#-403925161#
12-04 12:06:21.394  3312 22357 W ctxmgr  : [AclManager]No 2 for (accnt=account#-403925161#, com.google.android.gms(10023):UserLocationProducer, vrsn=10084000, 0, 3pPkg = null ,  3pMdlId = null). Was: 2 for 1, account#-403925161#
12-04 12:06:21.404  1465  2611 E LocSvc_ApiV02: I/<--- void globalRespCb(locClientHandleType, uint32_t, locClientRespIndUnionType, void*) line 131 QMI_LOC_INJECT_POSITION_REQ_V02
12-04 12:06:21.404  1465  2578 I IzatProviderEngine: LocTech-Label :: OSDC :: Position Report In
12-04 12:06:21.404  1465  1606 D LocationManagerService: This location is marked as ready for broadcast
12-04 12:06:21.404  1465  1606 I LocationManagerService: remove ec5eea8 by com.ulmon.android.playtokyoofflinemap
12-04 12:06:21.404  1465  1606 I LocationManagerService: removeUpdates, receiver.requestedID = ec5eea8
12-04 12:06:21.404  2555  2555 D FusedRequestManager: manageLocationRequest, remove request from com.ulmon.android.playtokyoofflinemap with ec5eea8 through LocationManagerService
12-04 12:06:21.404  1465  1606 I AppOps  : sendInfoToFLP, code=41 , uid=10249 , packageName=com.ulmon.android.playtokyoofflinemap , type=finishOp
12-04 12:06:21.404  1465  1606 D LocationManagerService: provider request: network ProviderRequest[ON interval=+24h0m0s0ms]
12-04 12:06:21.404  1465  2935 D IzatProviderEngine_jni: onRemoveRequest called by network
12-04 12:06:21.404  1465  2935 D IzatProviderEngine_jni: Provider Type: 2
12-04 12:06:21.404  1465  2935 D IzatProviderEngine_jni: Num Updates : 1
12-04 12:06:21.404  1465  2935 D IzatProviderEngine_jni: Interval : 0
12-04 12:06:21.404  1465  2935 D IzatProviderEngine_jni: Displacement : 0.000000
12-04 12:06:21.404  1465  2935 D IzatProviderEngine_jni: Accuracy : 1
12-04 12:06:21.404  1465  2935 E IzatSvc_IzatManager: I/LocTech-Label :: IZATMANAGER :: Remove Request In
12-04 12:06:21.404  1465  2935 E IzatSvc_IzatManager: I/LocTech-Value :: Provider: 2, Num Updates: 1, TTFF: 0, Interval: 0, Displacement: 0.000000, Horizontal Accuracy: 33330161966722469345799349552007130704133141933478187597775765504.000000, Altitude Accuracy: 1, Bearing Accuracy: 2
12-04 12:06:21.404  1465  2955 E LocSvc_libulp: I/int ulp_brain_process_criteria_update() index at 0, isNew = 0, mask 0x1a77, provider source = 4,accuracy = 2, recurrence = 0, tbf = 86400000
12-04 12:06:21.404  1465  2578 V OSNPGlue_jni: Entering  : void onSetRequestJNI(izat_manager::IzatRequest*)
12-04 12:06:21.404  1465  2940 V GNPProxy: handleMessage what - 3
12-04 12:06:23.044  1465  2250 W System.err: remove failed: ENOENT (No such file or directory) : /data/system/recent_tasks/6315_task.xml.bak
12-04 12:06:24.214  1465  1634 D EPDG -- [NETMGMT]: Interface wlan0 limitName globalAlert
12-04 12:06:24.214  1465  2172 D NtpTrustedTime: currentTimeMillis() cache hit
12-04 12:06:24.224  1465  2172 D NetworkStats: IMS LinkProperties is not null
12-04 12:06:24.244 17516 17516 D HeadsetPhoneState: Signal level : previous=4 curr=5
12-04 12:06:24.244 17516 17516 D HeadsetPhoneState: sendDeviceStateChanged. mService=1 mSignal=5 mRoam=0 mBatteryCharge=1
12-04 12:06:24.244 17516 17625 D HeadsetStateMachine: Disconnected process message: 11, size: 0
12-04 12:06:24.244 17516 17625 E HeadsetStateMachine: Unknown message: 11
12-04 12:06:24.244  2279  2514 D NetworkController.MobileSignalController(0/1): onSignalStrengthsChanged signalStrength=SignalStrength: 99 99 -120 -160 -120 -1 -1 28 -79 -7 132 -1 2147483647 0x5000 gsm|lte level=5
12-04 12:06:24.244  2279  2514 D NetworkController.MobileSignalController(0/1): getMobileIconGroup(): 13
12-04 12:06:24.244  2279  2514 D NetworkController.MobileSignalController(0/1): updateATTMobileIconGroup(): 13
12-04 12:06:24.244  1465  2206 D EPDG -- [SMARTWIFI]: onSignalStrengthsChanged: Received signal strength change, phone type is: 1
12-04 12:06:24.244  1465  5391 D EPDG -- [SMARTWIFI]: lastLteRSRP is -79currentLteRSRP is -79
12-04 12:06:24.244  1465  5391 D EPDG -- [SMARTWIFI]: lastCdmaDb is -16currentCdmaDb is -16
12-04 12:06:24.244  1465  5391 V EPDG -- [SMARTWIFI]: Radio oldest entry removed
12-04 12:06:24.244  1465  5391 V EPDG -- [SMARTWIFI]: New entry : (SignalStrength: 99 99 -120 -160 -120 -1 -1 28 -79 -7 132 -1 2147483647 0x5000 gsm|lte : 0 )
12-04 12:06:24.244  1465  5391 V EPDG -- [SMARTWIFI]: Radio entry added
12-04 12:06:24.284  1465  2172 D NtpTrustedTime: currentTimeMillis() cache hit
12-04 12:06:24.284  1465  2173 D NtpTrustedTime: currentTimeMillis() cache hit
12-04 12:06:24.284  1465  2173 D NtpTrustedTime: currentTimeMillis() cache hit
12-04 12:06:24.304  1465  2173 D NtpTrustedTime: currentTimeMillis() cache hit
12-04 12:06:25.294 17516 17516 D BtGatt.ScanManager: awakened up at time 182504784
12-04 12:06:25.304 17516 17587 D BtGatt.ScanManager: flushPendingBatchResults - clientIf = 7
12-04 12:06:25.324 17516 17575 D BtGatt.GattService: onBatchScanReports() - clientIf=7, status=0, reportType=2, numRecords=0
12-04 12:06:25.324 17516 17575 D BtGatt.ScanManager: callback done for clientIf - 7 status - 0
12-04 12:06:25.364  1465  2134 D InputReader: Input event(6): value=1 when=168768384458000
12-04 12:06:25.364  1465  2134 D InputReader: Input event(6): value=1 when=168768384458000
12-04 12:06:25.364  1465  2134 I InputReader: Touch event's action is 0x0 (deviceType=0) [pCnt=1, s=0.6643 ] when=168768384458000
12-04 12:06:25.364  1465  2134 D InputReader: lastThreadEndTime = 168762798161690, currentThreadStartTime = 168762798166065, diff = 0
12-04 12:06:25.364  1465  2133 I InputDispatcher: Delivering touch to (904): action: 0x0, toolType: 1
12-04 12:06:25.364   904   904 D ViewRootImpl: ViewPostImeInputStage processPointer 0
12-04 12:06:25.384  1465  2134 D InputReader: Input event(6): value=0 when=168768407638000
12-04 12:06:25.384  1465  2134 D InputReader: Input event(6): value=0 when=168768407638000
12-04 12:06:25.384  1465  2134 I InputReader: Touch event's action is 0x1 (deviceType=0) [pCnt=1, s=] when=168768407638000
12-04 12:06:25.384  1465  2133 I InputDispatcher: Delivering touch to (904): action: 0x1, toolType: 1
12-04 12:06:25.384   904   904 D ViewRootImpl: ViewPostImeInputStage processPointer 1
12-04 12:06:26.624  1465  2134 D InputReader: Input event(6): value=1 when=168769640068000
12-04 12:06:26.624  1465  2134 D InputReader: Input event(6): value=1 when=168769640068000
12-04 12:06:26.624  1465  2134 I InputReader: Touch event's action is 0x0 (deviceType=0) [pCnt=1, s=0.6644 ] when=168769640068000
12-04 12:06:26.624  1465  2134 D InputReader: lastThreadEndTime = 168768407995542, currentThreadStartTime = 168768408000647, diff = 0
12-04 12:06:26.624  1465  2133 I InputDispatcher: Delivering touch to (904): action: 0x0, toolType: 1
12-04 12:06:26.624   904   904 D ViewRootImpl: ViewPostImeInputStage processPointer 0
12-04 12:06:26.644  1465  2134 D InputReader: Input event(6): value=0 when=168769665252000
12-04 12:06:26.644  1465  2134 D InputReader: Input event(6): value=0 when=168769665252000
12-04 12:06:26.644  1465  2134 I InputReader: Touch event's action is 0x1 (deviceType=0) [pCnt=1, s=] when=168769665252000
12-04 12:06:26.644  1465  2133 I InputDispatcher: Delivering touch to (904): action: 0x1, toolType: 1
12-04 12:06:26.644   904   904 D ViewRootImpl: ViewPostImeInputStage processPointer 1
12-04 12:06:27.044   992  1218 D qti_sensorhub_hal: SNS_OEM_2_REPORT_IND index[1] number[1] total[10]
12-04 12:06:27.044   992  1218 D qti_sensorhub_hal: Activities: 1 ts: 1685160762
12-04 12:06:27.044  1465  2124 D SensorHubManager: onGetSensorHubDataLocked: library(10) = 1, 1, 26, 1, 4, 80, -91, -40, 1, 0
12-04 12:06:27.044  1465  2123 D CAE     : onGetSensorHubData(SensorHubParserProvider.java:92) - onGetSensorHubData Event [event buffer len :10], AP_WAKEUP
12-04 12:06:27.044  1465  2123 I CAE     : parse(SensorHubParserProvider.java:188) - buffer size = 10
12-04 12:06:27.044  1465  2123 I CAE     : parse(SensorHubParserProvider.java:199) - 1, 1, 26, 1, 4, 80, -91, -40, 1, 0,
12-04 12:06:27.044  1465  2123 D CAE     : display(ContextProvider.java:375) - ================= ACTIVITY_TRACKER =================
12-04 12:06:27.044  1465  2123 I CAE     : display(ContextProvider.java:391) - Accuracy=[0], OperationMode=[0], ActivityType=[1], TimeStamp=[1480881987057]
12-04 12:06:27.044  1465  2126 D SContextService: updateSContext() : event = Activity Tracker
12-04 12:06:27.444   992  1202 I qti_sensorhub_hal: OEM_1_REPORT_IND
12-04 12:06:27.444   992  1202 D qti_sensorhub_hal: AutoRotation 0 ts: 1685172881
12-04 12:06:27.444  1465  2124 D SensorHubManager: onGetSensorHubDataLocked: library(4) = 1, 1, 7, 0
12-04 12:06:27.454  1465  2123 D CAE     : onGetSensorHubData(SensorHubParserProvider.java:92) - onGetSensorHubData Event [event buffer len :4], AP_WAKEUP
12-04 12:06:27.454  1465  2123 I CAE     : parse(SensorHubParserProvider.java:188) - buffer size = 4
12-04 12:06:27.454  1465  2123 I CAE     : parse(SensorHubParserProvider.java:199) - 1, 1, 7, 0,
12-04 12:06:27.454  1465  2123 D CAE     : display(ContextProvider.java:375) - ================= AUTO_ROTATION =================
12-04 12:06:27.454  1465  2123 I CAE     : display(ContextProvider.java:391) - Angle=[0]
12-04 12:06:27.454  1465  2126 D SContextService: updateSContext() : event = Auto Rotation
12-04 12:06:27.714  1465  2134 D InputReader: Input event(6): value=1 when=168770736703000
12-04 12:06:27.714  1465  2134 D InputReader: Input event(6): value=1 when=168770736703000
12-04 12:06:27.714  1465  2134 I InputReader: Touch event's action is 0x0 (deviceType=0) [pCnt=1, s=0.6645 ] when=168770736703000
12-04 12:06:27.714  1465  2134 D InputReader: lastThreadEndTime = 168769665562052, currentThreadStartTime = 168769665568302, diff = 0
12-04 12:06:27.714  1465  2133 I InputDispatcher: Delivering touch to (904): action: 0x0, toolType: 1
12-04 12:06:27.724   904   904 D ViewRootImpl: ViewPostImeInputStage processPointer 0
12-04 12:06:27.734  1465  2134 D InputReader: Input event(6): value=0 when=168770758882000
12-04 12:06:27.734  1465  2134 D InputReader: Input event(6): value=0 when=168770758882000
12-04 12:06:27.734  1465  2134 I InputReader: Touch event's action is 0x1 (deviceType=0) [pCnt=1, s=] when=168770758882000
12-04 12:06:27.734  1465  2133 I InputDispatcher: Delivering touch to (904): action: 0x1, toolType: 1
12-04 12:06:27.734   904   904 D ViewRootImpl: ViewPostImeInputStage processPointer 1
12-04 12:06:27.764  1465  2134 D InputReader: Input event(6): value=1 when=168770785230000
12-04 12:06:27.764  1465  2134 D InputReader: Input event(6): value=1 when=168770785230000
12-04 12:06:27.764  1465  2134 I InputReader: Touch event's action is 0x0 (deviceType=0) [pCnt=1, s=0.6646 ] when=168770785230000
12-04 12:06:27.764  1465  2134 D InputReader: lastThreadEndTime = 168770759199708, currentThreadStartTime = 168770759205333, diff = 0
12-04 12:06:27.764  1465  2133 I InputDispatcher: Delivering touch to (904): action: 0x0, toolType: 1
12-04 12:06:27.764   904   904 D ViewRootImpl: ViewPostImeInputStage processPointer 0
12-04 12:06:27.834  1465  2134 D InputReader: Input event(6): value=0 when=168770849754000
12-04 12:06:27.834  1465  2134 D InputReader: Input event(6): value=0 when=168770849754000
12-04 12:06:27.834  1465  2134 I InputReader: Touch event's action is 0x1 (deviceType=0) [pCnt=1, s=] when=168770849754000
12-04 12:06:27.834  1465  2133 I InputDispatcher: Delivering touch to (904): action: 0x1, toolType: 1
12-04 12:06:27.834   904   904 D ViewRootImpl: ViewPostImeInputStage processPointer 1
12-04 12:06:28.004  1465  2215 D ApplicationPolicy: isStatusBarNotificationAllowedAsUser: packageName = android,userId = -1
12-04 12:06:28.014 29845 29845 V VRManagerServer: (VRSystemService.java:24) onCreate [onCreate]
12-04 12:06:28.014 29845 29845 V VRManagerServer: (VRManagerService.java:293) <init> [VRManagerService created]
12-04 12:06:28.024   802   802 I DeviceStateReceiver: onReceive
12-04 12:06:28.024   802   802 V DeviceStateReceiver: beginStartingService
12-04 12:06:28.024 26621 26696 D StreamDBQueue: Promised revision #85 to queue a new op
12-04 12:06:28.024 26621 26696 D BaseStreamManager: Promised set @ r#85 for StreamItemId{notifKey=-1|android|998563545|null|1000, packageName=android, id=998563545}
12-04 12:06:28.024 26621 26695 D DatabaseEventLogger: *** Published revision 85
12-04 12:06:28.024 26621 26695 D DatabaseEventLogger:   New items:
12-04 12:06:28.024 26621 26695 D DatabaseEventLogger:     StreamItemId{notifKey=-1|android|998563545|null|1000, packageName=android, id=998563545}
12-04 12:06:28.024 26621 26695 D DatabaseEventLogger:   ** Platform diffs:
12-04 12:06:28.024 26621 26695 D DatabaseEventLogger:     Top items (19 total)
12-04 12:06:28.024 26621 26695 D DatabaseEventLogger:       Reordered: yes
12-04 12:06:28.024 26621 26695 D DatabaseEventLogger:       New:
12-04 12:06:28.024 26621 26695 D DatabaseEventLogger:         StreamItemId{notifKey=-1|android|998563545|null|1000, packageName=android, id=998563545}
12-04 12:06:28.024 26621 26695 D DatabaseEventLogger:     Unread items (6 total)
12-04 12:06:28.024 26621 26695 D DatabaseEventLogger:       First item unread: no
12-04 12:06:28.024 26621 26695 D NewStreamAdapter: Publishing revision #85 to adapter clients
12-04 12:06:28.034  1465  2178 D WifiController: ApOrStaEnabledState  msg.what= 155652
12-04 12:06:28.034 29845 29845 V VRManagerServer: (VRManagerService.java:343) BRMq [VRManagerService systemReady VR_API_VERSION=11]
12-04 12:06:28.044  2769  2769 D BatteryMonitor: new battery level: 25
12-04 12:06:28.044  2279  2279 D KnoxNotification: ----- inflateViews : modified publicViewLocal -----
12-04 12:06:28.044 17516 17516 V HeadsetService: HeadsetService - Received Intent.ACTION_BATTERY_CHANGED
12-04 12:06:28.044 17516 17625 D HeadsetStateMachine: Disconnected process message: 10, size: 0
12-04 12:06:28.054  1465  1634 D EPDG -- [NETMGMT]: Interface wlan0 limitName globalAlert
12-04 12:06:28.054  1465  2172 D NtpTrustedTime: currentTimeMillis() cache hit
12-04 12:06:28.054  2279  2279 D KnoxNotification: ----- inflateViews : modified KnoxViewLocal -----
12-04 12:06:28.064  1465  2172 D NetworkStats: IMS LinkProperties is not null
12-04 12:06:28.074 29845 29845 V VRManagerServer: (VRManagerService.java:347) BRMq [storedBright=180]
12-04 12:06:28.074 29845 29845 V VRManagerServer: (VRSystemService.java:37) onBind [onBind]
12-04 12:06:28.074 29845 29855 V VRManagerServer: (VRManagerService.java:1760) QdBd [notifyDeviceEventChanged event=1(1)]
12-04 12:06:28.074 29845 29855 V VRManagerServer: (DeviceEventManager.java:75) QdBd [notifyDockStateChanged dockState=105]
12-04 12:06:28.074   802   802 V RequestService: Creating TransmitPowerService
12-04 12:06:28.074 29845 29845 D VRManagerServer: (VRManagerService.java:375) onReceive [action=com.samsung.intent.action.HMT_MOUNT_STICKY_EVENT sticky=true]
12-04 12:06:28.074 29845 29845 V VRManagerServer: (VRManagerService.java:378) onReceive [mountState=0]
12-04 12:06:28.074  2279  2279 D PhoneStatusBar: setAreThereNotifications: N=18 any=true clearable=true
12-04 12:06:28.084  2279  2279 D KeyguardUpdateMonitor: received broadcast android.intent.action.BATTERY_CHANGED
12-04 12:06:28.084  2279  2279 D NotificationStackScrollLayout:  scroll range should be extended : 1600
12-04 12:06:28.084  2279  2279 D NotificationStackScrollLayout:  scroll range should be extended : 1600
12-04 12:06:28.084  2279  2279 D NotificationStackScrollLayout:  scroll range should be extended : 1600
12-04 12:06:28.094 31859 31859 D PR.PopupuiReceiver: >> onReceive() : com.samsung.systemui.power.action.ACTION_CABLE_CONNECTED
12-04 12:06:28.094  2279  2279 D KeyguardUpdateMonitor: handleBatteryUpdate
12-04 12:06:28.094  1465  2489 D SecContentProvider2: query(), uri = -1 selection = getSealedState
12-04 12:06:28.104   802   802 V RequestService: Starting #1: Bundle[mParcelledData.dataSize=40]
12-04 12:06:28.104  1465  2697 D SecContentProvider2: query(), uri = 15 selection = getSealedHideNotificationMessages
12-04 12:06:28.104   802   961 V RequestService: Handling incoming message: { when=0 what=0 arg1=1 obj=Intent { act=com.samsung.UsbOtgCableConnection flg=0x10 cmp=com.sec.app.TransmitPowerService/.RequestService bqHint=4 VirtualScreenParam=Params{mDisplayId=-1, null, mFlags=0x00000000)} (has extras) } target=com.sec.app.TransmitPowerService.RequestService$ServiceHandler }
12-04 12:06:28.114  1465  3620 D SecContentProvider2: query(), uri = 15 selection = getCheckCoverPopupState
12-04 12:06:28.114 29845 29855 V VRManagerServer: (DeviceEventManager.java:80) QdBd [docked=false mounted=false]
12-04 12:06:28.114 31859 31859 I PR.PopupuiReceiver_KNOX: knoxSealedHideNotiMsg : 0, knoxCheckCoverPopupState : true
12-04 12:06:28.114 31859 31859 D PR.PopupuiReceiver: actionCableConnected()
12-04 12:06:28.114 31859 31859 I PR.PopupuiReceiver: Action cable connected ! on - 
12-04 12:06:28.124   904   904 V VRSVC   : (HmtService.java:31) onCreate [onCreate]
12-04 12:06:28.124   904   904 V VRSVC   : (StereoView.java:113) wtkw [swap width-height]
12-04 12:06:28.124   802   961 V DeviceStateReceiver: finishStartingService
12-04 12:06:28.124   904   904 V VRSVC   : (StereoView.java:121) wtkw [widthPixel=2560 heightPixel=1440 screenWidth=11.300013 screenHeight=6.300005 xdpi=575.433 ydpi=580.571 mScreenHalfWidthCm=5.6500063]
12-04 12:06:28.124   904   904 V VRSVC   : (StereoView.java:348) setInterpupillaryDistance [setInterpupillaryDistance interpupillaryDistance=5.75 mInterpupillaryDistancePixel=-11]
12-04 12:06:28.134   802   802 V RequestService: Destroying TransmitPowerService
12-04 12:06:28.134   904   904 V VRSVC   : (DockEventFactory.java:118) QdBd [OnDeviceEventListener set UserDockEvent]
12-04 12:06:28.134   904   904 V VRSVC   : (PrefMigrationEvent.java:139) <init> [Pref version=9]
12-04 12:06:28.134   904   904 E BluetoothHeadset: BTStateChangeCB is registed
12-04 12:06:28.144  1465  2172 D NtpTrustedTime: currentTimeMillis() cache hit
12-04 12:06:28.154  1465  2173 D NtpTrustedTime: currentTimeMillis() cache hit
12-04 12:06:28.154  1465  2173 D NtpTrustedTime: currentTimeMillis() cache hit
12-04 12:06:28.154   904   904 V VRSVC   : (HmtDeviceEventManager.java:109) wtkw [OnDeviceEvent onCreate start.]
12-04 12:06:28.174   904   968 D VRSVC   : (LogEvent.java:31) QdBd [OnDeviceEvent onCreate topActivity=com.samsung.android.hmt.vrsvc/.WaitActivity hmtConnected=false versionCode=256000000 versionName=2.5.60 hashCode=106666659 VRAPI=11 currentUser=0]
12-04 12:06:28.174   904   970 V MediaPlayer: decode(37, 3054064, 17007)
12-04 12:06:28.174   980  2540 I OggExtractor: OggSource::OggSource() mExtractor ref count = 4
12-04 12:06:28.174   904   966 V VRSVC   : (WakeLockControlEvent.java:26) yTqX [acquire vr service wakelock]
12-04 12:06:28.184   980  2540 I OMXCodec: Attempting to allocate OMX node 'OMX.google.vorbis.decoder'
12-04 12:06:28.184   980  2540 I OMXCodec: Successfully allocated OMX node 'OMX.google.vorbis.decoder'
12-04 12:06:28.184   980  2540 I OMXCodec: >>>UHQA initOutputFormat 16
12-04 12:06:28.184   980  2540 I OMXCodec: [OMX.google.vorbis.decoder] OMXCodec::start mState=1
12-04 12:06:28.184   980  2540 I OMXCodec: [OMX.google.vorbis.decoder] allocating 4 buffers of size 8192 on input port
12-04 12:06:28.184   980  2540 I OMXCodec: [OMX.google.vorbis.decoder] allocating 4 buffers of size 32768 on output port
12-04 12:06:28.184   904   967 V VRSVC   : (KeyguardControlEvent.java:83) yTqX [isSecureKeyGuardLocked isKeyguardSecure=true isKeyguardLocked=false]
12-04 12:06:28.194   904   967 V VRSVC   : (KeyguardControlEvent.java:84) wtkw [isNormalKeyGuardLocked isKeyguardSecure=true isKeyguardLocked=false]
12-04 12:06:28.194   904   973 V MediaPlayer: decode(40, 3071120, 14070)
12-04 12:06:28.194   980 17268 I OggExtractor: OggSource::OggSource() mExtractor ref count = 4
12-04 12:06:28.194   904   967 V VRSVC   : (KeyguardControlEvent.java:86) QdBd [isSecureKeyguardLocked=false isNormalKeyguardLocked=false]
12-04 12:06:28.194   980   985 I OMXCodec: [OMX.google.vorbis.decoder] Now Idle. Component sends idle done Event 
12-04 12:06:28.204  1465  2173 D NtpTrustedTime: currentTimeMillis() cache hit
12-04 12:06:28.204   980 17268 I OMXCodec: Attempting to allocate OMX node 'OMX.google.vorbis.decoder'
12-04 12:06:28.204   980 17268 I OMXCodec: Successfully allocated OMX node 'OMX.google.vorbis.decoder'
12-04 12:06:28.204   980 17268 I OMXCodec: >>>UHQA initOutputFormat 16
12-04 12:06:28.204   980 17268 I OMXCodec: [OMX.google.vorbis.decoder] OMXCodec::start mState=1
12-04 12:06:28.204   980 17268 I OMXCodec: [OMX.google.vorbis.decoder] allocating 4 buffers of size 8192 on input port
12-04 12:06:28.204   980 17268 I OMXCodec: [OMX.google.vorbis.decoder] allocating 4 buffers of size 32768 on output port
12-04 12:06:28.204   980   987 I OMXCodec: [OMX.google.vorbis.decoder] Now Idle. Component sends idle done Event 
12-04 12:06:28.204   904   968 V VRSVC   : (SetupWizardEvent.java:152) yTqX [scenario=1(1)]
12-04 12:06:28.214   980   987 I OMXCodec: [OMX.google.vorbis.decoder] 0onCmdComplete  mState =  7
12-04 12:06:28.214   980   987 I OMXCodec: [OMX.google.vorbis.decoder] PORT_DISABLED(1)
12-04 12:06:28.214   980   987 I OMXCodec: >>>UHQA initOutputFormat 16
12-04 12:06:28.214   980   987 I OMXCodec: [OMX.google.vorbis.decoder] allocating 4 buffers of size 32768 on output port
12-04 12:06:28.224   980   985 I OMXCodec: [OMX.google.vorbis.decoder] 0onCmdComplete  mState =  7
12-04 12:06:28.224   980   985 I OMXCodec: [OMX.google.vorbis.decoder] PORT_DISABLED(1)
12-04 12:06:28.224   980   985 I OMXCodec: >>>UHQA initOutputFormat 16
12-04 12:06:28.224   904   968 V VRSVC   : (SetupWizardEvent.java:162) yTqX [isScenarioChanged prevMCC=310 currentMCC=310 isForce=false]
12-04 12:06:28.224   904   968 I VRSVC   : (SetupWizardEvent.java:177) yTqX [scenario not changed]
12-04 12:06:28.224   980   985 I OMXCodec: [OMX.google.vorbis.decoder] allocating 4 buffers of size 32768 on output port
12-04 12:06:28.234   980   987 I OMXCodec: [OMX.google.vorbis.decoder] End Of Stream
12-04 12:06:28.234   980 17268 I SoundExtractor: extract() reached EOS
12-04 12:06:28.234   980 17268 I OMXCodec: [OMX.google.vorbis.decoder] stop mState=4
12-04 12:06:28.234   980 17268 I OMXCodec: [OMX.google.vorbis.decoder] stop() sendCommand(539, OMX_CommandStateSet, OMX_StateIdle)
12-04 12:06:28.234   980   987 I OMXCodec: [OMX.google.vorbis.decoder] Now Idle. Component sends idle done Event 
12-04 12:06:28.234   980 17268 I OMXCodec: [OMX.google.vorbis.decoder] stopOmxComponent_l() mstate = 1
12-04 12:06:28.234   980 17268 I OggExtractor: OggSource::stop() mExtractor ref count = 1
12-04 12:06:28.234   980 17268 I OggExtractor: OggSource::~OggSource() mExtractor !mStarted ref count = 1
12-04 12:06:28.234   980 17268 I OggExtractor: ~OggSource --
12-04 12:06:28.234   980 17268 I OggExtractor: ~OggExtractor ++
12-04 12:06:28.234   980 17268 I OggExtractor: ~MyOggExtractor ++ 
12-04 12:06:28.234   980 17268 I OggExtractor: ~MyOggExtractor --
12-04 12:06:28.234   980 17268 I OggExtractor: ~OggExtractor --
12-04 12:06:28.244   980   985 I OMXCodec: [OMX.google.vorbis.decoder] End Of Stream
12-04 12:06:28.244   980  2540 I SoundExtractor: extract() reached EOS
12-04 12:06:28.244   980  2540 I OMXCodec: [OMX.google.vorbis.decoder] stop mState=4
12-04 12:06:28.244   980  2540 I OMXCodec: [OMX.google.vorbis.decoder] stop() sendCommand(538, OMX_CommandStateSet, OMX_StateIdle)
12-04 12:06:28.254   980   985 I OMXCodec: [OMX.google.vorbis.decoder] Now Idle. Component sends idle done Event 
12-04 12:06:28.254   980  2540 I OMXCodec: [OMX.google.vorbis.decoder] stopOmxComponent_l() mstate = 1
12-04 12:06:28.254   980  2540 I OggExtractor: OggSource::stop() mExtractor ref count = 1
12-04 12:06:28.254   980  2540 I OggExtractor: OggSource::~OggSource() mExtractor !mStarted ref count = 1
12-04 12:06:28.254   980  2540 I OggExtractor: ~OggSource --
12-04 12:06:28.254   980  2540 I OggExtractor: ~OggExtractor ++
12-04 12:06:28.254   980  2540 I OggExtractor: ~MyOggExtractor ++ 
12-04 12:06:28.254   980  2540 I OggExtractor: ~MyOggExtractor --
12-04 12:06:28.254   980  2540 I OggExtractor: ~OggExtractor --
12-04 12:06:28.254   904   968 V VRSVC   : (SetupWizardEvent.java:146) yTqX [setupWizardComplete=1 LAST_SDK_INT=23 elapsedTime=83]
12-04 12:06:28.254   904   968 V VRSVC   : (SetupWizardEvent.java:147) yTqX [developerMode=false demoMode=false]
12-04 12:06:28.254   904   904 V VRSVC   : (HmtDeviceEventManager.java:101) wtkw [OnDeviceEvent onCreate finished. elapsedTime=96]
12-04 12:06:28.254   904   904 V VRSVC   : (HmtService.java:50) onStartCommand [onStartCommand() flags=0 startId=1 sys.hmt.connected=false]
12-04 12:06:28.254   904   962 V VRSVC   : (HmtService.java:112) yTqX [onHandleIntent action=com.samsung.intent.action.HMT_DOCK_EVENT]
12-04 12:06:28.254   904   904 D VRSVC   : (PhoneStateEvent.java:61) yTqX [registerPhoneListener]
12-04 12:06:28.264   904   962 V VRSVC   : (HmtService.java:246) wtkw [handleIntentDockEvent dockState=105 docked=false mounted=false]
12-04 12:06:28.264   904   904 D VRSVC   : (BatteryEvent.java:72) onReceive [intent action=android.intent.action.BATTERY_CHANGED isInitialStickyBroadcast=true]
12-04 12:06:28.264   904   904 V VRSVC   : (BatteryEvent.java:86) yTqX [handleIntentBattery batteryLevel=25 batteryStatus=3 batteryPlugged=0 batteryTemperature=270]
12-04 12:06:28.274   904   904 D VRSVC   : (HeadsetPlugEvent.java:62) onReceive [intent action=android.intent.action.HEADSET_PLUG]
12-04 12:06:28.274   904   904 V VRSVC   : (HeadsetPlugEvent.java:71) yTqX [handleIntentHeadsetPlug state=0 isSticky=true]
12-04 12:06:28.274   904   904 D VRSVC   : (WifiEvent.java:72) onReceive [intent action=android.net.wifi.STATE_CHANGE]
12-04 12:06:28.274   904   904 V VRSVC   : (BluetoothControlEvent.java:109) onServiceConnected [onServiceConnected profile=1]
12-04 12:06:28.274   904   904 V VRSVC   : (SoundUtil.java:77) onLoadComplete [onLoadComplete sampleId=1 status=0]
12-04 12:06:28.274  1465  2178 D WifiController: ApOrStaEnabledState  msg.what= 155652
12-04 12:06:28.274   904   904 V VRSVC   : (SoundUtil.java:77) onLoadComplete [onLoadComplete sampleId=1 status=0]
12-04 12:06:28.274  2279  2279 D KeyguardUpdateMonitor: received broadcast android.intent.action.BATTERY_CHANGED
12-04 12:06:28.274  2279  2279 D KeyguardUpdateMonitor: handleBatteryUpdate
12-04 12:06:28.274  2769  2769 D BatteryMonitor: new battery level: 25
12-04 12:06:28.284   904   962 V VRSVC   : (HmtDeviceEventManager.java:109) wtkw [OnDeviceEvent onPreDock start.]
12-04 12:06:28.284   904   965 D VRSVC   : (LogEvent.java:42) bHGb [OnDeviceEvent onPreDock]
12-04 12:06:28.284   904   968 V VRSVC   : (HmtDockEvent.java:70) wtkw [sendStickyDockEvent]
12-04 12:06:28.284   904   904 V VRSVC   : (PhoneStateEvent.java:85) onCallStateChanged [onCallStateChanged stat=0]
12-04 12:06:28.284   904   904 D VRSVC   : (PhoneStateEvent.java:89) onCallStateChanged [CALL_STATE_IDLE]
12-04 12:06:28.294  1465  2698 D SecContentProvider2: query(), uri = 13 selection = isMultiWindowModeAllowedAsUser
12-04 12:06:28.294  1465  1629 D MultiPhoneWindowManager: updateSetting mEnableMultiWindowUISetting = 0
12-04 12:06:28.294  1465  1629 D PersonaManager: getForegroundUser
12-04 12:06:28.294 17516 17516 V HeadsetService: HeadsetService - Received Intent.ACTION_BATTERY_CHANGED
12-04 12:06:28.294 17516 17625 D HeadsetStateMachine: Disconnected process message: 10, size: 0
12-04 12:06:28.304  1465  1629 I MultiPhoneWindowManager: updateMultiWindowTrayBar() -> stopService : com.sec.android.app.FlashBarService.MultiWindowTrayService
12-04 12:06:28.304   904   904 D VRSVC   : (BatteryEvent.java:72) onReceive [intent action=android.intent.action.BATTERY_CHANGED isInitialStickyBroadcast=false]
12-04 12:06:28.304   904   904 V VRSVC   : (BatteryEvent.java:86) yTqX [handleIntentBattery batteryLevel=25 batteryStatus=3 batteryPlugged=0 batteryTemperature=270]
12-04 12:06:28.314   904   965 D VRSVC   : (MultiWindowControlEvent.java:30) yTqX [startVR (multi_window_enabled) changed. [1->0] (value=0 prevValue=0 currentValue=1 type=Settings.System)]
12-04 12:06:28.314   904   962 V VRSVC   : (HmtDeviceEventManager.java:101) wtkw [OnDeviceEvent onPreDock finished. elapsedTime=30]
12-04 12:06:28.314   904   962 V VRSVC   : (HmtDeviceEventManager.java:109) wtkw [OnDeviceEvent onDock start.]
12-04 12:06:28.314   904   904 D VRSVC   : (MonoScreenEvent.java:84) yTqX [showMonoForeground animate=false]
12-04 12:06:28.314   904   968 D VRSVC   : (UserDockEvent.java:54) AmLH [onDock]
12-04 12:06:28.314   904   967 V VRSVC   : (DeviceEvent.java:20) yTqX [enableDeviceEventReceiver]
12-04 12:06:28.314   904   968 D VRSVC   : (UserDockEvent.java:59) wtkw [isOOBErunning=false]
12-04 12:06:28.314   904   989 V VRSVC   : (SoundUtil.java:86) run [play() await....]
12-04 12:06:28.314   904   989 V VRSVC   : (SoundUtil.java:94) run [play() mLoadedSound=1]
