12-04 12:04:59.124 32452 32452 E         : ****** [mtp_usb_mtp_finalize 1277] Calling mtp_stop_io 
12-04 12:04:59.124 32452 32452 D         : mtp_stop_io going to kill source thread, th_source value = 1
12-04 12:04:59.124  2279  2279 D KeyguardUpdateMonitor: received broadcast android.intent.action.BATTERY_CHANGED
12-04 12:04:59.144  2279  2279 D KeyguardUpdateMonitor: handleBatteryUpdate
12-04 12:04:59.194 31859 31859 D PR.PopupuiReceiver: >> onReceive() : com.samsung.systemui.power.action.ACTION_CABLE_DISCONNECTED
12-04 12:04:59.194  1465  2894 D SecContentProvider2: query(), uri = -1 selection = getSealedState
12-04 12:04:59.194  1465  2698 D SecContentProvider2: query(), uri = 15 selection = getSealedHideNotificationMessages
12-04 12:04:59.194  1465  1487 D SecContentProvider2: query(), uri = 15 selection = getCheckCoverPopupState
12-04 12:04:59.194 31859 31859 I PR.PopupuiReceiver_KNOX: knoxSealedHideNotiMsg : 0, knoxCheckCoverPopupState : true
12-04 12:04:59.194 31859 31859 D PR.PopupuiReceiver: actionCableDisconnected()
12-04 12:04:59.414  4030   823 D MediaProvider: savePlaylistTableInBulkDeleter started
12-04 12:04:59.414  4030  4169 E DatabaseUtils: Writing exception to parcel
12-04 12:04:59.414  4030  4169 E DatabaseUtils: java.lang.SecurityException: Permission Denial: reading com.android.providers.media.MediaProvider uri content://media/external/fs_id from pid=32440, uid=10194 requires android.permission.READ_EXTERNAL_STORAGE, or grantUriPermission()
12-04 12:04:59.414  4030  4169 E DatabaseUtils: 	at android.content.ContentProvider.enforceReadPermissionInner(ContentProvider.java:646)
12-04 12:04:59.414  4030  4169 E DatabaseUtils: 	at android.content.ContentProvider$Transport.enforceReadPermission(ContentProvider.java:493)
12-04 12:04:59.414  4030  4169 E DatabaseUtils: 	at android.content.ContentProvider$Transport.query(ContentProvider.java:218)
12-04 12:04:59.414  4030  4169 E DatabaseUtils: 	at android.content.ContentProviderNative.onTransact(ContentProviderNative.java:112)
12-04 12:04:59.414  4030  4169 E DatabaseUtils: 	at android.os.Binder.execTransact(Binder.java:453)
12-04 12:04:59.414  4030   823 D MediaProvider: savePlaylistTableInBulkDeleter started - audio_playlists_map_personal_cache existed
12-04 12:04:59.414  4030   823 D MediaProvider: savePlaylistTableInBulkDeleter started - audio_playlists_map_personal_cache is empty
12-04 12:04:59.414  4030   823 D MediaProvider: savePlaylistTableInBulkDeleter finished
12-04 12:04:59.424  4030   823 D MediaScanner: getExternalStorageSdPath return null
12-04 12:04:59.434  4030   823 D MediaScanner: Prescan. DB items number : 598 DB_FILES_NUMBER_CACHING_LIMITATION : 7000  Caching mode : true
12-04 12:04:59.504 17516 17516 D BtGatt.ScanManager: awakened up at time 182418990
12-04 12:04:59.504 17516 17587 D BtGatt.ScanManager: flushPendingBatchResults - clientIf = 7
12-04 12:04:59.514 17516 17575 D BtGatt.GattService: onBatchScanReports() - clientIf=7, status=0, reportType=2, numRecords=0
12-04 12:04:59.514 17516 17575 D BtGatt.ScanManager: callback done for clientIf - 7 status - 0
12-04 12:04:59.514  4030   823 V MediaScanner: processDirectory :  /storage/emulated/0
12-04 12:04:59.514  4030   823 D MediaScanner: Skipping:
12-04 12:04:59.514  4030   823 D MediaScanner: 7klwibgf7fvntblfd7(7Budiwrd7dblb7
12-04 12:04:59.524  4030   823 D MediaScanner: Skipping:
12-04 12:04:59.524  4030   823 D MediaScanner: 7klwibgf7fvntblfd7(7Budiwrd7waa7cwv5ebcfawws5sblbub7
12-04 12:04:59.524  4030   823 D MediaScanner: Skipping:
12-04 12:04:59.524  4030   823 D MediaScanner: 7klwibgf7fvntblfd7(7Budiwrd7waa7cwv5ebcfawws5wicb7
12-04 12:04:59.554  1465  2134 D InputReader: Input event(6): value=1 when=168682577842000
12-04 12:04:59.554  1465  2134 D InputReader: Input event(6): value=1 when=168682577842000
12-04 12:04:59.554  1465  2134 I InputReader: Touch event's action is 0x0 (deviceType=0) [pCnt=1, s=0.6640 ] when=168682577842000
12-04 12:04:59.554  1465  2134 D InputReader: lastThreadEndTime = 168671896057767, currentThreadStartTime = 168671896072819, diff = 0
12-04 12:04:59.554  1465  2133 I InputDispatcher: Delivering touch to (2279): action: 0x4, toolType: 1
12-04 12:04:59.554  1465  2133 I InputDispatcher: Delivering touch to (2860): action: 0x0, toolType: 1
12-04 12:04:59.554  1465  2133 I InputDispatcher: Delivering touch to (2279): action: 0x0, toolType: 1
12-04 12:04:59.564  1465  2244 D lights  : button : 1 +
12-04 12:04:59.564  2860  2860 D ViewRootImpl: ViewPostImeInputStage processPointer 0
12-04 12:04:59.564  2860  2860 D capture : ----destroy
12-04 12:04:59.564  2860  2860 I Launcher.HomeView: stopCaptureByItemClick
12-04 12:04:59.594  1465  2244 D lights  : button : 1 -
12-04 12:04:59.594  4030   823 D MediaScanner: Skipping:
12-04 12:04:59.594  4030   823 D MediaScanner: 7klwibgf7fvntblfd7(7DCRV75lpnvaubrtk7
12-04 12:04:59.594  4030   823 D MediaScanner: Skipping:
12-04 12:04:59.594  4030   823 D MediaScanner: 7klwibgf7fvntblfd7(75ebcf7
12-04 12:04:59.594   639   639 D libEGL  : eglInitialize EGLDisplay = 0x7fe54c6008
12-04 12:04:59.594  4030   823 D MediaScanner: Skipping:
12-04 12:04:59.594  4030   823 D MediaScanner: 7klwibgf7fvntblfd7(7cwv5ebcfawws5sblbub7
12-04 12:04:59.604  1465  2134 D InputReader: Input event(6): value=0 when=168682626571000
12-04 12:04:59.604  1465  2134 D InputReader: Input event(6): value=0 when=168682626571000
12-04 12:04:59.604  1465  2134 I InputReader: Touch event's action is 0x1 (deviceType=0) [pCnt=1, s=] when=168682626571000
12-04 12:04:59.604  1465  2133 I InputDispatcher: Delivering touch to (2860): action: 0x1, toolType: 1
12-04 12:04:59.604  1465  2133 I InputDispatcher: Delivering touch to (2279): action: 0x1, toolType: 1
12-04 12:04:59.604  2860  2860 D ViewRootImpl: ViewPostImeInputStage processPointer 1
12-04 12:04:59.614  2860  2860 D capture : ----destroy
12-04 12:04:59.614  2860  2860 D Launcher.Workspace: exitWidgetResizeMode. isClearResizeFrame is false
12-04 12:04:59.614  3184  4629 W SearchService: Abort, client detached.
12-04 12:04:59.614  2860  2860 D MenuView: MenuView collectShowAllAppsAnimators
12-04 12:04:59.614  2860  2860 D Launcher.HomeView: HomeView collectShowAllAppsAnimators
12-04 12:04:59.614  2860  2860 D Launcher.MenuAppsGrid: updateGridSize:GRID_5x5 cellWidth:288  cellHeight:432
12-04 12:04:59.624  3184  3184 I MicroDetector: Keeping mic open: false
12-04 12:04:59.624  3184   463 I AudioController: internalShutdown
12-04 12:04:59.624  3184   463 I MicrophoneInputStream: mic_close com.google.android.apps.gsa.speech.audio.ae@70afe85
12-04 12:04:59.624  3184  3427 I MicroRecognitionRunner: Stopping hotword detection.
12-04 12:04:59.624  3184   528 E AudioRecord-JNI: Error -4 during AudioRecord native read
12-04 12:04:59.624  3184   461 I DeviceStateChecker: DeviceStateChecker cancelled
12-04 12:04:59.624  4030   823 D MediaScanner: Skipping:
12-04 12:04:59.624  4030   823 D MediaScanner: 7klwibgf7fvntblfd7(7cwv5ebcfawws5wicb7
12-04 12:04:59.634  2860  2860 D Launcher.MenuAppsGrid: handleStateChange: (new)NORMAL(old)UNKNOWN
12-04 12:04:59.644  2649  2649 D CscUpdateService: sys.boot_completed is 1. Start update ringtone notification alarm
12-04 12:04:59.644  2649  2649 D CscUpdateService: PREF_RINGTONE_SET return 3
12-04 12:04:59.644  2649  2649 D CscUpdateService: PREF_NOTIFICATION_SET return 3
12-04 12:04:59.644  2649  2649 D CscUpdateService: PREF_ALARMTONE_SET return 3
12-04 12:04:59.644  4030  4030 D MediaProvider: Network connect success, Call RequestAddressThread
12-04 12:04:59.644  4030   825 D MediaProvider: There is no image files to update address and langagecode fields
12-04 12:04:59.644  4260  4260 D SamsungIME: IMPL finishInput
12-04 12:04:59.644  4260  4260 D SamsungIME: SwiftKeyWrapper writeDBdataToFileOnFinishInput
12-04 12:04:59.644  4260  4260 D SamsungIME: saveAndClear +
12-04 12:04:59.644  4260  4260 D SamsungIME: saveAndClear -
12-04 12:04:59.654  4260  4260 D SamsungIME: onStartInput: No inputType, No imeOption, isInputViewShown = false, isExtractViewShown = false, isShowInputRequested = false, isConfigChanged = false
12-04 12:04:59.654 32600 32600 E Controller: [#CMH#] FINISHED  EVENT_MEDIA_SCAN_FINISHED
12-04 12:04:59.654 32600 32600 I ControllerEventHandler: [#CMH#] onSystemRebooted 
12-04 12:04:59.654 32600 32600 I BaseThreadPoolExecutor: [#CMH#] Task com.samsung.cmh.database.DatabaseRebuilderTask@9af8a58 is submitted
12-04 12:04:59.654 32600   826 I DatabaseRebuilderTask: [#CMH#] syncCMHDB started  
12-04 12:04:59.674 32600   826 I DatabaseRebuilderTask: [#CMH#] No of Uris that are present in media :  349
12-04 12:04:59.674 32600   826 I DatabaseRebuilderTask: [#CMH#] No of Uris that are present in CMH :  349
12-04 12:04:59.674 32600   826 I DatabaseRebuilderTask: [#CMH#] No of Uris that are present in both Media and CMH:  349
12-04 12:04:59.674 32600   826 I DatabaseRebuilderTask: [#CMH#] Insert =  0 Delete =  0
12-04 12:04:59.674 32600   826 I DatabaseRebuilderTask: [#CMH#] syncCMHDB ended  0
12-04 12:04:59.674 32600 32600 I StorageController: [#CMH#] id: EVENT_MEDIA_SCAN_FINISHEDBundle = Bundle[{path=file:///storage/emulated/0, CleanBuffer=false}]
12-04 12:04:59.684  4030   823 D MediaProvider: savePlaylistTableInBulkDeleter started
12-04 12:04:59.684  4030   823 D MediaProvider: savePlaylistTableInBulkDeleter started - audio_playlists_map_personal_cache existed
12-04 12:04:59.684  4030   823 D MediaProvider: savePlaylistTableInBulkDeleter started - audio_playlists_map_personal_cache is empty
12-04 12:04:59.684  4030   823 D MediaProvider: savePlaylistTableInBulkDeleter finished
12-04 12:04:59.684 32600   826 I DatabaseRebuilderTask: [#CMH#]  sending broadcast for Event title upgrade  
12-04 12:04:59.694  4030   823 D MediaScanner: getExternalStorageSdPath return null
12-04 12:04:59.694  4030   823 D MediaScanner: Prescan. DB items number : 598 DB_FILES_NUMBER_CACHING_LIMITATION : 7000  Caching mode : true
12-04 12:04:59.694 32600   826 I BaseThreadPoolExecutor: [#CMH#] afterExecute FutureTask
12-04 12:04:59.704 32600 32600 E CMHService: [#CMH#] onCreate() 
12-04 12:04:59.704  4030 14628 E DatabaseUtils: Writing exception to parcel
12-04 12:04:59.704  4030 14628 E DatabaseUtils: java.lang.SecurityException: Permission Denial: reading com.android.providers.media.MediaProvider uri content://media/external/fs_id from pid=32440, uid=10194 requires android.permission.READ_EXTERNAL_STORAGE, or grantUriPermission()
12-04 12:04:59.704  4030 14628 E DatabaseUtils: 	at android.content.ContentProvider.enforceReadPermissionInner(ContentProvider.java:646)
12-04 12:04:59.704  4030 14628 E DatabaseUtils: 	at android.content.ContentProvider$Transport.enforceReadPermission(ContentProvider.java:493)
12-04 12:04:59.704  4030 14628 E DatabaseUtils: 	at android.content.ContentProvider$Transport.query(ContentProvider.java:218)
12-04 12:04:59.704  4030 14628 E DatabaseUtils: 	at android.content.ContentProviderNative.onTransact(ContentProviderNative.java:112)
12-04 12:04:59.704  4030 14628 E DatabaseUtils: 	at android.os.Binder.execTransact(Binder.java:453)
12-04 12:04:59.704 32600   828 I Controller: [#CMH#] com.android.providers.media Insert
12-04 12:04:59.704 32759 32759 I FaceService: [FaceService] onStopService() called 
12-04 12:04:59.704 32600   828 I Controller: [#CMH#] startSmartClustering starting clustering 
12-04 12:04:59.704 32600   828 I Controller: [#CMH#] startSmartClustering starting day clustering 
12-04 12:04:59.704 32600   828 I Controller: [#CMH#] startDaywiseClustering starting day clustering 
12-04 12:04:59.704 32747 32747 I IPService: [IPService] onStopService () called 
12-04 12:04:59.704 32731 32731 I StoryService: [StoryService] onStopService() 
12-04 12:04:59.704 32600   831 I ClusteringTask: [#CMH#] before mutex 
12-04 12:04:59.704 32600   831 I ClusteringTask: [#CMH#] after mutex 
12-04 12:04:59.704 32600   831 I MomentClusteringAlgo: [#CMH#] performClustering images deleted false
12-04 12:04:59.704 32600   831 I ClusteringDBUtils: [#CMH#] updateClusterTable In nothing to update 
12-04 12:04:59.714 32600 32600 E CMHService: [#CMH#] onDestroy() 
12-04 12:04:59.714 32600   829 I DayClusteringTask: [#CMH#] before mutex 
12-04 12:04:59.714 32600   829 I DayClusteringTask: [#CMH#] after mutex 
12-04 12:04:59.714 32600   829 I DayClusteringTask: [#CMH#] internalRun Cluster size after image deletion:  0
12-04 12:04:59.714 32600   829 I ClusteringDBUtils: [#CMH#] No clusters..!! 
12-04 12:04:59.714 32731 32731 I ServiceController: [StoryService] Sending response for  34 with status 35
12-04 12:04:59.724 32600   831 I MomentClusteringAlgo: [#CMH#] performClustering In 0 
12-04 12:04:59.724 32600   831 I ClusteringTask: [#CMH#] Cluster size: 0
12-04 12:04:59.724 32600   831 I ClusteringDBUtils: [#CMH#] updateClusterTable In nothing to update 
12-04 12:04:59.724 32600   831 I ClusteringTask: [#CMH#] after mutex release 
12-04 12:04:59.724 32600   830 I DayAndMonthTask: [#CMH#] before mutex 
12-04 12:04:59.724 32600   830 I DayAndMonthTask: [#CMH#] after mutex 
12-04 12:04:59.724 32600   830 I DayAndMonthTask: [#CMH#] after mutex release 
12-04 12:04:59.724   980  1732 I APM::AudioPolicyManager: stopInput() input 2031
12-04 12:04:59.724 32600   829 I TimeBasedClustering: [#CMH#] performClustering insertimages In 0 
12-04 12:04:59.724 32600   829 I DayClusteringTask: [#CMH#] internalRun Cluster size after image insertion:  0
12-04 12:04:59.724 32600   829 I ClusteringDBUtils: [#CMH#] No clusters..!! 
12-04 12:04:59.724 32600   829 I DayClusteringTask: [#CMH#] startLocationClustering In  0
12-04 12:04:59.724 32600   829 I DayClusteringTask: [#CMH#] internalRun::No more Images/Videos to process, Finished Task, Exiting  
12-04 12:04:59.724 32600   829 I DayClusteringTask: [#CMH#] after mutex release 
12-04 12:04:59.734   980   791 D audio_hw_primary: in_set_parameters: enter: kvpairs=routing=0
12-04 12:04:59.734   980   791 I samsungRecord: [samsungrecord] MicCalonoff 1
12-04 12:04:59.734   980   791 V audio_hw_primary: in_set_parameters: exit: status(0)
12-04 12:04:59.734   980   791 D audio_hw_primary: in_standby: enter: stream (0xdaeb0800) usecase(16: audio-record)
12-04 12:04:59.744 32676 32676 I AmznGallery_MediaScannerBroadcastReceiver: #onReceive(intent = Intent { act=android.intent.action.MEDIA_SCANNER_FINISHED dat=file:///storage/emulated/0 flg=0x10 cmp=com.amazon.clouddrive.photos/com.amazon.gallery.thor.app.MediaScannerBroadcastReceiver bqHint=4 VirtualScreenParam=Params{mDisplayId=-1, null, mFlags=0x00000000)} (has extras) })
12-04 12:04:59.744 32676 32676 W AmznGallery_TagAwareMediaStoreSyncProviderImpl: Not running mediaStore sync due to insufficient permissions
12-04 12:04:59.744  4030   823 V MediaScanner: processDirectory :  /storage/emulated/0
12-04 12:04:59.744  4030   823 D MediaScanner: Skipping:
12-04 12:04:59.744  4030   823 D MediaScanner: 7klwibgf7fvntblfd7(7Budiwrd7dblb7
12-04 12:04:59.754 32731 32731 I ServiceUtils: [StoryService] getSharedPrefLong retVal: 2 
12-04 12:04:59.754 32731 32731 I ServiceUtils: [StoryService] setSharedPrefLong : 2 
12-04 12:04:59.754  4030   823 D MediaScanner: Skipping:
12-04 12:04:59.754  4030   823 D MediaScanner: 7klwibgf7fvntblfd7(7Budiwrd7waa7cwv5ebcfawws5sblbub7
12-04 12:04:59.754  4030   823 D MediaScanner: Skipping:
12-04 12:04:59.754  4030   823 D MediaScanner: 7klwibgf7fvntblfd7(7Budiwrd7waa7cwv5ebcfawws5wicb7
12-04 12:04:59.804  4030   823 D MediaScanner: Skipping:
12-04 12:04:59.804  4030   823 D MediaScanner: 7klwibgf7fvntblfd7(7DCRV75lpnvaubrtk7
12-04 12:04:59.804  4030   823 D MediaScanner: Skipping:
12-04 12:04:59.804  4030   823 D MediaScanner: 7klwibgf7fvntblfd7(75ebcf7
12-04 12:04:59.814  4030   823 D MediaScanner: Skipping:
12-04 12:04:59.814  4030   823 D MediaScanner: 7klwibgf7fvntblfd7(7cwv5ebcfawws5sblbub7
12-04 12:04:59.864  4030   823 D MediaScanner: Skipping:
12-04 12:04:59.864  4030   823 D MediaScanner: 7klwibgf7fvntblfd7(7cwv5ebcfawws5wicb7
12-04 12:04:59.864   980   791 V audio_hw_primary: stop_input_stream: enter: usecase(16: audio-record)
12-04 12:04:59.864   980   791 V audio_hw_primary: disable_audio_route: enter: usecase(16)
12-04 12:04:59.864   980   791 E msm8974_platform: platform_add_backend_name: Invalid snd_device = 0
12-04 12:04:59.864   980   791 D audio_hw_primary: disable_audio_route: reset and update mixer path: audio-record
12-04 12:04:59.864   980   791 V audio_hw_primary: disable_audio_route: exit
12-04 12:04:59.864   980   791 E audio_hw_primary: disable_snd_device: Invalid sound device 0
12-04 12:04:59.864   980   791 V audio_hw_primary: stop_input_stream: exit: status(0)
12-04 12:04:59.864   980   791 V audio_hw_primary: in_standby: exit:  status(0)
12-04 12:04:59.864  3184   462 I MicroRecognitionRunner: Detection finished
12-04 12:04:59.874   980 17268 D audio_hw_primary: adev_close_input_stream: enter:stream_handle(0xdaeb0800)
12-04 12:04:59.874   980 17268 V audio_hw_primary: stop_voice_note_recording
12-04 12:04:59.874   980 17268 D audio_hw_primary: in_standby: enter: stream (0xdaeb0800) usecase(16: audio-record)
12-04 12:04:59.874   980 17268 V audio_hw_primary: in_standby: exit:  status(0)
12-04 12:04:59.874   980 17268 E audio_hw_primary: adev_close_input_stream, set jack_in to null
12-04 12:04:59.884  2649  2649 D CscUpdateService: sys.boot_completed is 1. Start update ringtone notification alarm
12-04 12:04:59.884  2649  2649 D CscUpdateService: PREF_RINGTONE_SET return 3
12-04 12:04:59.884  2649  2649 D CscUpdateService: PREF_NOTIFICATION_SET return 3
12-04 12:04:59.884  2649  2649 D CscUpdateService: PREF_ALARMTONE_SET return 3
12-04 12:04:59.884  4030  4030 D MediaProvider: Network connect success, Call RequestAddressThread
12-04 12:04:59.884 32600 32600 E Controller: [#CMH#] FINISHED  EVENT_MEDIA_SCAN_FINISHED
12-04 12:04:59.884 32600 32600 I ControllerEventHandler: [#CMH#] onSystemRebooted 
12-04 12:04:59.884 32600 32600 I BaseThreadPoolExecutor: [#CMH#] Task com.samsung.cmh.database.DatabaseRebuilderTask@7414da5 is submitted
12-04 12:04:59.884 32600   826 I DatabaseRebuilderTask: [#CMH#] syncCMHDB started  
12-04 12:04:59.884  4030   832 D MediaProvider: There is no image files to update address and langagecode fields
12-04 12:04:59.894 32600 32600 I StorageController: [#CMH#] id: EVENT_MEDIA_SCAN_FINISHEDBundle = Bundle[{path=file:///storage/emulated/0, CleanBuffer=false}]
12-04 12:04:59.904 32600   826 I DatabaseRebuilderTask: [#CMH#] No of Uris that are present in media :  349
12-04 12:04:59.914 32600   826 I DatabaseRebuilderTask: [#CMH#] No of Uris that are present in CMH :  349
12-04 12:04:59.914 32600   826 I DatabaseRebuilderTask: [#CMH#] No of Uris that are present in both Media and CMH:  349
12-04 12:04:59.914 32600   826 I DatabaseRebuilderTask: [#CMH#] Insert =  0 Delete =  0
12-04 12:04:59.914 32600   826 I DatabaseRebuilderTask: [#CMH#] syncCMHDB ended  0
12-04 12:04:59.914 32600   826 I DatabaseRebuilderTask: [#CMH#]  sending broadcast for Event title upgrade  
12-04 12:04:59.924 32600 32600 E CMHService: [#CMH#] onCreate() 
12-04 12:04:59.924 32600   826 I BaseThreadPoolExecutor: [#CMH#] afterExecute FutureTask
12-04 12:04:59.924 32600   833 I Controller: [#CMH#] com.android.providers.media Insert
12-04 12:04:59.924 32600   833 I Controller: [#CMH#] startSmartClustering starting clustering 
12-04 12:04:59.924 32600   833 I Controller: [#CMH#] startSmartClustering starting day clustering 
12-04 12:04:59.924 32600   833 I Controller: [#CMH#] startDaywiseClustering starting day clustering 
12-04 12:04:59.924 32600   830 I ClusteringTask: [#CMH#] before mutex 
12-04 12:04:59.924 32600   830 I ClusteringTask: [#CMH#] after mutex 
12-04 12:04:59.924 32600   831 I DayClusteringTask: [#CMH#] before mutex 
12-04 12:04:59.924 32600   831 I DayClusteringTask: [#CMH#] after mutex 
12-04 12:04:59.924 32600   831 I DayClusteringTask: [#CMH#] internalRun Cluster size after image deletion:  0
12-04 12:04:59.924 32600   830 I MomentClusteringAlgo: [#CMH#] performClustering images deleted false
12-04 12:04:59.924 32600   831 I ClusteringDBUtils: [#CMH#] No clusters..!! 
12-04 12:04:59.924 32600   830 I ClusteringDBUtils: [#CMH#] updateClusterTable In nothing to update 
12-04 12:04:59.924 32600   829 I DayAndMonthTask: [#CMH#] before mutex 
12-04 12:04:59.924 32600   829 I DayAndMonthTask: [#CMH#] after mutex 
12-04 12:04:59.924 32600   829 I DayAndMonthTask: [#CMH#] after mutex release 
12-04 12:04:59.924 32600   831 I TimeBasedClustering: [#CMH#] performClustering insertimages In 0 
12-04 12:04:59.924 32600   830 I MomentClusteringAlgo: [#CMH#] performClustering In 0 
12-04 12:04:59.924 32600   830 I ClusteringTask: [#CMH#] Cluster size: 0
12-04 12:04:59.924 32600   830 I ClusteringDBUtils: [#CMH#] updateClusterTable In nothing to update 
12-04 12:04:59.924 32600   830 I ClusteringTask: [#CMH#] after mutex release 
12-04 12:04:59.924 32600   831 I DayClusteringTask: [#CMH#] internalRun Cluster size after image insertion:  0
12-04 12:04:59.924 32600   831 I ClusteringDBUtils: [#CMH#] No clusters..!! 
12-04 12:04:59.924 32600   831 I DayClusteringTask: [#CMH#] startLocationClustering In  0
12-04 12:04:59.924 32600   831 I DayClusteringTask: [#CMH#] internalRun::No more Images/Videos to process, Finished Task, Exiting  
12-04 12:04:59.924 32600   831 I DayClusteringTask: [#CMH#] after mutex release 
12-04 12:04:59.924 32600 32600 E CMHService: [#CMH#] onDestroy() 
12-04 12:04:59.944 32676 32676 I AmznGallery_MediaScannerBroadcastReceiver: #onReceive(intent = Intent { act=android.intent.action.MEDIA_SCANNER_FINISHED dat=file:///storage/emulated/0 flg=0x10 cmp=com.amazon.clouddrive.photos/com.amazon.gallery.thor.app.MediaScannerBroadcastReceiver bqHint=4 VirtualScreenParam=Params{mDisplayId=-1, null, mFlags=0x00000000)} (has extras) })
12-04 12:04:59.944 32676 32676 W AmznGallery_TagAwareMediaStoreSyncProviderImpl: Not running mediaStore sync due to insufficient permissions
12-04 12:04:59.954 32731 32731 I ServiceUtils: [StoryService] getSharedPrefLong retVal: 2 
12-04 12:04:59.954 32731 32731 I ServiceUtils: [StoryService] setSharedPrefLong : 2 
12-04 12:04:59.994  2279  2279 D KeyguardUpdateMonitor: received broadcast android.intent.action.TIME_TICK
12-04 12:04:59.994  2279  2279 D KeyguardUpdateMonitor: handleTimeUpdate
12-04 12:05:00.004  2279  2279 D Clock   : received broadcast android.intent.action.TIME_TICK
12-04 12:05:00.034  2860  2860 D Launcher: finishShowAllApps
12-04 12:05:00.054  2279  2279 D DateView: received broadcast android.intent.action.TIME_TICK
12-04 12:05:00.084 32008 32008 D [WeatherWidget(1219)]  WeatherService: {[EC3334F14841398C8B464A72D0E61AB7C564889C89112557F2146D56794659083956C77974A4825103AB5C5D4AC85EDAA24236388AC138058106446B92A35777]}
12-04 12:05:00.084 32008 32008 D [WeatherWidget(1219)]  : {[3AE6950019B083611567B0F9442DB03EEFA9050249635C043F7E254E316C2550]}
12-04 12:05:00.094 32008 32008 D [WeatherWidget(1219)]  : {[3AE6950019B083611567B0F9442DB03E5DDA24A68DD8F41CDE99F0ED3FBCA79D6E3672D13C47BC5ED8EFB051B507BC359E0BBE33CAC4DD26F7E7BD0DE7A87253A9C3C650BA065FAD34DFAC014CA6063A]}
12-04 12:05:00.094 32008 32008 D [WeatherWidget(1219)]  : {[A1AF0F6A1A65A89C43D705938923D0FEFB71880C4E84718DA0A3E1F383E54FB24509E0FBB917D66D2978C513F7383D4A684D6ACC383C55418847B0F4B789B80A5F96E2068A7B1D478A3B9BB4AE8BD76D8222223571DBA34E2DB111B962E75E2CE7ED2E1A555C12201E67BFACDE8DE603]}
12-04 12:05:00.094 32008 32008 D [WeatherWidget(1219)]  : {[15C09394A4E9AFE55A5C62F22AB3FC5902EB2A2150B6646A86F2B3102D669614]}
12-04 12:05:00.094  2279  2279 D NotificationStackScrollLayout:  scroll range should be extended : 1600
12-04 12:05:00.374  1465  1465 D EdgeLight: Turning on edge light for notification (NotificationRecord(0x08f9afdd: pkg=com.skype.raider user=UserHandle{0} id=536870912 tag=null score=20 key=0|com.skype.raider|536870912|null|10206: Notification(pri=2 contentView=null vibrate=null sound=android.resource://com.skype.raider/2131165194 tick defaults=0x0 flags=0x311 color=0xff00aff0 groupKey=CHAT_MESSAGE vis=PRIVATE secFlags=0x0 secPriority=0))) with color=ff0000ff
12-04 12:05:00.374 26621 26696 D StreamDBQueue: Promised revision #84 to queue a new op
12-04 12:05:00.374 26621 26696 D BaseStreamManager: Promised remove @ r#84 for StreamItemId{notifKey=-1|android|17040367|null|1000, packageName=android, id=17040367}
12-04 12:05:00.374 26621 26695 D DatabaseEventLogger: *** Published revision 84
12-04 12:05:00.374 26621 26695 D DatabaseEventLogger:   Removed items:
12-04 12:05:00.374 26621 26695 D DatabaseEventLogger:     StreamItemId{notifKey=-1|android|17040367|null|1000, packageName=android, id=17040367}
12-04 12:05:00.374 26621 26695 D DatabaseEventLogger:   ** Platform diffs:
12-04 12:05:00.374 26621 26695 D DatabaseEventLogger:     Top items (18 total)
12-04 12:05:00.374 26621 26695 D DatabaseEventLogger:       Reordered: no
12-04 12:05:00.374 26621 26695 D DatabaseEventLogger:       Removed:
12-04 12:05:00.374 26621 26695 D DatabaseEventLogger:         StreamItemId{notifKey=-1|android|17040367|null|1000, packageName=android, id=17040367}
12-04 12:05:00.374 26621 26695 D DatabaseEventLogger:     Unread items (6 total)
12-04 12:05:00.374 26621 26695 D DatabaseEventLogger:       First item unread: no
12-04 12:05:00.374 26621 26695 D NewStreamAdapter: Publishing revision #84 to adapter clients
12-04 12:05:00.374  2279  2279 D PhoneStatusBar: removeNotification key=-1|android|17040367|null|1000 old=StatusBarNotification(pkg=android user=UserHandle{-1} id=17040367 tag=null score=-20 key=-1|android|17040367|null|1000: Notification(pri=-2 contentView=android/0x10900a3 vibrate=null sound=null tick defaults=0x0 flags=0x2 color=0xff7792a9 vis=PUBLIC secFlags=0x0 secPriority=0))
12-04 12:05:00.384  2279  2279 D PhoneStatusBar: setAreThereNotifications: N=17 any=true clearable=true
12-04 12:05:00.384  2279  2279 D NotificationStackScrollLayout:  scroll range should be extended : 1600
12-04 12:05:00.404   834   834 E Zygote  : v2
12-04 12:05:00.404   834   834 I SELinux : Function: selinux_compare_spd_ram, index[1], SPD-policy is existed. and_ver=SEPF_SECMOBILE_6.0.1 ver=11
12-04 12:05:00.404   834   834 W SELinux : Function: selinux_compare_spd_ram, index[1], priority [2], priority version is VE=SEPF_SECMOBILE_6.0.1_0030
12-04 12:05:00.404   834   834 E Zygote  : accessInfo : 0
12-04 12:05:00.434   834   834 D TimaKeyStoreProvider: TimaSignature is unavailable
12-04 12:05:00.434   834   834 D ActivityThread: Added TimaKeyStore provider
12-04 12:05:00.444  1465  7674 I SurveyLogManager: REASON : REASON_BY_CHARGING_TYPE_CHANGE
12-04 12:05:00.444  1465  7674 D SurveyLogging: app_id = com.android.server.ssrm, feature = CHAR, extra = {"SIOP":"0", "PST_TMP":"305", "BAT_TMP":"268", "CHG_TMP":"283", "PA_TMP":"30", "BAT_LV":"25", "BAT_CUR":"361", "RSSI":"-77", "RAD_DAT":"0", "WIFI_DAT":"59498", "BRI":"112", "CHR_TYPE":"0", "KNOX":"false", "SCRN":"true", "RAD":"2", "CALL":"false", "CF":"-1", "GF":"-1", "CG":"70", "TOP_PROC":"system_server", "TOP_USE":"13", "FOR_PKG":"com.sec.android.app.launcher"}
12-04 12:05:00.454   834   834 I InjectionManager: Inside getClassLibPath + mLibMap{0=, 1=}
12-04 12:05:00.464   834   834 I InjectionManager: Inside getClassLibPath caller 
12-04 12:05:00.464   834   834 W System  : ClassLoader referenced unknown path: /system/priv-app/MtpApplication/lib/arm64
12-04 12:05:00.474   834   834 D InjectionManager: InjectionManager
12-04 12:05:00.474   834   834 D InjectionManager: fillFeatureStoreMap com.samsung.android.MtpApplication
12-04 12:05:00.474   834   834 I InjectionManager: Constructor com.samsung.android.MtpApplication, Feature store :{}
12-04 12:05:00.474   834   834 I InjectionManager: featureStore :{}
12-04 12:05:00.474   834   834 E MTPRx   : In MtpReceiverandroid.hardware.usb.action.USB_STATE
12-04 12:05:00.474  1465  1487 D SecContentProvider2: query(), uri = 14 selection = getSealedUsbMassStorageState
12-04 12:05:00.474   834   834 E MTPRx   : check value of boot_completed is1
12-04 12:05:00.474   834   834 D MTPRx   : in initializeSettingsValues
12-04 12:05:00.494   834   834 E MTPRx   : Sd-Card path/storage/Private
12-04 12:05:00.504   834   834 W System.err: remove failed: ENOENT (No such file or directory) : /storage/emulated/0/.mtp
12-04 12:05:00.504   834   834 E MTPRx   : check booting is completed_sys.boot_completed
12-04 12:05:00.504   834   834 E MTPRx   : Sd-Card path/storage/Private
12-04 12:05:00.504   834   834 W MTPRx   : value of connected isfalse
12-04 12:05:00.504   834   834 W MTPRx   : value of configured isfalse
12-04 12:05:00.504   834   834 W MTPRx   : value of mtpEnabled istrue
12-04 12:05:00.504   834   834 W MTPRx   : value of ptpEnabled isfalse
12-04 12:05:00.504   834   834 W MTPRx   : value of vzw_charging isfalse
12-04 12:05:00.504   834   834 W MTPRx   : value of sec_charging isfalse
12-04 12:05:00.504   834   834 E MTPRx   : Received USB_STATE with sdCardLaunch = 0
12-04 12:05:00.504   834   834 E MTPRx   : Unexpected Disconnection. call usbRemoved.
12-04 12:05:00.504   834   834 W MTPRx   : MTP_RUNNING_STATUS = 0
12-04 12:05:00.504   834   834 E MTPRx   :  sendbooster is false!
12-04 12:05:00.504   834   834 E MTPRx   : configured is false
12-04 12:05:00.634   847   847 E Zygote  : v2
12-04 12:05:00.634   847   847 I SELinux : Function: selinux_compare_spd_ram, index[1], SPD-policy is existed. and_ver=SEPF_SECMOBILE_6.0.1 ver=11
12-04 12:05:00.634   847   847 W SELinux : Function: selinux_compare_spd_ram, index[1], priority [2], priority version is VE=SEPF_SECMOBILE_6.0.1_0030
12-04 12:05:00.644   847   847 E Zygote  : accessInfo : 0
12-04 12:05:00.674   847   847 D TimaKeyStoreProvider: TimaSignature is unavailable
12-04 12:05:00.674   847   847 D ActivityThread: Added TimaKeyStore provider
12-04 12:05:00.704   847   847 I InjectionManager: Inside getClassLibPath + mLibMap{0=, 1=}
12-04 12:05:00.714   847   847 I InjectionManager: Inside getClassLibPath caller 
12-04 12:05:00.724   847   847 W System  : ClassLoader referenced unknown path: /system/priv-app/wssyncmlnps2/lib/arm64
12-04 12:05:00.734   847   847 D InjectionManager: InjectionManager
12-04 12:05:00.734   847   847 D InjectionManager: fillFeatureStoreMap com.wssnps
12-04 12:05:00.734   847   847 I InjectionManager: Constructor com.wssnps, Feature store :{}
12-04 12:05:00.734   847   847 I InjectionManager: featureStore :{}
12-04 12:05:00.794   847   847 D NPS_WSSNPS: [] sys.usb.config : mtp,adb
12-04 12:05:00.794   847   847 D NPS_WSSNPS: [] bConfigured is false!
12-04 12:05:00.844   859   859 E Zygote  : v2
12-04 12:05:00.844   859   859 I SELinux : Function: selinux_compare_spd_ram, index[1], SPD-policy is existed. and_ver=SEPF_SECMOBILE_6.0.1 ver=11
12-04 12:05:00.844   859   859 W SELinux : Function: selinux_compare_spd_ram, index[1], priority [2], priority version is VE=SEPF_SECMOBILE_6.0.1_0030
12-04 12:05:00.854   859   859 E Zygote  : accessInfo : 0
12-04 12:05:00.854   859   859 W SELinux : SELinux: seapp_context_lookup: seinfo=platform, level=s0:c512,c768, pkgname=com.sec.android.easyMover 
12-04 12:05:00.854  1010  1137 D DataRouter: dr_usb_deinit
12-04 12:05:00.854  1010  1137 D DataRouter: Initialise USB and start the thread
12-04 12:05:00.854  1010  1137 D DataRouter: dr_usb_init
12-04 12:05:00.864  1010  1137 E DataRouter: USB Interface is open with 0x9
12-04 12:05:00.864  1010  1137 D DataRouter: USB interface is now configured for usb_fd = 0x9
12-04 12:05:00.864  1010  1137 D DataRouter: monitor_data_of_usb
12-04 12:05:00.864  1010  1137 D DataRouter: USB monitor thread launched, usb_fd= 0x9
12-04 12:05:00.864  1010  1137 D DataRouter: Before the usb select
12-04 12:05:00.894   859   859 D TimaKeyStoreProvider: TimaSignature is unavailable
12-04 12:05:00.894   859   859 D ActivityThread: Added TimaKeyStore provider
12-04 12:05:00.924 32600 32627 I ReschedulableTimer: [#CMH#] ReschedulableTimer started 
12-04 12:05:00.924   859   859 I InjectionManager: Inside getClassLibPath + mLibMap{0=, 1=}
12-04 12:05:00.934   859   859 I InjectionManager: Inside getClassLibPath caller 
12-04 12:05:00.964   859   859 I MultiDex: VM with version 2.1.0 has multidex support
12-04 12:05:00.964   859   859 I MultiDex: install
12-04 12:05:00.964   859   859 I MultiDex: VM has multidex support, MultiDex support library is disabled.
12-04 12:05:00.964   859   859 I MSDG[SmartSwitch]MainApp: onCreate++
12-04 12:05:01.034   859   859 D MSDG[SmartSwitch]VndAccountManager: init Vendor= SAMSUNG, mType=1
12-04 12:05:01.034   859   859 V [GUN]XLog:  set Log level = 3
12-04 12:05:01.034   859   859 V SSPHost :  set Log level = 3
12-04 12:05:01.054   859   859 E SSPHost : [OtgJNIInterface::16.08.06] load libotg_jni.so files.
12-04 12:05:01.054   859   859 D OTG_JNI : [Java_com_samsung_android_SSPHost_OtgJNIInterface_setLogLevel : 0867] -->set log level : 3
12-04 12:05:01.064   859   859 D MSDG[SmartSwitch]CommonUtil: [getIntStoragePath:3662] _sIntRootSdPath : /storage/emulated/0
12-04 12:05:01.064   859   859 D MSDG[SmartSwitch]CommonUtil: [getIntStoragePath:3663] _sExRootSdPath : null
12-04 12:05:01.064   859   859 D MSDG[SmartSwitch]CommonUtil: [getExSdPath:3700] exSdPath = null
12-04 12:05:01.064   859   859 D MSDG[SmartSwitch]CommonUtil: [getExUSBPath:3727] exUSBPath = null
12-04 12:05:01.074   859   859 D MSDG[SmartSwitch]CRLogcat: logging disabled
12-04 12:05:01.074   859   859 D MSDG[SmartSwitch]MainApp: Version: 3.3.02-4  [330200004][/data/user/0/com.sec.android.easyMover/files][/storage/emulated/0/SmartSwitch/tmp]
12-04 12:05:01.074   859   859 D MSDG[SmartSwitch]MainApp: wssnps : 7.1.09    [710900000]
12-04 12:05:01.074   859   859 D MSDG[SmartSwitch]MainApp: kies   : 1.0.20    [1020]
12-04 12:05:01.084   859   859 I MSDG[SmartSwitch]CommonUtil: getDisplayDeviceName : KP
12-04 12:05:01.084   859   859 D MSDG[SmartSwitch]MainApp: Device : SAMSUNG-SM-G930A[KP] 1f2a2503-18af-423a-8f9c-109c345bbf9c
12-04 12:05:01.084   859   859 D MSDG[SmartSwitch]MainApp: Locale : en_US
12-04 12:05:01.084   859   859 D MSDG[SmartSwitch]CommonUtil: isEnabledNotKeepActivity : 0
12-04 12:05:01.094   859   859 D MSDG[SmartSwitch]CommonUtil: parseStringVersion: 7.1.09[-1] : 70109
12-04 12:05:01.094   859   859 D MSDG[SmartSwitch]CommonUtil: isZeroBaseDevice true  ver[7.1.09    :70109]
12-04 12:05:01.094   859   859 D MSDG[SmartSwitch]CommonUtil: getSysProp ro.product.name:[heroqlteuc]
12-04 12:05:01.094   859   859 D MSDG[SmartSwitch]CommonUtil: isRightAPK : [0]
12-04 12:05:01.094   859   859 D MSDG[SmartSwitch]MainApp: Vender : samsung Type:user isRightAPK:true SDK:[23]
12-04 12:05:01.094   859   859 D MSDG[SmartSwitch]CommonUtil: HiddenTestMode changed to [-1]
12-04 12:05:01.094   859   859 D MSDG[SmartSwitch]MainApp: DATE : 12-04 12:05:01.104[2016-12-04T20:05:01Z]
12-04 12:05:01.094   859   859 D MSDG[SmartSwitch]RunPermissionManager: RunPermissionManager++
12-04 12:05:01.094   859   859 D MSDG[SmartSwitch]RunPermissionManager: bindService
12-04 12:05:01.104   859   859 D MSDG[SmartSwitch]RunPermissionManager: IKiesGetSetService bindService[true]
12-04 12:05:01.114   859   859 D MSDG[SmartSwitch]AdminManager: AdminManager++
12-04 12:05:01.124   859   859 I MSDG[SmartSwitch]CommonUtil: DeviceLanguage:en
12-04 12:05:01.134   859   859 D MSDG[SmartSwitch]Utils: getLastKnownUserCountry() Using Telephony Manager country code[us]
12-04 12:05:01.134   859   859 D MSDG[SmartSwitch]AdminManager: isSupportPkgInstall(): 1
12-04 12:05:01.134   859   859 D MSDG[SmartSwitch]AdminManager: isSupportBMSBackup(): 1
12-04 12:05:01.134   859   859 D MSDG[SmartSwitch]AdminManager: getApkSvcVersion(): 10
12-04 12:05:01.134   859   859 D MSDG[SmartSwitch]AdminManager: getApkDataWhiteInfoFromServer() but latestRequest[2016-12-03 22:14:42(du:49819147)] lastModified[2016-11-18T01:16:22Z]
12-04 12:05:01.144   859   859 D MSDG[SmartSwitch]CommonUtil: [getExSdPath:3700] exSdPath = null
12-04 12:05:01.144   859   859 D MSDG[SmartSwitch]CommonUtil: [getExUSBPath:3727] exUSBPath = null
12-04 12:05:01.144   859   859 D MSDG[SmartSwitch]ExSdManager: init exSd[null] exUsb[null]
12-04 12:05:01.154   859   859 I MSDG[SmartSwitch]CommonUtil: DeviceCountry : US
12-04 12:05:01.154   859   859 I MSDG[SmartSwitch]CommonUtil: DeviceLanguage:en
12-04 12:05:01.154   859   859 I MSDG[SmartSwitch]CrmManager: ++
12-04 12:05:01.184   859   859 D MSDG[SmartSwitch]BNRManager: addReceiver()
12-04 12:05:01.184   859   859 I MSDG[SmartSwitch]MainApp: buildMyDevice++
12-04 12:05:01.184   859   859 D MSDG[SmartSwitch]CommonUtil: getVendorName:samsung
12-04 12:05:01.184   859   859 D MSDG[SmartSwitch]CommonUtil: getSysProp ro.build.characteristics:[att]
12-04 12:05:01.184   859   859 D MSDG[SmartSwitch]MessageContentManagerAsync: isSupportCategory() ApplicationInfo = ApplicationInfo{ea6d2e3 com.android.providers.telephony}
12-04 12:05:01.184   859   859 D MSDG[SmartSwitch]MessageContentManagerAsync: isSupportCategory() TAG = wssnps_bnr_byreplacingdb, VALUE = false, comp = false
12-04 12:05:01.184   859   859 D MSDG[SmartSwitch]MessageContentManagerAsync: isSupportCategory() TAG = wsspns_bnr_supportprogress, VALUE = false
12-04 12:05:01.184   859   859 D MSDG[SmartSwitch]MessageContentManagerJSON: isSupportCategory() ApplicationInfo = ApplicationInfo{fdb24e0 com.android.providers.telephony}
12-04 12:05:01.184   859   859 D MSDG[SmartSwitch]MessageContentManagerJSON: isSupportCategory() TAG = wssnps_bnr_byparsingfile, VALUE = false, comp = false
12-04 12:05:01.184   859   859 D MSDG[SmartSwitch]MessageContentManagerJSON: isSupportCategory() TAG = wsspns_bnr_supportprogress, VALUE = false
12-04 12:05:01.194   859   859 D MSDG[SmartSwitch]MessageContentManagerRCS: isSupportCategory() ApplicationInfo = ApplicationInfo{acb2399 com.android.providers.telephony}
12-04 12:05:01.194   859   859 D MSDG[SmartSwitch]MessageContentManagerRCS: isSupportRCSBackupSalesCode() salesCode = ATT, ret = true
12-04 12:05:01.194   859   859 D MSDG[SmartSwitch]MessageContentManagerRCS: getEnableBlackBirdRCS() CscFeature_IMS_ConfigRcsFeatures = null, CscFeature_Message_EnableCpm = true, ret = true
12-04 12:05:01.194   859   859 D MSDG[SmartSwitch]MessageContentManagerRCS: getStringFloatingFeature() 
12-04 12:05:01.194   859   859 D MSDG[SmartSwitch]MessageContentManagerRCS: isSupportRcsBnR() false
12-04 12:05:01.194   859   859 D MSDG[SmartSwitch]MessageContentManagerRCS: isSupportCategory() TAG = wsspns_bnr_supportprogress, VALUE = false
12-04 12:05:01.194   859   859 I MSDG[SmartSwitch]CommonUtil: getDisplayDeviceName : KP
12-04 12:05:01.204   859   859 D MSDG[SmartSwitch]CommonUtil: needPermissionList com.sec.android.easyMover                          android.permission.RECORD_AUDIO                                                 [needGrant ] level:dangerous
12-04 12:05:01.204   859   859 D MSDG[SmartSwitch]CommonUtil: needPermissionList com.sec.android.easyMover                          android.permission.READ_CONTACTS                                                [needGrant ] level:dangerous
12-04 12:05:01.204   859   859 D MSDG[SmartSwitch]CommonUtil: needPermissionList com.sec.android.easyMover                          android.permission.WRITE_CONTACTS                                               [needGrant ] level:dangerous
12-04 12:05:01.214   859   859 D MSDG[SmartSwitch]CommonUtil: needPermissionList com.sec.android.easyMover                          android.permission.READ_SMS                                                     [needGrant ] level:dangerous
12-04 12:05:01.214   859   859 D MSDG[SmartSwitch]CommonUtil: needPermissionList com.sec.android.easyMover                          android.permission.READ_CALENDAR                                                [needGrant ] level:dangerous
12-04 12:05:01.214   859   859 D MSDG[SmartSwitch]CommonUtil: needPermissionList com.sec.android.easyMover                          android.permission.WRITE_CALENDAR                                               [needGrant ] level:dangerous
12-04 12:05:01.214   859   859 D MSDG[SmartSwitch]CommonUtil: needPermissionList com.sec.android.easyMover                          android.permission.READ_TASKS                                                   [--------- ] level:
12-04 12:05:01.214   859   859 D MSDG[SmartSwitch]CommonUtil: needPermissionList com.sec.android.easyMover                          android.permission.WRITE_TASKS                                                  [--------- ] level:
12-04 12:05:01.224   859   859 D MSDG[SmartSwitch]CommonUtil: needPermissionList com.sec.android.easyMover                          android.permission.READ_CALL_LOG                                                [needGrant ] level:dangerous
12-04 12:05:01.224   859   859 D MSDG[SmartSwitch]CommonUtil: needPermissionList com.sec.android.easyMover                          android.permission.READ_OWNER_DATA                                              [--------- ] level:
12-04 12:05:01.224   859   859 D MSDG[SmartSwitch]CommonUtil: needPermissionList com.sec.android.easyMover                          android.permission.WRITE_OWNER_DATA                                             [--------- ] level:
12-04 12:05:01.224   859   859 D MSDG[SmartSwitch]CommonUtil: needPermissionList com.sec.android.easyMover                          com.sec.android.permission.READ_MEMO                                            [--------- ] level:
12-04 12:05:01.224   859   859 D MSDG[SmartSwitch]CommonUtil: needPermissionList com.sec.android.easyMover                          com.sec.android.permission.WRITE_MEMO                                           [--------- ] level:
12-04 12:05:01.224   859   859 D MSDG[SmartSwitch]CommonUtil: needPermissionList com.sec.android.easyMover                          com.sec.android.widgetapp.q1_penmemo.permission.READ                            [--------- ] level:
12-04 12:05:01.234   859   859 D MSDG[SmartSwitch]CommonUtil: needPermissionList com.sec.android.easyMover                          com.sec.android.widgetapp.q1_penmemo.permission.WRITE                           [--------- ] level:
12-04 12:05:01.234   859   859 D MSDG[SmartSwitch]CommonUtil: needPermissionList com.sec.android.easyMover                          com.infraware.provider.SNoteProvider.permission.READ                            [--------- ] level:
12-04 12:05:01.234   859   859 D MSDG[SmartSwitch]CommonUtil: needPermissionList com.sec.android.easyMover                          com.infraware.provider.SNoteProvider.permission.WRITE                           [--------- ] level:
12-04 12:05:01.244   859   859 D MSDG[SmartSwitch]CommonUtil: needPermissionList com.sec.android.easyMover                          android.permission.READ_LOGS                                                    [          ] level:signature|privileged|development
12-04 12:05:01.244   859   859 D MSDG[SmartSwitch]CommonUtil: needPermissionList com.sec.android.easyMover                          android.permission.CONNECTIVITY_INTERNAL                                        [          ] level:signature|privileged
12-04 12:05:01.244   859   859 D MSDG[SmartSwitch]CommonUtil: needPermissionList com.sec.android.easyMover                          android.permission.WRITE_SETTINGS                                               [          ] level:signature|appop|pre23|preinstalled
12-04 12:05:01.244   859   859 D MSDG[SmartSwitch]CommonUtil: needPermissionList com.sec.android.easyMover                          android.permission.LOCAL_MAC_ADDRESS                                            [          ] level:signature|privileged
12-04 12:05:01.254   859   859 D MSDG[SmartSwitch]CommonUtil: needPermissionList com.sec.android.easyMover                          android.permission.WRITE_EXTERNAL_STORAGE                                       [needGrant ] level:dangerous
12-04 12:05:01.254   859   859 D MSDG[SmartSwitch]CommonUtil: needPermissionList com.sec.android.easyMover                          android.permission.READ_EXTERNAL_STORAGE                                        [needGrant ] level:dangerous
12-04 12:05:01.254   859   859 D MSDG[SmartSwitch]CommonUtil: needPermissionList com.sec.android.easyMover                          android.permission.GET_ACCOUNTS                                                 [needGrant ] level:dangerous
12-04 12:05:01.254   859   859 D MSDG[SmartSwitch]CommonUtil: needPermissionList com.sec.android.easyMover                          android.permission.UPDATE_APP_OPS_STATS                                         [          ] level:signature|privileged|installer
12-04 12:05:01.264   859   859 D MSDG[SmartSwitch]CommonUtil: needPermissionList com.sec.android.easyMover                          android.permission.WRITE_MEDIA_STORAGE                                          [          ] level:signature|privileged
12-04 12:05:01.264   859   859 D MSDG[SmartSwitch]CommonUtil: needPermissionList com.sec.android.easyMover                          android.permission.INSTALL_PACKAGES                                             [          ] level:signature|privileged
12-04 12:05:01.264   859   859 D MSDG[SmartSwitch]CommonUtil: needPermissionList com.sec.android.easyMover                          android.permission.CLEAR_APP_CACHE                                              [          ] level:signature|privileged
12-04 12:05:01.274   859   859 D MSDG[SmartSwitch]CommonUtil: needPermissionList com.sec.android.easyMover                          android.permission.BACKUP                                                       [          ] level:signature|privileged
12-04 12:05:01.274   859   859 D MSDG[SmartSwitch]CommonUtil: needPermissionList com.sec.android.easyMover                          android.permission.PACKAGE_USAGE_STATS                                          [          ] level:signature|privileged|development|appop
12-04 12:05:01.274   859   859 D MSDG[SmartSwitch]CommonUtil: needPermissionList com.sec.android.easyMover                          com.samsung.android.memo.READ                                                   [          ] level:signature|privileged
12-04 12:05:01.274   859   859 D MSDG[SmartSwitch]CommonUtil: needPermissionList com.sec.android.easyMover                          com.sec.android.app.clockpackage.permission.READ_WCCONTENT                      [          ] level:signature|privileged
12-04 12:05:01.284   859   859 D MSDG[SmartSwitch]CommonUtil: needPermissionList com.sec.android.easyMover                          com.samsung.android.app.provider.episodes.permission.READ_EPISODES_DB           [--------- ] level:
12-04 12:05:01.284   859   859 D MSDG[SmartSwitch]CommonUtil: needPermissionList com.sec.android.easyMover                          com.sec.android.provider.logsprovider.permission.READ_LOGS                      [--------- ] level:
12-04 12:05:01.284   859   859 D MSDG[SmartSwitch]CommonUtil: needPermissionList com.sec.android.easyMover                          com.sec.android.app.clockpackage.permission.BACKUP_RESTORE_ALARM                [          ] level:signature|privileged
12-04 12:05:01.284   859   859 D MSDG[SmartSwitch]CommonUtil: needPermissionList com.sec.android.easyMover                          com.sec.android.kies.calllog.BROADCAST_DETECT                                   [          ] level:signature|privileged
12-04 12:05:01.294   859   859 D MSDG[SmartSwitch]CommonUtil: needPermissionList com.sec.android.easyMover                          com.wssnps.permission.COM_WSSNPS                                                [          ] level:signature|privileged
12-04 12:05:01.294   859   859 D MSDG[SmartSwitch]CommonUtil: needPermissionList com.sec.android.easyMover                          android.permission.COM_WSSNPS                                                   [--------- ] level:
12-04 12:05:01.294   859   859 D MSDG[SmartSwitch]CommonUtil: needPermissionList com.sec.android.easyMover                          com.sec.permission.WIFI_BACKUP                                                  [          ] level:signature|privileged
12-04 12:05:01.294   859   859 D MSDG[SmartSwitch]CommonUtil: needPermissionList com.sec.android.easyMover                          com.samsung.android.memo.BNR                                                    [--------- ] level:
12-04 12:05:01.294   859   859 D MSDG[SmartSwitch]CommonUtil: needPermissionList com.sec.android.easyMover                          com.sec.android.app.browser.permission.IMPORT_BOOKMARK                          [          ] level:signature|privileged
12-04 12:05:01.304   859   859 D MSDG[SmartSwitch]CommonUtil: needPermissionList com.sec.android.easyMover                          com.sec.mms.permission.BACKUP_RESTORE                                           [--------- ] level:
12-04 12:05:01.304   859   859 D MSDG[SmartSwitch]CommonUtil: needPermissionList com.sec.android.easyMover                          com.sec.permission.BACKUP_RESTORE_HOMESCREEN                                    [          ] level:signature|privileged
12-04 12:05:01.304   859   859 D MSDG[SmartSwitch]CommonUtil: needPermissionList com.sec.android.easyMover                          com.sec.android.app.contact.permission.CONTACT_SETTINGS                         [          ] level:signature|privileged
12-04 12:05:01.314   859   859 D MSDG[SmartSwitch]CommonUtil: needPermissionList com.sec.android.easyMover                          com.sec.android.phone.permission.READ_CALL_SETTINGS                             [          ] level:signature|privileged
