12-04 12:05:01.314   859   859 D MSDG[SmartSwitch]CommonUtil: needPermissionList com.sec.android.easyMover                          com.sec.android.phone.permission.WRITE_CALL_SETTINGS                            [          ] level:signature|privileged
12-04 12:05:01.314   859   859 D MSDG[SmartSwitch]CommonUtil: needPermissionList com.sec.android.easyMover                          com.sec.android.app.clockpackage.permission.BACKUP_RESTORE_WORLDCLOCK           [          ] level:signature|privileged
12-04 12:05:01.324   859   859 D MSDG[SmartSwitch]CommonUtil: needPermissionList com.sec.android.easyMover                          com.sec.android.app.sbrowser.permission.BACKUP_RESTORE                          [          ] level:signature|privileged
12-04 12:05:01.324   859   859 D MSDG[SmartSwitch]CommonUtil: needPermissionList com.sec.android.easyMover                          com.sec.android.email.service.BROADCAST_DETECT                                  [          ] level:signature|privileged
12-04 12:05:01.324   859   859 D MSDG[SmartSwitch]CommonUtil: needPermissionList com.sec.android.easyMover                          com.sec.android.app.music.permission.WRITE_SETTINGS                             [--------- ] level:
12-04 12:05:01.324   859   859 D MSDG[SmartSwitch]CommonUtil: needPermissionList com.sec.android.easyMover                          com.vlingo.midas.permission.BACKUP_RESTORE                                      [--------- ] level:
12-04 12:05:01.334   859   859 D MSDG[SmartSwitch]CommonUtil: needPermissionList com.sec.android.easyMover                          com.samsung.voiceserviceplatform.permission.BACKUP_RESTORE                      [          ] level:signature|privileged
12-04 12:05:01.334   859   859 D MSDG[SmartSwitch]CommonUtil: needPermissionList com.sec.android.easyMover                          com.samsung.android.app.shareaccessibilitysettings.permission.READ_WRITE        [          ] level:signature|privileged
12-04 12:05:01.334   859   859 D MSDG[SmartSwitch]CommonUtil: needPermissionList com.sec.android.easyMover                          com.samsung.android.internal.intelligence.useranalysis.permission.WRITE_PLACE   [          ] level:signature|privileged
12-04 12:05:01.344   859   859 D MSDG[SmartSwitch]CommonUtil: needPermissionList com.sec.android.easyMover                          com.sec.android.inputmethod.permission.BACKUP_RESTORE                           [          ] level:signature|privileged
12-04 12:05:01.344   859   859 D MSDG[SmartSwitch]CommonUtil: needPermissionList com.sec.android.easyMover                          com.samsung.inputmethod.permission.BACKUP_RESTORE                               [--------- ] level:
12-04 12:05:01.344   859   859 D MSDG[SmartSwitch]CommonUtil: needPermissionList com.sec.android.easyMover                          com.sec.android.app.safetyassurance.permission.PRIVATE                          [          ] level:signature|privileged
12-04 12:05:01.344   859   859 D MSDG[SmartSwitch]CommonUtil: needPermissionList com.sec.android.easyMover                          com.sec.android.app.fm.BROADCAST_DETECT                                         [--------- ] level:
12-04 12:05:01.354   859   859 D MSDG[SmartSwitch]CommonUtil: needPermissionList com.sec.android.easyMover                          com.samsung.android.permission.SSRM_NOTIFICATION_PERMISSION                     [          ] level:signature|privileged
12-04 12:05:01.354   859   859 D MSDG[SmartSwitch]CommonUtil: needPermissionList com.sec.android.easyMover                          com.sec.permission.OTG_CHARGE_BLOCK                                             [          ] level:signature|privileged
12-04 12:05:01.364   859   859 D MSDG[SmartSwitch]CommonUtil: needPermissionList com.sec.android.easyMover                          com.sec.android.permission.KIES_BNR                                             [          ] level:signature|privileged
12-04 12:05:01.364   859   859 D MSDG[SmartSwitch]CommonUtil: needPermissionList com.sec.android.easyMover                          android.permission.READ_PHONE_STATE                                             [needGrant ] level:dangerous
12-04 12:05:01.364   859   859 D MSDG[SmartSwitch]CommonUtil: needPermissionList com.sec.android.easyMover                          com.sec.android.easyMover.permission.RUN_AGENT                                  [          ] level:signature|privileged
12-04 12:05:01.374   859   859 D MSDG[SmartSwitch]CommonUtil: needPermissionList com.sec.android.easyMover                          android.permission.SYSTEM_ALERT_WINDOW                                          [          ] level:signature|development|appop|pre23|preinstalled
12-04 12:05:01.374   859   859 D MSDG[SmartSwitch]CommonUtil: needPermissionList com.sec.android.easyMover                          android.permission.REBOOT                                                       [          ] level:signature|privileged
12-04 12:05:01.374   859   859 D MSDG[SmartSwitch]CommonUtil: needPermissionList(elapse:     177) com.sec.android.easyMover                          needGrant[11]
12-04 12:05:01.384   859   859 I MSDG[SmartSwitch]CategoryInfoManager: buildMyCategory
12-04 12:05:01.384   859   859 D MSDG[SmartSwitch]PimsContentManager: getPimsDataBackupDir : /storage/emulated/0/SmartSwitchLog/PIMS_0
12-04 12:05:01.384   859   859 D MSDG[SmartSwitch]CheckAccountList: CheckAccountList BlackListAccount accountType = org.telegram.messenger, dataSet = null
12-04 12:05:01.384   859   859 D MSDG[SmartSwitch]CheckAccountList: CheckAccountList BlackListAccount accountType = vnd.sec.contact.phone_knox2, dataSet = null
12-04 12:05:01.384   859   859 D MSDG[SmartSwitch]CheckAccountList: CheckAccountList BlackListAccount accountType = vnd.sec.contact.phone_knox, dataSet = null
12-04 12:05:01.384   859   859 D MSDG[SmartSwitch]CheckAccountList: CheckAccountList BlackListAccount accountType = com.tencent.mobileqq.account, dataSet = null
12-04 12:05:01.384   859   859 D MSDG[SmartSwitch]CheckAccountList: CheckAccountList BlackListAccount accountType = com.google, dataSet = plus
12-04 12:05:01.384   859   859 D MSDG[SmartSwitch]CheckAccountList: CheckAccountList BlackListAccount accountType = com.viber.voip, dataSet = null
12-04 12:05:01.384   859   859 D MSDG[SmartSwitch]CheckAccountList: CheckAccountList BlackListAccount accountType = com.skype.contacts.sync, dataSet = null
12-04 12:05:01.384   859   859 D MSDG[SmartSwitch]CheckAccountList: CheckAccountList BlackListAccount accountType = com.samsung.android.coreapps, dataSet = null
12-04 12:05:01.384   859   859 D MSDG[SmartSwitch]CheckAccountList: CheckAccountList BlackListAccount accountType = com.tencent.mm.account, dataSet = null
12-04 12:05:01.384   859   859 D MSDG[SmartSwitch]CheckAccountList: CheckAccountList BlackListAccount accountType = com.sgiggle.production.account, dataSet = null
12-04 12:05:01.384   859   859 D MSDG[SmartSwitch]CheckAccountList: CheckAccountList BlackListAccount accountType = com.linkedin.android, dataSet = null
12-04 12:05:01.384   859   859 D MSDG[SmartSwitch]CheckAccountList: CheckAccountList BlackListAccount accountType = com.whatsapp, dataSet = null
12-04 12:05:01.384   859   859 D MSDG[SmartSwitch]SDeviceInfo: dev.needPermission:android.permission.READ_CONTACTS                                       caller[buildMyCategory]
12-04 12:05:01.384   859   859 D MSDG[SmartSwitch]SDeviceInfo: addCategory : added CONTACT         [6ms]
12-04 12:05:01.394   859   859 I MSDG[SmartSwitch]CalendarContentManagerTask: hasTaskApp : 0
12-04 12:05:01.394   859   859 D MSDG[SmartSwitch]SDeviceInfo: addCategory : added CALENDER        [8ms]
12-04 12:05:01.414   859   859 E MSDG[SmartSwitch]CommonUtil: getPkgInfo ex[com.sec.android.app.snotebook]com.sec.android.app.snotebook
12-04 12:05:01.414   859   859 E MSDG[SmartSwitch]CommonUtil: getPkgInfo ex[com.sec.android.widgetapp.diotek.smemo]com.sec.android.widgetapp.diotek.smemo
12-04 12:05:01.414   859   859 E MSDG[SmartSwitch]CommonUtil: getPkgInfo ex[com.sec.android.app.memo]com.sec.android.app.memo
12-04 12:05:01.414   859   859 E MSDG[SmartSwitch]CommonUtil: getPkgInfo ex[com.sec.android.provider.snote]com.sec.android.provider.snote
12-04 12:05:01.414   859   859 E MSDG[SmartSwitch]CommonUtil: getPkgInfo ex[com.sec.android.provider.smemo]com.sec.android.provider.smemo
12-04 12:05:01.424   859   859 E MSDG[SmartSwitch]CommonUtil: getPkgInfo ex[com.sec.android.widgetapp.q1_smemo]com.sec.android.widgetapp.q1_smemo
12-04 12:05:01.424   859   859 I MSDG[SmartSwitch]MemoContentManager: getMyMemoType : NMemo
12-04 12:05:01.424   859   859 D MSDG[SmartSwitch]SDeviceInfo: addCategory : added MEMO            [24ms]
12-04 12:05:01.424   859   859 E MSDG[SmartSwitch]CommonUtil: getPkgInfo ex[com.samsung.android.snote]com.samsung.android.snote
12-04 12:05:01.424   859   859 I MSDG[SmartSwitch]SNoteContentManager: getMyMemoType : Invalid
12-04 12:05:01.424   859   859 D MSDG[SmartSwitch]SDeviceInfo: addCategory : added SNOTE           [4ms]
12-04 12:05:01.424   859   859 E MSDG[SmartSwitch]CommonUtil: getPkgInfo ex[com.samsung.android.app.notes]com.samsung.android.app.notes
12-04 12:05:01.434   859   859 D MSDG[SmartSwitch]SamsungNoteContentManager: isSupportCategory : NOT_SUPPORT[0]
12-04 12:05:01.434   859   859 D MSDG[SmartSwitch]SDeviceInfo: addCategory : added SAMSUNGNOTE     [5ms]
12-04 12:05:01.434   859   859 D MSDG[SmartSwitch]CommonUtil: getCallLogPkgName [com.android.contacts]
12-04 12:05:01.434   859   859 D MSDG[SmartSwitch]SDeviceInfo: addCategory : added CALLLOG         [3ms]
12-04 12:05:01.434   859   859 D MSDG[SmartSwitch]SDeviceInfo: addCategory : added ALARM           [3ms]
12-04 12:05:01.434   859   859 D MSDG[SmartSwitch]SDeviceInfo: addCategory : added WORLDCLOCK      [2ms]
12-04 12:05:01.444   859   859 D MSDG[SmartSwitch]SDeviceInfo: addCategory : added BOOKMARK        [1ms]
12-04 12:05:01.444   859   859 D MSDG[SmartSwitch]CommonUtil: isRightPermission[com.sec.android.app.sbrowser.permission.BACKUP_RESTORE] : true
12-04 12:05:01.444   859   859 D MSDG[SmartSwitch]SbrowserContentManager: Support
12-04 12:05:01.444   859   859 D MSDG[SmartSwitch]SDeviceInfo: addCategory : added SBROWSER        [6ms]
12-04 12:05:01.444   859   859 D MSDG[SmartSwitch]SDeviceInfo: addCategory : added EMAIL           [0ms]
12-04 12:05:01.454   859   859 D MSDG[SmartSwitch]SDeviceInfo: addCategory : added SHEALTH2        [1ms]
12-04 12:05:01.454   859   859 D MSDG[SmartSwitch]SDeviceInfo: addCategory : added BLOCKEDLIST     [1ms]
12-04 12:05:01.464   992  1202 I qti_sensorhub_hal: OEM_1_REPORT_IND
12-04 12:05:01.464   992  1202 D qti_sensorhub_hal: AutoRotation 1 ts: 1682355539
12-04 12:05:01.464  1465  2124 D SensorHubManager: onGetSensorHubDataLocked: library(4) = 1, 1, 7, 1
12-04 12:05:01.464  1465  2123 D CAE     : onGetSensorHubData(SensorHubParserProvider.java:92) - onGetSensorHubData Event [event buffer len :4], AP_WAKEUP
12-04 12:05:01.464  1465  2123 I CAE     : parse(SensorHubParserProvider.java:188) - buffer size = 4
12-04 12:05:01.464  1465  2123 I CAE     : parse(SensorHubParserProvider.java:199) - 1, 1, 7, 1,
12-04 12:05:01.464  1465  2123 D CAE     : display(ContextProvider.java:375) - ================= AUTO_ROTATION =================
12-04 12:05:01.464  1465  2123 I CAE     : display(ContextProvider.java:391) - Angle=[1]
12-04 12:05:01.464  1465  2126 D SContextService: updateSContext() : event = Auto Rotation
12-04 12:05:01.654   859   859 D MSDG[SmartSwitch]ApkBnrInfo: SKIP_PACKAGE [1] elapse:     201 
12-04 12:05:01.654   859   859 I MSDG[SmartSwitch]CommonUtil: isOMCModel - false
12-04 12:05:01.664   859   859 D MSDG[SmartSwitch]SDeviceInfo: addCategory : added APKLIST         [210ms]
12-04 12:05:01.664   859   859 D MSDG[SmartSwitch]SDeviceInfo: addCategory : added APKFILE         [0ms]
12-04 12:05:01.664   859   859 D MSDG[SmartSwitch]SDeviceInfo: addCategory : added KAKAOTALK       [2ms]
12-04 12:05:01.664   859   873 D MSDG[SmartSwitch]ApkBnrInfo: [_getObjApksPre:236] _getObjApksPre++
12-04 12:05:01.664   859   859 D MSDG[SmartSwitch]SDeviceInfo: addCategory : added WIFICONFIG      [2ms]
12-04 12:05:01.664   859   859 D MSDG[SmartSwitch]SDeviceInfo: addCategory : added SETTINGS        [0ms]
12-04 12:05:01.664   859   859 D MSDG[SmartSwitch]SDeviceInfo: addCategory : added LOCKSCREEN      [2ms]
12-04 12:05:01.684   859   859 D MSDG[SmartSwitch]CommonUtil: getBnRPkgName [com.sec.android.intent.action.REQUEST_BACKUP_WALLPAPER:1] is [com.sec.android.app.wallpaperchooser]
12-04 12:05:01.684   859   859 D MSDG[SmartSwitch]SDeviceInfo: addCategory : added WALLPAPER       [19ms]
12-04 12:05:01.694   859   859 D MSDG[SmartSwitch]SDeviceInfo: addCategory : added GALLERYEVENT    [2ms]
12-04 12:05:01.694   859   859 D MSDG[SmartSwitch]SDeviceInfo: addCategory : added HOTSPOTSETTING  [2ms]
12-04 12:05:01.694   859   859 D MSDG[SmartSwitch]SDeviceInfo: addCategory : added SAFETYSETTING   [1ms]
12-04 12:05:01.694   859   859 D MSDG[SmartSwitch]SDeviceInfo: addCategory : added RADIO           [1ms]
12-04 12:05:01.694   859   859 D MSDG[SmartSwitch]SDeviceInfo: addCategory : added PEOPLESTRIPE    [1ms]
12-04 12:05:01.704   859   859 D MSDG[SmartSwitch]SDeviceInfo: addCategory : added COCKTAILBARSERVICE [2ms]
12-04 12:05:01.704   859   859 D MSDG[SmartSwitch]SDeviceInfo: addCategory : added AODSERVICE      [2ms]
12-04 12:05:01.704   859   859 D MSDG[SmartSwitch]SDeviceInfo: addCategory : added APPSEDGEPANEL   [1ms]
12-04 12:05:01.704   859   859 D MSDG[SmartSwitch]SDeviceInfo: addCategory : added TASKEDGEPANEL   [1ms]
12-04 12:05:01.704   859   859 D MSDG[SmartSwitch]SDeviceInfo: addCategory : added MUSICSETTINGCHN [1ms]
12-04 12:05:01.714   859   859 D MSDG[SmartSwitch]CommonUtil: isRightPermission[com.sec.permission.BACKUP_RESTORE_HOMESCREEN] : true
12-04 12:05:01.714   859   859 D MSDG[SmartSwitch]HomeScreenContentManager: Support
12-04 12:05:01.734   859   859 D MSDG[SmartSwitch]SDeviceInfo: addCategory : added HOMESCREEN      [19ms]
12-04 12:05:01.734   859   859 D MSDG[SmartSwitch]SDeviceInfo: addCategory : added GALLERYWIDGET   [1ms]
12-04 12:05:01.734   859   859 D MSDG[SmartSwitch]SDeviceInfo: addCategory : added SNOTEWIDGET     [0ms]
12-04 12:05:01.734   859   859 D MSDG[SmartSwitch]SDeviceInfo: addCategory : added DUALCLOCKWIDGET [2ms]
12-04 12:05:01.734   859   859 D MSDG[SmartSwitch]SDeviceInfo: addCategory : added WEATHERSERVICE  [1ms]
12-04 12:05:01.734   859   859 D MSDG[SmartSwitch]SDeviceInfo: addCategory : added FIREWALL        [1ms]
12-04 12:05:01.734   859   859 D MSDG[SmartSwitch]SDeviceInfo: addCategory : added LOCATIONSERVICE [0ms]
12-04 12:05:01.734   859   859 D MSDG[SmartSwitch]SDeviceInfo: addCategory : added LOCATIONWIDGET  [0ms]
12-04 12:05:01.734   859   859 D MSDG[SmartSwitch]SDeviceInfo: addCategory : added MESSAGE         [1ms]
12-04 12:05:01.734   859   873 D MSDG[SmartSwitch]CommonUtil: PkgInfo[com.sec.android.gallery3d                         ] sysApk[O] allowBackup[O] sysOrigin[O] sysUpdated[X]
12-04 12:05:01.734   859   873 D MSDG[SmartSwitch]CommonUtil: PkgInfo[com.sec.android.app.camera                        ] sysApk[O] allowBackup[X] sysOrigin[O] sysUpdated[X]
12-04 12:05:01.734   859   873 D MSDG[SmartSwitch]CommonUtil: PkgInfo[com.android.contacts                              ] sysApk[O] allowBackup[O] sysOrigin[O] sysUpdated[X]
12-04 12:05:01.734   859   873 D MSDG[SmartSwitch]CommonUtil: PkgInfo[com.android.contacts                              ] sysApk[O] allowBackup[O] sysOrigin[O] sysUpdated[X]
12-04 12:05:01.734   859   873 D MSDG[SmartSwitch]CommonUtil: PkgInfo[com.samsung.android.email.provider                ] sysApk[O] allowBackup[X] sysOrigin[O] sysUpdated[X]
12-04 12:05:01.734   859   859 D MSDG[SmartSwitch]SDeviceInfo: addCategory : added FREEMESSAGE     [0ms]
12-04 12:05:01.734   859   873 D MSDG[SmartSwitch]CommonUtil: PkgInfo[com.android.mms                                   ] sysApk[O] allowBackup[X] sysOrigin[O] sysUpdated[X]
12-04 12:05:01.734   859   873 D MSDG[SmartSwitch]CommonUtil: PkgInfo[com.android.settings                              ] sysApk[O] allowBackup[X] sysOrigin[O] sysUpdated[X]
12-04 12:05:01.734   859   873 D MSDG[SmartSwitch]CommonUtil: PkgInfo[com.sec.android.app.sbrowser                      ] sysApk[O] allowBackup[O] sysOrigin[O] sysUpdated[X]
12-04 12:05:01.734   859   873 D MSDG[SmartSwitch]CommonUtil: PkgInfo[com.android.calendar                              ] sysApk[O] allowBackup[O] sysOrigin[O] sysUpdated[X]
12-04 12:05:01.734   859   873 D MSDG[SmartSwitch]CommonUtil: PkgInfo[com.google.android.talk                           ] sysApk[O] allowBackup[O] sysOrigin[O] sysUpdated[O]
12-04 12:05:01.734   859   873 D MSDG[SmartSwitch]CommonUtil: PkgInfo[com.android.chrome                                ] sysApk[O] allowBackup[O] sysOrigin[O] sysUpdated[O]
12-04 12:05:01.734   859   873 D MSDG[SmartSwitch]CommonUtil: PkgInfo[com.google.android.music                          ] sysApk[O] allowBackup[X] sysOrigin[O] sysUpdated[O]
12-04 12:05:01.734   859   873 D MSDG[SmartSwitch]CommonUtil: PkgInfo[com.google.android.youtube                        ] sysApk[O] allowBackup[O] sysOrigin[O] sysUpdated[O]
12-04 12:05:01.734   859   873 D MSDG[SmartSwitch]CommonUtil: PkgInfo[com.google.android.videos                         ] sysApk[O] allowBackup[O] sysOrigin[O] sysUpdated[O]
12-04 12:05:01.734   859   873 D MSDG[SmartSwitch]CommonUtil: PkgInfo[com.sec.android.app.shealth                       ] sysApk[O] allowBackup[X] sysOrigin[O] sysUpdated[O]
12-04 12:05:01.734   859   873 D MSDG[SmartSwitch]CommonUtil: PkgInfo[com.google.android.apps.walletnfcrel              ] sysApk[O] allowBackup[X] sysOrigin[O] sysUpdated[O]
12-04 12:05:01.734   859   873 D MSDG[SmartSwitch]CommonUtil: PkgInfo[com.google.android.apps.docs                      ] sysApk[O] allowBackup[O] sysOrigin[O] sysUpdated[O]
12-04 12:05:01.734   859   873 D MSDG[SmartSwitch]CommonUtil: PkgInfo[com.google.android.apps.photos                    ] sysApk[O] allowBackup[O] sysOrigin[O] sysUpdated[O]
12-04 12:05:01.734   859   873 D MSDG[SmartSwitch]CommonUtil: PkgInfo[com.google.android.gm                             ] sysApk[O] allowBackup[O] sysOrigin[O] sysUpdated[O]
12-04 12:05:01.734   859   873 D MSDG[SmartSwitch]CommonUtil: PkgInfo[com.android.vending                               ] sysApk[O] allowBackup[O] sysOrigin[O] sysUpdated[O]
12-04 12:05:01.734   859   873 D MSDG[SmartSwitch]CommonUtil: PkgInfo[com.shazam.android                                ] sysApk[X] allowBackup[O] sysOrigin[X] sysUpdated[X]
12-04 12:05:01.734   859   859 D MSDG[SmartSwitch]SDeviceInfo: addCategory : added PHOTO           [3ms]
12-04 12:05:01.734   859   859 D MSDG[SmartSwitch]SDeviceInfo: addCategory : added MUSIC           [1ms]
12-04 12:05:01.744   859   859 D MSDG[SmartSwitch]SDeviceInfo: addCategory : added VIDEO           [1ms]
12-04 12:05:01.744   859   859 D MSDG[SmartSwitch]SDeviceInfo: addCategory : added VOICERECORD     [1ms]
12-04 12:05:01.744   859   859 D MSDG[SmartSwitch]SDeviceInfo: addCategory : added DOCUMENT        [1ms]
12-04 12:05:01.744   859   859 E MSDG[SmartSwitch]CommonUtil: getPkgInfo ex[com.samsung.android.app.episodes]com.samsung.android.app.episodes
12-04 12:05:01.744   859   859 D MSDG[SmartSwitch]StoryAlbumContentManager: Not Support
12-04 12:05:01.744   859   859 D MSDG[SmartSwitch]SDeviceInfo: addCategory : added STORYALBUM      [2ms]
12-04 12:05:01.744   859   859 D MSDG[SmartSwitch]SDeviceInfo: addCategory : added PHOTO_SD        [1ms]
12-04 12:05:01.744   859   859 D MSDG[SmartSwitch]SDeviceInfo: addCategory : added MUSIC_SD        [0ms]
12-04 12:05:01.744   859   859 D MSDG[SmartSwitch]SDeviceInfo: addCategory : added VIDEO_SD        [1ms]
12-04 12:05:01.744   859   859 D MSDG[SmartSwitch]SDeviceInfo: addCategory : added VOICERECORD_SD  [1ms]
12-04 12:05:01.744   859   859 D MSDG[SmartSwitch]SDeviceInfo: addCategory : added DOCUMENT_SD     [0ms]
12-04 12:05:01.744   859   859 I MSDG[SmartSwitch]CategoryInfoManager: buildMyCategory End[364]
12-04 12:05:01.744   859   859 I MSDG[SmartSwitch]MainApp: buildMyDevice-- [elapse:     567]
12-04 12:05:01.754   859   859 D MSDG[SmartSwitch]SecOtgManager: addCallback cb : com.sec.android.easyMover.MainApp$2@d69ba3f
12-04 12:05:01.774   859   859 I MSDG[SmartSwitch]MainApp: onCreate-- [elapse:     807]
12-04 12:05:01.774   859   859 D InjectionManager: InjectionManager
12-04 12:05:01.774   859   859 D InjectionManager: fillFeatureStoreMap com.sec.android.easyMover
12-04 12:05:01.774   859   859 I InjectionManager: Constructor com.sec.android.easyMover, Feature store :{}
12-04 12:05:01.774   859   859 I InjectionManager: featureStore :{}
12-04 12:05:01.774   859   859 I MSDG[SmartSwitch]Receiver: Action = android.hardware.usb.action.USB_STATE
12-04 12:05:01.774   859   859 I MSDG[SmartSwitch]Receiver: usb state :false
12-04 12:05:01.784   859   859 D MSDG[SmartSwitch]RunPermissionManager: IKiesGetSetService onServiceConnected[{com.sec.android.Kies/com.sec.android.Kies.KiesGetSetService}]
12-04 12:05:01.784   859   859 D MSDG[SmartSwitch]OtgClientManager: EVENT - USB STATE status:false
12-04 12:05:01.784   859   859 D MSDG[SmartSwitch]OtgClientManager: EVENT - usb state change : false , event:DISCONNECTED
12-04 12:05:01.794   859   859 I MSDG[SmartSwitch]FinishApplicationService: create FinishApplicationService
12-04 12:05:01.794   859   859 I MSDG[SmartSwitch]FinishApplicationService: Start FinishApplicationService
12-04 12:05:01.904   992  1202 I qti_sensorhub_hal: OEM_1_REPORT_IND
12-04 12:05:01.904   992  1202 D qti_sensorhub_hal: AutoRotation 255 ts: 1682369861
12-04 12:05:01.904  1465  2124 D SensorHubManager: onGetSensorHubDataLocked: library(4) = 1, 1, 7, -1
12-04 12:05:01.904  1465  2123 D CAE     : onGetSensorHubData(SensorHubParserProvider.java:92) - onGetSensorHubData Event [event buffer len :4], AP_WAKEUP
12-04 12:05:01.904  1465  2123 I CAE     : parse(SensorHubParserProvider.java:188) - buffer size = 4
12-04 12:05:01.904  1465  2123 I CAE     : parse(SensorHubParserProvider.java:199) - 1, 1, 7, -1,
12-04 12:05:01.904  1465  2123 D CAE     : display(ContextProvider.java:375) - ================= AUTO_ROTATION =================
12-04 12:05:01.904  1465  2123 I CAE     : display(ContextProvider.java:391) - Angle=[-1]
12-04 12:05:01.904  1465  2126 D SContextService: updateSContext() : event = Auto Rotation
12-04 12:05:01.954   992  1202 I qti_sensorhub_hal: OEM_1_REPORT_IND
12-04 12:05:01.954   992  1202 D qti_sensorhub_hal: AutoRotation 1 ts: 1682371907
12-04 12:05:01.954  1465  2124 D SensorHubManager: onGetSensorHubDataLocked: library(4) = 1, 1, 7, 1
12-04 12:05:01.964  1465  2123 D CAE     : onGetSensorHubData(SensorHubParserProvider.java:92) - onGetSensorHubData Event [event buffer len :4], AP_WAKEUP
12-04 12:05:01.964  1465  2123 I CAE     : parse(SensorHubParserProvider.java:188) - buffer size = 4
12-04 12:05:01.964  1465  2123 I CAE     : parse(SensorHubParserProvider.java:199) - 1, 1, 7, 1,
12-04 12:05:01.964  1465  2123 D CAE     : display(ContextProvider.java:375) - ================= AUTO_ROTATION =================
12-04 12:05:01.964  1465  2123 I CAE     : display(ContextProvider.java:391) - Angle=[1]
12-04 12:05:01.964  1465  2126 D SContextService: updateSContext() : event = Auto Rotation
12-04 12:05:01.994   983   983 E installd: system dir 0 : /system/app/
12-04 12:05:01.994   983   983 E installd: system dir 1 : /system/priv-app/
12-04 12:05:01.994   983   983 E installd: system dir 2 : /vendor/app/
12-04 12:05:01.994   983   983 E installd: system dir 3 : /oem/app/
12-04 12:05:02.004 32319 32331 D VolumeInfo: VolumeInfo from Parcel: id private ,type 1 ,disk null
12-04 12:05:02.004 32319 32331 D VolumeInfo: VolumeInfo from Parcel: id emulated ,type 2 ,disk null
12-04 12:05:02.004 32319 32331 D VolumeInfo: VolumeInfo from Parcel: id privatemode ,type 0 ,disk null
12-04 12:05:02.014 32319 32330 D VolumeInfo: VolumeInfo from Parcel: id private ,type 1 ,disk null
12-04 12:05:02.014 32319 32330 D VolumeInfo: VolumeInfo from Parcel: id emulated ,type 2 ,disk null
12-04 12:05:02.014 32319 32330 D VolumeInfo: VolumeInfo from Parcel: id privatemode ,type 0 ,disk null
12-04 12:05:02.014  1465  1772 D PackageManager: remove MCS_UNBIND message and Posting MCS_UNBIND 10 secs later
12-04 12:05:02.014   859   869 D MSDG[SmartSwitch]ApkBnRHelper: getDataSizeAsync cb [com.shazam.android                                ] totalCodeSz[60915712] inSz[60915712]
12-04 12:05:02.024   859   873 D MSDG[SmartSwitch]CommonUtil: PkgInfo[com.infonow.bofa                                  ] sysApk[X] allowBackup[X] sysOrigin[X] sysUpdated[X]
12-04 12:05:02.024   859   873 D MSDG[SmartSwitch]CommonUtil: PkgInfo[com.google.android.apps.docs.editors.sheets       ] sysApk[X] allowBackup[O] sysOrigin[X] sysUpdated[X]
12-04 12:05:02.024   983   983 E installd: system dir 0 : /system/app/
12-04 12:05:02.024   983   983 E installd: system dir 1 : /system/priv-app/
12-04 12:05:02.024   983   983 E installd: system dir 2 : /vendor/app/
12-04 12:05:02.024   983   983 E installd: system dir 3 : /oem/app/
12-04 12:05:02.034   859   873 D MSDG[SmartSwitch]CommonUtil: PkgInfo[com.google.android.deskclock                      ] sysApk[X] allowBackup[X] sysOrigin[X] sysUpdated[X]
12-04 12:05:02.044  1465  1772 D PackageManager: remove MCS_UNBIND message and Posting MCS_UNBIND 10 secs later
12-04 12:05:02.044   983   983 E installd: system dir 0 : /system/app/
12-04 12:05:02.044   983   983 E installd: system dir 1 : /system/priv-app/
12-04 12:05:02.044   983   983 E installd: system dir 2 : /vendor/app/
12-04 12:05:02.044   983   983 E installd: system dir 3 : /oem/app/
12-04 12:05:02.044   859   869 D MSDG[SmartSwitch]ApkBnRHelper: getDataSizeAsync cb [com.infonow.bofa                                  ] totalCodeSz[69947392] inSz[69947392]
12-04 12:05:02.054   859   873 D MSDG[SmartSwitch]CommonUtil: PkgInfo[com.google.android.apps.magazines                 ] sysApk[X] allowBackup[X] sysOrigin[X] sysUpdated[X]
12-04 12:05:02.064   859   873 D MSDG[SmartSwitch]CommonUtil: PkgInfo[com.ulmon.android.playtokyoofflinemap             ] sysApk[X] allowBackup[O] sysOrigin[X] sysUpdated[X]
12-04 12:05:02.074   859   873 D MSDG[SmartSwitch]CommonUtil: PkgInfo[com.urbandroid.sleep                              ] sysApk[X] allowBackup[O] sysOrigin[X] sysUpdated[X]
12-04 12:05:02.074 32319 32331 D VolumeInfo: VolumeInfo from Parcel: id private ,type 1 ,disk null
12-04 12:05:02.074 32319 32331 D VolumeInfo: VolumeInfo from Parcel: id emulated ,type 2 ,disk null
12-04 12:05:02.074 32319 32331 D VolumeInfo: VolumeInfo from Parcel: id privatemode ,type 0 ,disk null
12-04 12:05:02.084  1465  1772 D PackageManager: remove MCS_UNBIND message and Posting MCS_UNBIND 10 secs later
12-04 12:05:02.084   859   869 D MSDG[SmartSwitch]ApkBnRHelper: getDataSizeAsync cb [com.google.android.apps.docs.editors.sheets       ] totalCodeSz[145596416] inSz[145596416]
12-04 12:05:02.084   859   873 D MSDG[SmartSwitch]CommonUtil: PkgInfo[com.google.android.calendar                       ] sysApk[X] allowBackup[O] sysOrigin[X] sysUpdated[X]
12-04 12:05:02.084   983   983 E installd: system dir 0 : /system/app/
12-04 12:05:02.084   983   983 E installd: system dir 1 : /system/priv-app/
12-04 12:05:02.084   983   983 E installd: system dir 2 : /vendor/app/
12-04 12:05:02.084   983   983 E installd: system dir 3 : /oem/app/
12-04 12:05:02.104   859   873 D MSDG[SmartSwitch]CommonUtil: PkgInfo[com.google.android.apps.docs.editors.docs         ] sysApk[X] allowBackup[O] sysOrigin[X] sysUpdated[X]
12-04 12:05:02.114  1465  1772 I PackageManager: Posting MCS_BOUND for next work in MCS_BOUND 
12-04 12:05:02.114   983   983 E installd: system dir 0 : /system/app/
12-04 12:05:02.114   983   983 E installd: system dir 1 : /system/priv-app/
12-04 12:05:02.114   983   983 E installd: system dir 2 : /vendor/app/
12-04 12:05:02.114   859   869 D MSDG[SmartSwitch]ApkBnRHelper: getDataSizeAsync cb [com.google.android.deskclock                      ] totalCodeSz[13099008] inSz[13099008]
12-04 12:05:02.114   983   983 E installd: system dir 3 : /oem/app/
12-04 12:05:02.114   859   873 D MSDG[SmartSwitch]CommonUtil: PkgInfo[com.amazon.mShop.android                          ] sysApk[O] allowBackup[O] sysOrigin[O] sysUpdated[X]
12-04 12:05:02.124   859   873 D MSDG[SmartSwitch]CommonUtil: PkgInfo[com.cequint.ecid                                  ] sysApk[O] allowBackup[X] sysOrigin[O] sysUpdated[X]
12-04 12:05:02.124   859   873 D MSDG[SmartSwitch]CommonUtil: PkgInfo[com.samsung.voiceserviceplatform                  ] sysApk[O] allowBackup[O] sysOrigin[O] sysUpdated[X]
12-04 12:05:02.124   859   873 D MSDG[SmartSwitch]CommonUtil: PkgInfo[com.sec.android.app.popupcalculator               ] sysApk[O] allowBackup[O] sysOrigin[O] sysUpdated[X]
12-04 12:05:02.124   859   873 D MSDG[SmartSwitch]CommonUtil: PkgInfo[com.sec.android.app.myfiles                       ] sysApk[O] allowBackup[O] sysOrigin[O] sysUpdated[X]
12-04 12:05:02.124   859   873 D MSDG[SmartSwitch]CommonUtil: PkgInfo[com.samsung.vvm                                   ] sysApk[O] allowBackup[X] sysOrigin[O] sysUpdated[X]
12-04 12:05:02.124   859   873 D MSDG[SmartSwitch]CommonUtil: PkgInfo[com.synchronoss.dcs.att.r2g                       ] sysApk[O] allowBackup[O] sysOrigin[O] sysUpdated[X]
12-04 12:05:02.124   859   873 D MSDG[SmartSwitch]CommonUtil: PkgInfo[com.sec.android.app.clockpackage                  ] sysApk[O] allowBackup[X] sysOrigin[O] sysUpdated[X]
12-04 12:05:02.124   859   873 D MSDG[SmartSwitch]CommonUtil: PkgInfo[com.sec.android.devicehelp                        ] sysApk[O] allowBackup[O] sysOrigin[O] sysUpdated[X]
12-04 12:05:02.124   859   873 D MSDG[SmartSwitch]CommonUtil: PkgInfo[com.directv.promo.shade                           ] sysApk[O] allowBackup[O] sysOrigin[O] sysUpdated[X]
12-04 12:05:02.124   859   873 D MSDG[SmartSwitch]CommonUtil: PkgInfo[com.samsung.android.app.memo                      ] sysApk[O] allowBackup[X] sysOrigin[O] sysUpdated[X]
12-04 12:05:02.124   859   873 D MSDG[SmartSwitch]CommonUtil: PkgInfo[com.sec.att.usagemanager3                         ] sysApk[O] allowBackup[O] sysOrigin[O] sysUpdated[X]
12-04 12:05:02.124   859   873 D MSDG[SmartSwitch]CommonUtil: PkgInfo[com.amazon.kindle                                 ] sysApk[O] allowBackup[X] sysOrigin[O] sysUpdated[O]
12-04 12:05:02.124   859   873 D MSDG[SmartSwitch]CommonUtil: PkgInfo[com.ubercab                                       ] sysApk[O] allowBackup[X] sysOrigin[O] sysUpdated[O]
12-04 12:05:02.124   859   873 D MSDG[SmartSwitch]CommonUtil: PkgInfo[com.att.myWireless                                ] sysApk[O] allowBackup[O] sysOrigin[O] sysUpdated[O]
12-04 12:05:02.124   859   873 D MSDG[SmartSwitch]CommonUtil: PkgInfo[com.drivemode                                     ] sysApk[O] allowBackup[O] sysOrigin[O] sysUpdated[O]
12-04 12:05:02.124   859   873 D MSDG[SmartSwitch]CommonUtil: PkgInfo[com.facebook.katana                               ] sysApk[O] allowBackup[X] sysOrigin[O] sysUpdated[O]
12-04 12:05:02.124   859   873 D MSDG[SmartSwitch]CommonUtil: PkgInfo[com.directv.dvrscheduler                          ] sysApk[O] allowBackup[X] sysOrigin[O] sysUpdated[O]
12-04 12:05:02.124   859   873 D MSDG[SmartSwitch]CommonUtil: PkgInfo[com.fullscreen.android                            ] sysApk[O] allowBackup[O] sysOrigin[O] sysUpdated[O]
12-04 12:05:02.124   859   873 D MSDG[SmartSwitch]CommonUtil: PkgInfo[com.americanexpress.plenti                        ] sysApk[O] allowBackup[X] sysOrigin[O] sysUpdated[O]
12-04 12:05:02.124   859   873 D MSDG[SmartSwitch]CommonUtil: PkgInfo[com.google.android.apps.maps                      ] sysApk[O] allowBackup[X] sysOrigin[O] sysUpdated[O]
12-04 12:05:02.124   859   873 D MSDG[SmartSwitch]CommonUtil: PkgInfo[com.google.android.googlequicksearchbox           ] sysApk[O] allowBackup[O] sysOrigin[O] sysUpdated[O]
12-04 12:05:02.124   859   873 D MSDG[SmartSwitch]CommonUtil: PkgInfo[com.google.android.googlequicksearchbox           ] sysApk[O] allowBackup[O] sysOrigin[O] sysUpdated[O]
12-04 12:05:02.124   859   873 D MSDG[SmartSwitch]CommonUtil: PkgInfo[com.lookout                                       ] sysApk[O] allowBackup[X] sysOrigin[O] sysUpdated[O]
12-04 12:05:02.124   859   873 D MSDG[SmartSwitch]CommonUtil: PkgInfo[com.locationlabs.cni.att                          ] sysApk[O] allowBackup[X] sysOrigin[O] sysUpdated[O]
12-04 12:05:02.124   859   873 D MSDG[SmartSwitch]CommonUtil: PkgInfo[com.sec.android.app.samsungapps                   ] sysApk[O] allowBackup[O] sysOrigin[O] sysUpdated[O]
12-04 12:05:02.124   859   873 D MSDG[SmartSwitch]CommonUtil: PkgInfo[com.att.android.digitallocker                     ] sysApk[O] allowBackup[O] sysOrigin[O] sysUpdated[O]
12-04 12:05:02.124   859   873 D MSDG[SmartSwitch]CommonUtil: PkgInfo[com.samsung.android.spay                          ] sysApk[O] allowBackup[O] sysOrigin[O] sysUpdated[O]
12-04 12:05:02.124   859   873 D MSDG[SmartSwitch]CommonUtil: PkgInfo[com.asurion.android.mobilerecovery.att            ] sysApk[O] allowBackup[X] sysOrigin[O] sysUpdated[O]
12-04 12:05:02.124   859   873 D MSDG[SmartSwitch]CommonUtil: PkgInfo[com.samsung.android.app.watchmanager              ] sysApk[O] allowBackup[X] sysOrigin[O] sysUpdated[O]
12-04 12:05:02.124   859   873 D MSDG[SmartSwitch]CommonUtil: PkgInfo[com.facebook.orca                                 ] sysApk[X] allowBackup[X] sysOrigin[X] sysUpdated[X]
12-04 12:05:02.124 32319 32330 D VolumeInfo: VolumeInfo from Parcel: id private ,type 1 ,disk null
12-04 12:05:02.124 32319 32330 D VolumeInfo: VolumeInfo from Parcel: id emulated ,type 2 ,disk null
12-04 12:05:02.124 32319 32330 D VolumeInfo: VolumeInfo from Parcel: id privatemode ,type 0 ,disk null
12-04 12:05:02.134 32319 32331 D VolumeInfo: VolumeInfo from Parcel: id private ,type 1 ,disk null
12-04 12:05:02.134 32319 32331 D VolumeInfo: VolumeInfo from Parcel: id emulated ,type 2 ,disk null
12-04 12:05:02.134 32319 32331 D VolumeInfo: VolumeInfo from Parcel: id privatemode ,type 0 ,disk null
12-04 12:05:02.144   859   873 D MSDG[SmartSwitch]CommonUtil: PkgInfo[com.neurosky.tutorial                             ] sysApk[X] allowBackup[O] sysOrigin[X] sysUpdated[X]
12-04 12:05:02.144  1465  1772 I PackageManager: Posting MCS_BOUND for next work in MCS_BOUND 
12-04 12:05:02.144   983   983 E installd: system dir 0 : /system/app/
12-04 12:05:02.144   983   983 E installd: system dir 1 : /system/priv-app/
12-04 12:05:02.144   983   983 E installd: system dir 2 : /vendor/app/
12-04 12:05:02.144   983   983 E installd: system dir 3 : /oem/app/
12-04 12:05:02.144   859   870 D MSDG[SmartSwitch]ApkBnRHelper: getDataSizeAsync cb [com.google.android.apps.magazines                 ] totalCodeSz[48037888] inSz[48037888]
12-04 12:05:02.154   859   873 D MSDG[SmartSwitch]CommonUtil: PkgInfo[com.google.android.play.games                     ] sysApk[X] allowBackup[X] sysOrigin[X] sysUpdated[X]
12-04 12:05:02.164 32319 32330 D VolumeInfo: VolumeInfo from Parcel: id private ,type 1 ,disk null
12-04 12:05:02.164 32319 32330 D VolumeInfo: VolumeInfo from Parcel: id emulated ,type 2 ,disk null
12-04 12:05:02.164 32319 32330 D VolumeInfo: VolumeInfo from Parcel: id privatemode ,type 0 ,disk null
12-04 12:05:02.174   859   873 D MSDG[SmartSwitch]CommonUtil: PkgInfo[com.google.android.inputmethod.korean             ] sysApk[X] allowBackup[O] sysOrigin[X] sysUpdated[X]
12-04 12:05:02.184   859   873 D MSDG[SmartSwitch]CommonUtil: PkgInfo[com.google.android.apps.plus                      ] sysApk[X] allowBackup[O] sysOrigin[X] sysUpdated[X]
12-04 12:05:02.204   859   873 D MSDG[SmartSwitch]CommonUtil: PkgInfo[off.guide.maps.kyoto                              ] sysApk[X] allowBackup[O] sysOrigin[X] sysUpdated[X]
12-04 12:05:02.214   859   873 D MSDG[SmartSwitch]CommonUtil: PkgInfo[com.amazon.clouddrive.photos                      ] sysApk[X] allowBackup[O] sysOrigin[X] sysUpdated[X]
12-04 12:05:02.224   859   873 D MSDG[SmartSwitch]CommonUtil: PkgInfo[com.google.android.inputmethod.latin              ] sysApk[X] allowBackup[O] sysOrigin[X] sysUpdated[X]
12-04 12:05:02.234  1465  1772 I PackageManager: Posting MCS_BOUND for next work in MCS_BOUND 
12-04 12:05:02.234   859   869 D MSDG[SmartSwitch]ApkBnRHelper: getDataSizeAsync cb [com.ulmon.android.playtokyoofflinemap             ] totalCodeSz[91029504] inSz[91029504]
12-04 12:05:02.234   983   983 E installd: system dir 0 : /system/app/
12-04 12:05:02.234   983   983 E installd: system dir 1 : /system/priv-app/
12-04 12:05:02.234   983   983 E installd: system dir 2 : /vendor/app/
12-04 12:05:02.234   983   983 E installd: system dir 3 : /oem/app/
12-04 12:05:02.244   859   873 D MSDG[SmartSwitch]CommonUtil: PkgInfo[com.thalmic.myoconnect                            ] sysApk[X] allowBackup[O] sysOrigin[X] sysUpdated[X]
12-04 12:05:02.244  1465  1772 I PackageManager: Posting MCS_BOUND for next work in MCS_BOUND 
12-04 12:05:02.244   859   870 D MSDG[SmartSwitch]ApkBnRHelper: getDataSizeAsync cb [com.urbandroid.sleep                              ] totalCodeSz[36909056] inSz[36909056]
12-04 12:05:02.254   983   983 E installd: system dir 0 : /system/app/
12-04 12:05:02.254   983   983 E installd: system dir 1 : /system/priv-app/
12-04 12:05:02.254   983   983 E installd: system dir 2 : /vendor/app/
12-04 12:05:02.254   983   983 E installd: system dir 3 : /oem/app/
12-04 12:05:02.254   859   873 D MSDG[SmartSwitch]CommonUtil: PkgInfo[com.mapmywalk.android2                            ] sysApk[X] allowBackup[O] sysOrigin[X] sysUpdated[X]
12-04 12:05:02.264   859   873 D MSDG[SmartSwitch]CommonUtil: PkgInfo[com.samsung.mdl.radio                             ] sysApk[X] allowBackup[O] sysOrigin[X] sysUpdated[X]
12-04 12:05:02.264  1465  1772 I PackageManager: Posting MCS_BOUND for next work in MCS_BOUND 
12-04 12:05:02.264   859   870 D MSDG[SmartSwitch]ApkBnRHelper: getDataSizeAsync cb [com.google.android.calendar                       ] totalCodeSz[46710784] inSz[46710784]
12-04 12:05:02.264   983   983 E installd: system dir 0 : /system/app/
12-04 12:05:02.264   983   983 E installd: system dir 1 : /system/priv-app/
12-04 12:05:02.264   983   983 E installd: system dir 2 : /vendor/app/
12-04 12:05:02.264   983   983 E installd: system dir 3 : /oem/app/
12-04 12:05:02.274   859   873 D MSDG[SmartSwitch]CommonUtil: PkgInfo[com.google.android.apps.books                     ] sysApk[X] allowBackup[O] sysOrigin[X] sysUpdated[X]
12-04 12:05:02.284   859   873 D MSDG[SmartSwitch]CommonUtil: PkgInfo[com.mapmyhike.android2                            ] sysApk[X] allowBackup[O] sysOrigin[X] sysUpdated[X]
12-04 12:05:02.284 32319 32331 D VolumeInfo: VolumeInfo from Parcel: id private ,type 1 ,disk null
12-04 12:05:02.284 32319 32331 D VolumeInfo: VolumeInfo from Parcel: id emulated ,type 2 ,disk null
12-04 12:05:02.284 32319 32331 D VolumeInfo: VolumeInfo from Parcel: id privatemode ,type 0 ,disk null
12-04 12:05:02.294  1465  1772 I PackageManager: Posting MCS_BOUND for next work in MCS_BOUND 
12-04 12:05:02.304   859   869 D MSDG[SmartSwitch]ApkBnRHelper: getDataSizeAsync cb [com.google.android.apps.docs.editors.docs         ] totalCodeSz[107364352] inSz[107364352]
12-04 12:05:02.304   983   983 E installd: system dir 0 : /system/app/
12-04 12:05:02.304   983   983 E installd: system dir 1 : /system/priv-app/
12-04 12:05:02.304   983   983 E installd: system dir 2 : /vendor/app/
12-04 12:05:02.304   983   983 E installd: system dir 3 : /oem/app/
12-04 12:05:02.304   859   873 D MSDG[SmartSwitch]CommonUtil: PkgInfo[com.starbucks.mobilecard                          ] sysApk[X] allowBackup[X] sysOrigin[X] sysUpdated[X]
12-04 12:05:02.324 32319 32330 D VolumeInfo: VolumeInfo from Parcel: id private ,type 1 ,disk null
12-04 12:05:02.324 32319 32330 D VolumeInfo: VolumeInfo from Parcel: id emulated ,type 2 ,disk null
12-04 12:05:02.324 32319 32330 D VolumeInfo: VolumeInfo from Parcel: id privatemode ,type 0 ,disk null
12-04 12:05:02.324 32319 32331 D VolumeInfo: VolumeInfo from Parcel: id private ,type 1 ,disk null
12-04 12:05:02.324 32319 32331 D VolumeInfo: VolumeInfo from Parcel: id emulated ,type 2 ,disk null
12-04 12:05:02.324 32319 32331 D VolumeInfo: VolumeInfo from Parcel: id privatemode ,type 0 ,disk null
12-04 12:05:02.334   859   873 D MSDG[SmartSwitch]CommonUtil: PkgInfo[com.microsoft.omeviewer                           ] sysApk[X] allowBackup[O] sysOrigin[X] sysUpdated[X]
12-04 12:05:02.344   859   873 D MSDG[SmartSwitch]CommonUtil: PkgInfo[com.potente.apk.installer                         ] sysApk[X] allowBackup[O] sysOrigin[X] sysUpdated[X]
12-04 12:05:02.344 32319 32330 D VolumeInfo: VolumeInfo from Parcel: id private ,type 1 ,disk null
12-04 12:05:02.344 32319 32330 D VolumeInfo: VolumeInfo from Parcel: id emulated ,type 2 ,disk null
12-04 12:05:02.344 32319 32330 D VolumeInfo: VolumeInfo from Parcel: id privatemode ,type 0 ,disk null
12-04 12:05:02.354  1465  1772 I PackageManager: Posting MCS_BOUND for next work in MCS_BOUND 
12-04 12:05:02.354   859   873 D MSDG[SmartSwitch]CommonUtil: PkgInfo[com.rovio.angrybirds                              ] sysApk[X] allowBackup[O] sysOrigin[X] sysUpdated[X]
12-04 12:05:02.354   859   870 D MSDG[SmartSwitch]ApkBnRHelper: getDataSizeAsync cb [com.facebook.orca                                 ] totalCodeSz[181338112] inSz[181338112]
12-04 12:05:02.354   983   983 E installd: system dir 0 : /system/app/
12-04 12:05:02.354   983   983 E installd: system dir 1 : /system/priv-app/
12-04 12:05:02.354   983   983 E installd: system dir 2 : /vendor/app/
12-04 12:05:02.354   983   983 E installd: system dir 3 : /oem/app/
12-04 12:05:02.364   859   873 D MSDG[SmartSwitch]CommonUtil: PkgInfo[com.google.android.inputmethod.pinyin             ] sysApk[X] allowBackup[O] sysOrigin[X] sysUpdated[X]
12-04 12:05:02.364  1465  1772 I PackageManager: Posting MCS_BOUND for next work in MCS_BOUND 
12-04 12:05:02.364   859   870 D MSDG[SmartSwitch]ApkBnRHelper: getDataSizeAsync cb [com.neurosky.tutorial                             ] totalCodeSz[6651904] inSz[6651904]
12-04 12:05:02.364   983   983 E installd: system dir 0 : /system/app/
12-04 12:05:02.364   983   983 E installd: system dir 1 : /system/priv-app/
12-04 12:05:02.364   983   983 E installd: system dir 2 : /vendor/app/
12-04 12:05:02.364   983   983 E installd: system dir 3 : /oem/app/
12-04 12:05:02.374   859   873 D MSDG[SmartSwitch]CommonUtil: PkgInfo[com.metromap.kyoto                                ] sysApk[X] allowBackup[O] sysOrigin[X] sysUpdated[X]
12-04 12:05:02.384   859   873 D MSDG[SmartSwitch]CommonUtil: PkgInfo[com.cibc.android.mobi                             ] sysApk[X] allowBackup[X] sysOrigin[X] sysUpdated[X]
12-04 12:05:02.384  1465  1772 I PackageManager: Posting MCS_BOUND for next work in MCS_BOUND 
12-04 12:05:02.384   859   869 D MSDG[SmartSwitch]ApkBnRHelper: getDataSizeAsync cb [com.google.android.play.games                     ] totalCodeSz[41193472] inSz[41193472]
12-04 12:05:02.384   983   983 E installd: system dir 0 : /system/app/
12-04 12:05:02.384   983   983 E installd: system dir 1 : /system/priv-app/
12-04 12:05:02.384   983   983 E installd: system dir 2 : /vendor/app/
12-04 12:05:02.384   983   983 E installd: system dir 3 : /oem/app/
12-04 12:05:02.394   859   873 D MSDG[SmartSwitch]CommonUtil: PkgInfo[com.google.android.apps.fitness                   ] sysApk[X] allowBackup[O] sysOrigin[X] sysUpdated[X]
12-04 12:05:02.394  1465  1772 I PackageManager: Posting MCS_BOUND for next work in MCS_BOUND 
12-04 12:05:02.394   859   870 D MSDG[SmartSwitch]ApkBnRHelper: getDataSizeAsync cb [com.google.android.inputmethod.korean             ] totalCodeSz[30056448] inSz[30056448]
12-04 12:05:02.394   983   983 E installd: system dir 0 : /system/app/
12-04 12:05:02.394   983   983 E installd: system dir 1 : /system/priv-app/
12-04 12:05:02.394   983   983 E installd: system dir 2 : /vendor/app/
12-04 12:05:02.394   983   983 E installd: system dir 3 : /oem/app/
12-04 12:05:02.404   859   873 D MSDG[SmartSwitch]CommonUtil: PkgInfo[kr.sira.compass                                   ] sysApk[X] allowBackup[O] sysOrigin[X] sysUpdated[X]
12-04 12:05:02.404   859   873 D MSDG[SmartSwitch]CommonUtil: PkgInfo[com.tkprof.eegreader                              ] sysApk[X] allowBackup[O] sysOrigin[X] sysUpdated[X]
12-04 12:05:02.404 32319 32331 D VolumeInfo: VolumeInfo from Parcel: id private ,type 1 ,disk null
12-04 12:05:02.404 32319 32331 D VolumeInfo: VolumeInfo from Parcel: id emulated ,type 2 ,disk null
12-04 12:05:02.404 32319 32331 D VolumeInfo: VolumeInfo from Parcel: id privatemode ,type 0 ,disk null
12-04 12:05:02.414 32319 32330 D VolumeInfo: VolumeInfo from Parcel: id private ,type 1 ,disk null
12-04 12:05:02.414 32319 32330 D VolumeInfo: VolumeInfo from Parcel: id emulated ,type 2 ,disk null
12-04 12:05:02.414 32319 32330 D VolumeInfo: VolumeInfo from Parcel: id privatemode ,type 0 ,disk null
12-04 12:05:02.414   859   873 D MSDG[SmartSwitch]CommonUtil: PkgInfo[wearablesoftware.wearappmanager                   ] sysApk[X] allowBackup[O] sysOrigin[X] sysUpdated[X]
12-04 12:05:02.414  1465  1772 I PackageManager: Posting MCS_BOUND for next work in MCS_BOUND 
12-04 12:05:02.414   983   983 E installd: system dir 0 : /system/app/
12-04 12:05:02.414   983   983 E installd: system dir 1 : /system/priv-app/
12-04 12:05:02.414   859   870 D MSDG[SmartSwitch]ApkBnRHelper: getDataSizeAsync cb [com.google.android.apps.plus                      ] totalCodeSz[84295680] inSz[84295680]
12-04 12:05:02.414   983   983 E installd: system dir 2 : /vendor/app/
12-04 12:05:02.414   983   983 E installd: system dir 3 : /oem/app/
12-04 12:05:02.424   859   873 D MSDG[SmartSwitch]CommonUtil: PkgInfo[com.SteelWoolStudios.KnockOffVR                   ] sysApk[X] allowBackup[O] sysOrigin[X] sysUpdated[X]
12-04 12:05:02.434  1465  1772 I PackageManager: Posting MCS_BOUND for next work in MCS_BOUND 
12-04 12:05:02.434   983   983 E installd: system dir 0 : /system/app/
12-04 12:05:02.434   983   983 E installd: system dir 1 : /system/priv-app/
12-04 12:05:02.434   983   983 E installd: system dir 2 : /vendor/app/
12-04 12:05:02.434   983   983 E installd: system dir 3 : /oem/app/
12-04 12:05:02.434   859   869 D MSDG[SmartSwitch]ApkBnRHelper: getDataSizeAsync cb [off.guide.maps.kyoto                              ] totalCodeSz[43380736] inSz[43380736]
12-04 12:05:02.434   859   873 D MSDG[SmartSwitch]CommonUtil: PkgInfo[com.sixdimensions.mirrortherapy                   ] sysApk[X] allowBackup[O] sysOrigin[X] sysUpdated[X]
12-04 12:05:02.434 32319 32331 D VolumeInfo: VolumeInfo from Parcel: id private ,type 1 ,disk null
12-04 12:05:02.434 32319 32331 D VolumeInfo: VolumeInfo from Parcel: id emulated ,type 2 ,disk null
12-04 12:05:02.434 32319 32331 D VolumeInfo: VolumeInfo from Parcel: id privatemode ,type 0 ,disk null
12-04 12:05:02.444 32319 32330 D VolumeInfo: VolumeInfo from Parcel: id private ,type 1 ,disk null
12-04 12:05:02.444 32319 32330 D VolumeInfo: VolumeInfo from Parcel: id emulated ,type 2 ,disk null
12-04 12:05:02.444 32319 32330 D VolumeInfo: VolumeInfo from Parcel: id privatemode ,type 0 ,disk null
12-04 12:05:02.444   859   873 D MSDG[SmartSwitch]CommonUtil: PkgInfo[com.oculus.horizon                                ] sysApk[X] allowBackup[X] sysOrigin[X] sysUpdated[X]
12-04 12:05:02.444   859   873 D MSDG[SmartSwitch]ApkBnrInfo: [_getObjApksPre:254] [SKIP-PKG] com.oculus.horizon                            [44417601]
12-04 12:05:02.444   859   873 D MSDG[SmartSwitch]CommonUtil: PkgInfo[com.audible.application                           ] sysApk[X] allowBackup[X] sysOrigin[X] sysUpdated[X]
12-04 12:05:02.444  1465  1772 I PackageManager: Posting MCS_BOUND for next work in MCS_BOUND 
12-04 12:05:02.454   983   983 E installd: system dir 0 : /system/app/
12-04 12:05:02.454   983   983 E installd: system dir 1 : /system/priv-app/
12-04 12:05:02.454   983   983 E installd: system dir 2 : /vendor/app/
12-04 12:05:02.454   983   983 E installd: system dir 3 : /oem/app/
12-04 12:05:02.454   859   870 D MSDG[SmartSwitch]ApkBnRHelper: getDataSizeAsync cb [com.amazon.clouddrive.photos                      ] totalCodeSz[67325952] inSz[67325952]
12-04 12:05:02.464   859   873 D MSDG[SmartSwitch]CommonUtil: PkgInfo[com.tripadvisor.tripadvisor                       ] sysApk[X] allowBackup[X] sysOrigin[X] sysUpdated[X]
12-04 12:05:02.464  1465  1772 I PackageManager: Posting MCS_BOUND for next work in MCS_BOUND 
12-04 12:05:02.464   859   870 D MSDG[SmartSwitch]ApkBnRHelper: getDataSizeAsync cb [com.google.android.inputmethod.latin              ] totalCodeSz[31879168] inSz[31879168]
12-04 12:05:02.464   983   983 E installd: system dir 0 : /system/app/
12-04 12:05:02.464   983   983 E installd: system dir 1 : /system/priv-app/
12-04 12:05:02.464   983   983 E installd: system dir 2 : /vendor/app/
12-04 12:05:02.464   983   983 E installd: system dir 3 : /oem/app/
12-04 12:05:02.474   859   873 D MSDG[SmartSwitch]CommonUtil: PkgInfo[org.zwanoo.android.speedtest                      ] sysApk[X] allowBackup[O] sysOrigin[X] sysUpdated[X]
12-04 12:05:02.474  1465  1772 I PackageManager: Posting MCS_BOUND for next work in MCS_BOUND 
12-04 12:05:02.474   983   983 E installd: system dir 0 : /system/app/
